  WLD_USDT / current ... trades=3 wr=100.0% R=2.137 pnl=653.49
  WLD_USDT / ms05 ... trades=3 wr=100.0% R=2.137 pnl=653.49
  WLD_USDT / ms12 ... trades=2 wr=100.0% R=1.811 pnl=364.28
  WLD_USDT / tp2 ... trades=3 wr=100.0% R=1.556 pnl=473.62
  WLD_USDT / tp4 ... trades=3 wr=100.0% R=2.891 pnl=889.05
  WLD_USDT / be1 ... trades=5 wr=40.0% R=0.908 pnl=455.59
  WLD_USDT / sig4 ... trades=3 wr=100.0% R=2.142 pnl=655.11
  TAO_USDT / current ... trades=85 wr=25.9% R=-0.075 pnl=-732.26
  TAO_USDT / ms05 ... trades=85 wr=25.9% R=-0.075 pnl=-732.26
  TAO_USDT / ms12 ... trades=3 wr=33.3% R=0.261 pnl=73.42
  TAO_USDT / tp2 ... trades=92 wr=32.6% R=-0.093 pnl=-904.62
  TAO_USDT / tp4 ... trades=74 wr=24.3% R=0.142 pnl=923.98
  TAO_USDT / be1 ... trades=94 wr=18.1% R=-0.049 pnl=-537.83
  TAO_USDT / sig4 ... trades=82 wr=24.4% R=-0.133 pnl=-1135.33
  HYPE_USDT / current ... trades=94 wr=28.7% R=0.024 pnl=79.84
  HYPE_USDT / ms05 ... trades=94 wr=28.7% R=0.024 pnl=80.70
  HYPE_USDT / ms12 ... trades=6 wr=50.0% R=0.675 pnl=402.39
  HYPE_USDT / tp2 ... trades=107 wr=35.5% R=-0.008 pnl=-194.01
  HYPE_USDT / tp4 ... trades=77 wr=23.4% R=0.064 pnl=333.85
  HYPE_USDT / be1 ... trades=106 wr=20.8% R=0.036 pnl=270.36
  HYPE_USDT / sig4 ... trades=93 wr=29.0% R=0.036 pnl=191.35
  LINK_USDT / current ... trades=90 wr=25.6% R=-0.088 pnl=-879.65
  LINK_USDT / ms05 ... trades=90 wr=25.6% R=-0.088 pnl=-879.65
  LINK_USDT / ms12 ... trades=3 wr=33.3% R=0.261 pnl=73.43
  LINK_USDT / tp2 ... trades=104 wr=33.7% R=-0.061 pnl=-718.79
  LINK_USDT / tp4 ... trades=72 wr=16.7% R=-0.244 pnl=-1718.38
  LINK_USDT / be1 ... trades=114 wr=16.7% R=-0.118 pnl=-1357.74
  LINK_USDT / sig4 ... trades=90 wr=25.6% R=-0.088 pnl=-879.65
  AVAX_USDT / current ... trades=63 wr=30.2% R=0.096 pnl=515.59
  AVAX_USDT / ms05 ... trades=63 wr=30.2% R=0.096 pnl=515.59
  AVAX_USDT / ms12 ... trades=5 wr=20.0% R=-0.260 pnl=-135.59
  AVAX_USDT / tp2 ... trades=71 wr=46.5% R=0.330 pnl=2532.77
  AVAX_USDT / tp4 ... trades=52 wr=25.0% R=0.179 pnl=844.85
  AVAX_USDT / be1 ... trades=72 wr=19.4% R=0.150 pnl=1065.39
  AVAX_USDT / sig4 ... trades=62 wr=32.3% R=0.177 pnl=1044.62
  SUI_USDT / current ... trades=71 wr=29.6% R=0.072 pnl=408.09
  SUI_USDT / ms05 ... trades=71 wr=29.6% R=0.072 pnl=408.09
  SUI_USDT / ms12 ... trades=5 wr=40.0% R=0.529 pnl=258.13
  SUI_USDT / tp2 ... trades=95 wr=38.9% R=0.100 pnl=879.94
  SUI_USDT / tp4 ... trades=64 wr=25.0% R=0.133 pnl=734.63
  SUI_USDT / be1 ... trades=97 wr=14.4% R=-0.097 pnl=-967.81
  SUI_USDT / sig4 ... trades=69 wr=31.9% R=0.162 pnl=1055.95
  PEPE_USDT / current ... trades=76 wr=25.0% R=-0.138 pnl=-1086.80
  PEPE_USDT / ms05 ... trades=76 wr=25.0% R=-0.138 pnl=-1086.88
  PEPE_USDT / ms12 ... trades=10 wr=20.0% R=-0.528 pnl=-521.97
  PEPE_USDT / tp2 ... trades=82 wr=31.7% R=-0.136 pnl=-1129.01
  PEPE_USDT / tp4 ... trades=72 wr=19.4% R=-0.150 pnl=-1143.42
  PEPE_USDT / be1 ... trades=82 wr=20.7% R=-0.022 pnl=-260.23
  PEPE_USDT / sig4 ... trades=72 wr=25.0% R=-0.139 pnl=-1042.63
  DOGE_USDT / current ... trades=77 wr=29.9% R=0.082 pnl=525.05
  DOGE_USDT / ms05 ... trades=77 wr=29.9% R=0.082 pnl=525.05
  DOGE_USDT / ms12 ... trades=3 wr=0.0% R=-1.046 pnl=-310.47
  DOGE_USDT / tp2 ... trades=96 wr=35.4% R=-0.007 pnl=-167.48
  DOGE_USDT / tp4 ... trades=64 wr=23.4% R=0.099 pnl=504.02
  DOGE_USDT / be1 ... trades=103 wr=13.6% R=-0.193 pnl=-1870.71
  DOGE_USDT / sig4 ... trades=82 wr=28.0% R=0.011 pnl=-37.79
  SEI_USDT / current ... trades=95 wr=22.1% R=-0.223 pnl=-2006.22
  SEI_USDT / ms05 ... trades=95 wr=22.1% R=-0.223 pnl=-2006.22
  SEI_USDT / ms12 ... trades=1 wr=0.0% R=-1.005 pnl=-100.50
  SEI_USDT / tp2 ... trades=108 wr=33.3% R=-0.071 pnl=-839.79
  SEI_USDT / tp4 ... trades=82 wr=14.6% R=-0.387 pnl=-2807.20
  SEI_USDT / be1 ... trades=124 wr=13.7% R=-0.195 pnl=-2225.21
  SEI_USDT / sig4 ... trades=92 wr=22.8% R=-0.194 pnl=-1740.41
  ORDI_USDT / current ... trades=153 wr=28.1% R=0.018 pnl=38.97
  ORDI_USDT / ms05 ... trades=153 wr=28.1% R=0.018 pnl=38.97
  ORDI_USDT / ms12 ... trades=16 wr=18.8% R=-0.307 pnl=-498.32
  ORDI_USDT / tp2 ... trades=166 wr=32.5% R=-0.091 pnl=-1545.48
  ORDI_USDT / tp4 ... trades=129 wr=22.5% R=0.054 pnl=429.91
  ORDI_USDT / be1 ... trades=166 wr=19.3% R=0.010 pnl=-4.04
  ORDI_USDT / sig4 ... trades=149 wr=28.2% R=0.021 pnl=88.60
  BASED_USDT / current ... trades=152 wr=28.3% R=0.026 pnl=163.21
  BASED_USDT / ms05 ... trades=152 wr=28.3% R=0.026 pnl=163.87
  BASED_USDT / ms12 ... trades=29 wr=31.0% R=0.153 pnl=406.22
  BASED_USDT / tp2 ... trades=159 wr=30.8% R=-0.139 pnl=-2108.43
  BASED_USDT / tp4 ... trades=140 wr=22.1% R=0.027 pnl=83.78
  BASED_USDT / be1 ... trades=163 wr=14.1% R=-0.215 pnl=-3050.36
  BASED_USDT / sig4 ... trades=149 wr=28.2% R=0.021 pnl=89.21
  ZEN_USDT / current ... trades=85 wr=23.5% R=-0.193 pnl=-1605.89
  ZEN_USDT / ms05 ... trades=85 wr=23.5% R=-0.193 pnl=-1605.89
  ZEN_USDT / ms12 ... trades=4 wr=75.0% R=1.309 pnl=528.26
  ZEN_USDT / tp2 ... trades=110 wr=33.6% R=-0.075 pnl=-889.89
  ZEN_USDT / tp4 ... trades=74 wr=21.6% R=-0.041 pnl=-442.89
  ZEN_USDT / be1 ... trades=108 wr=16.7% R=-0.140 pnl=-1489.63
  ZEN_USDT / sig4 ... trades=94 wr=23.4% R=-0.196 pnl=-1788.94

================ CONFIG RANKING (sum across all symbols) ================
ms12          87    31.0%     0.07      539.3    211.5
config    trades     win%     avgR   totalPnL     fees
tp4          903    21.8%    -0.00    -1367.8   3977.4
sig4        1037    27.3%    -0.03    -3499.9   4670.6
ms05        1044    27.2%    -0.03    -3925.1   4686.7
current     1044    27.2%    -0.03    -3926.6   4686.7
tp2         1193    34.5%    -0.04    -4611.2   5316.6
be1         1234    16.9%    -0.08    -9972.2   5346.0

================ PER-SYMBOL (current config) ================
AVAX_USDT    trades= 63  wr= 30.2%  avgR=  0.10  pnl=    515.6
DOGE_USDT    trades= 77  wr= 29.9%  avgR=  0.08  pnl=    525.0
SUI_USDT     trades= 71  wr= 29.6%  avgR=  0.07  pnl=    408.1
HYPE_USDT    trades= 94  wr= 28.7%  avgR=  0.02  pnl=     79.8
TAO_USDT     trades= 85  wr= 25.9%  avgR= -0.07  pnl=   -732.3
LINK_USDT    trades= 90  wr= 25.6%  avgR= -0.09  pnl=   -879.6
PEPE_USDT    trades= 76  wr= 25.0%  avgR= -0.14  pnl=  -1086.8
ZEN_USDT     trades= 85  wr= 23.5%  avgR= -0.19  pnl=  -1605.9
SEI_USDT     trades= 95  wr= 22.1%  avgR= -0.22  pnl=  -2006.2
WLD_USDT     trades=  3  wr=100.0%  avgR=  2.14  pnl=    653.5
ORDI_USDT    trades=153  wr= 28.1%  avgR=  0.02  pnl=     39.0
BASED_USDT   trades=152  wr= 28.3%  avgR=  0.03  pnl=    163.2
