  WLD_USDT / current ... trades=2 wr=100.0% R=1.831 pnl=368.40
  WLD_USDT / ms05 ... trades=2 wr=100.0% R=1.830 pnl=368.28
  WLD_USDT / ms12 ... trades=2 wr=100.0% R=1.820 pnl=366.22
  WLD_USDT / tp2 ... trades=2 wr=100.0% R=1.366 pnl=274.79
  WLD_USDT / tp4 ... trades=2 wr=100.0% R=2.367 pnl=476.44
  WLD_USDT / be1 ... trades=4 wr=25.0% R=0.433 pnl=170.09
  WLD_USDT / sig4 ... trades=2 wr=100.0% R=1.818 pnl=365.73
  TAO_USDT / current ... trades=10 wr=10.0% R=-0.675 pnl=-661.13
  TAO_USDT / ms05 ... trades=10 wr=10.0% R=-0.675 pnl=-661.13
  TAO_USDT / ms12 ... trades=3 wr=33.3% R=0.261 pnl=73.42
  TAO_USDT / tp2 ... trades=10 wr=20.0% R=-0.462 pnl=-459.47
  TAO_USDT / tp4 ... trades=10 wr=10.0% R=-0.565 pnl=-561.47
  TAO_USDT / be1 ... trades=10 wr=10.0% R=-0.375 pnl=-375.01
  TAO_USDT / sig4 ... trades=10 wr=10.0% R=-0.675 pnl=-661.13
  HYPE_USDT / current ... trades=21 wr=33.3% R=0.169 pnl=327.58
  HYPE_USDT / ms05 ... trades=21 wr=33.3% R=0.169 pnl=327.82
  HYPE_USDT / ms12 ... trades=6 wr=50.0% R=0.670 pnl=399.02
  HYPE_USDT / tp2 ... trades=21 wr=47.6% R=0.350 pnl=736.72
  HYPE_USDT / tp4 ... trades=20 wr=25.0% R=0.063 pnl=85.80
  HYPE_USDT / be1 ... trades=21 wr=28.6% R=0.220 pnl=445.67
  HYPE_USDT / sig4 ... trades=21 wr=33.3% R=0.168 pnl=324.29
  LINK_USDT / current ... trades=11 wr=54.5% R=1.066 pnl=1213.53
  LINK_USDT / ms05 ... trades=11 wr=54.5% R=1.066 pnl=1213.53
  LINK_USDT / ms12 ... trades=3 wr=33.3% R=0.261 pnl=73.43
  LINK_USDT / tp2 ... trades=12 wr=50.0% R=0.446 pnl=534.55
  LINK_USDT / tp4 ... trades=9 wr=66.7% R=2.282 pnl=2221.09
  LINK_USDT / be1 ... trades=12 wr=25.0% R=0.326 pnl=384.06
  LINK_USDT / sig4 ... trades=11 wr=54.5% R=1.066 pnl=1213.53
  AVAX_USDT / current ... trades=18 wr=33.3% R=0.239 pnl=407.02
  AVAX_USDT / ms05 ... trades=18 wr=33.3% R=0.239 pnl=407.02
  AVAX_USDT / ms12 ... trades=5 wr=20.0% R=-0.260 pnl=-135.59
  AVAX_USDT / tp2 ... trades=18 wr=50.0% R=0.449 pnl=818.65
  AVAX_USDT / tp4 ... trades=17 wr=35.3% R=0.711 pnl=1225.38
  AVAX_USDT / be1 ... trades=18 wr=22.2% R=0.193 pnl=332.84
  AVAX_USDT / sig4 ... trades=17 wr=35.3% R=0.314 pnl=516.86
  SUI_USDT / current ... trades=12 wr=41.7% R=0.576 pnl=690.06
  SUI_USDT / ms05 ... trades=12 wr=41.7% R=0.576 pnl=690.06
  SUI_USDT / ms12 ... trades=5 wr=40.0% R=0.529 pnl=258.13
  SUI_USDT / tp2 ... trades=12 wr=50.0% R=0.453 pnl=543.61
  SUI_USDT / tp4 ... trades=12 wr=41.7% R=0.830 pnl=1008.22
  SUI_USDT / be1 ... trades=12 wr=16.7% R=0.178 pnl=205.88
  SUI_USDT / sig4 ... trades=12 wr=41.7% R=0.576 pnl=690.06
  PEPE_USDT / current ... trades=25 wr=8.0% R=-0.844 pnl=-1916.76
  PEPE_USDT / ms05 ... trades=25 wr=8.0% R=-0.844 pnl=-1916.19
  PEPE_USDT / ms12 ... trades=10 wr=20.0% R=-0.507 pnl=-502.57
  PEPE_USDT / tp2 ... trades=25 wr=8.0% R=-0.881 pnl=-1988.71
  PEPE_USDT / tp4 ... trades=25 wr=8.0% R=-0.801 pnl=-1831.39
  PEPE_USDT / be1 ... trades=25 wr=8.0% R=-0.644 pnl=-1500.32
  PEPE_USDT / sig4 ... trades=24 wr=8.3% R=-0.834 pnl=-1827.64
  DOGE_USDT / current ... trades=14 wr=35.7% R=0.329 pnl=444.63
  DOGE_USDT / ms05 ... trades=14 wr=35.7% R=0.329 pnl=444.63
  DOGE_USDT / ms12 ... trades=3 wr=0.0% R=-1.046 pnl=-310.47
  DOGE_USDT / tp2 ... trades=15 wr=40.0% R=0.145 pnl=202.55
  DOGE_USDT / tp4 ... trades=14 wr=35.7% R=0.729 pnl=1026.92
  DOGE_USDT / be1 ... trades=15 wr=26.7% R=0.110 pnl=145.21
  DOGE_USDT / sig4 ... trades=14 wr=35.7% R=0.327 pnl=443.01
  SEI_USDT / current ... trades=10 wr=10.0% R=-0.678 pnl=-663.98
  SEI_USDT / ms05 ... trades=10 wr=10.0% R=-0.678 pnl=-663.98
  SEI_USDT / ms12 ... trades=1 wr=0.0% R=-1.005 pnl=-100.50
  SEI_USDT / tp2 ... trades=10 wr=20.0% R=-0.461 pnl=-458.28
  SEI_USDT / tp4 ... trades=10 wr=10.0% R=-0.564 pnl=-560.69
  SEI_USDT / be1 ... trades=10 wr=0.0% R=-0.468 pnl=-459.16
  SEI_USDT / sig4 ... trades=10 wr=10.0% R=-0.678 pnl=-663.98
  ORDI_USDT / current ... trades=46 wr=26.1% R=-0.041 pnl=-250.24
  ORDI_USDT / ms05 ... trades=46 wr=26.1% R=-0.041 pnl=-250.24
  ORDI_USDT / ms12 ... trades=16 wr=18.8% R=-0.307 pnl=-498.32
  ORDI_USDT / tp2 ... trades=47 wr=29.8% R=-0.160 pnl=-766.56
  ORDI_USDT / tp4 ... trades=44 wr=18.2% R=-0.148 pnl=-708.23
  ORDI_USDT / be1 ... trades=48 wr=18.8% R=-0.018 pnl=-133.27
  ORDI_USDT / sig4 ... trades=45 wr=26.7% R=-0.018 pnl=-144.25
  BASED_USDT / current ... trades=65 wr=26.2% R=-0.046 pnl=-386.23
  BASED_USDT / ms05 ... trades=65 wr=26.2% R=-0.047 pnl=-389.37
  BASED_USDT / ms12 ... trades=29 wr=31.0% R=0.146 pnl=383.80
  BASED_USDT / tp2 ... trades=66 wr=28.8% R=-0.186 pnl=-1213.07
  BASED_USDT / tp4 ... trades=65 wr=20.0% R=-0.086 pnl=-660.24
  BASED_USDT / be1 ... trades=68 wr=13.2% R=-0.288 pnl=-1826.89
  BASED_USDT / sig4 ... trades=63 wr=25.4% R=-0.077 pnl=-560.31
  ZEN_USDT / current ... trades=17 wr=17.6% R=-0.510 pnl=-845.70
  ZEN_USDT / ms05 ... trades=17 wr=17.6% R=-0.509 pnl=-844.08
  ZEN_USDT / ms12 ... trades=4 wr=75.0% R=1.320 pnl=532.60
  ZEN_USDT / tp2 ... trades=20 wr=25.0% R=-0.383 pnl=-751.76
  ZEN_USDT / tp4 ... trades=17 wr=17.6% R=-0.383 pnl=-652.90
  ZEN_USDT / be1 ... trades=20 wr=15.0% R=-0.297 pnl=-591.11
  ZEN_USDT / sig4 ... trades=19 wr=15.8% R=-0.575 pnl=-1051.02

================ CONFIG RANKING (sum across all symbols) ================
tp4          245    23.3%     0.04     1068.9    848.8
ms12          87    31.0%     0.07      539.2    211.5
config    trades     win%     avgR   totalPnL     fees
current      251    26.7%    -0.05    -1272.8    862.2
ms05         251    26.7%    -0.05    -1273.7    862.2
sig4         248    26.6%    -0.06    -1354.8    858.9
tp2          258    32.2%    -0.11    -2527.0    879.6
be1          263    16.7%    -0.13    -3202.0    891.1

================ PER-SYMBOL (current config) ================
LINK_USDT    trades= 11  wr= 54.5%  avgR=  1.07  pnl=   1213.5
SUI_USDT     trades= 12  wr= 41.7%  avgR=  0.58  pnl=    690.1
DOGE_USDT    trades= 14  wr= 35.7%  avgR=  0.33  pnl=    444.6
HYPE_USDT    trades= 21  wr= 33.3%  avgR=  0.17  pnl=    327.6
AVAX_USDT    trades= 18  wr= 33.3%  avgR=  0.24  pnl=    407.0
BASED_USDT   trades= 65  wr= 26.2%  avgR= -0.05  pnl=   -386.2
ORDI_USDT    trades= 46  wr= 26.1%  avgR= -0.04  pnl=   -250.2
ZEN_USDT     trades= 17  wr= 17.6%  avgR= -0.51  pnl=   -845.7
TAO_USDT     trades= 10  wr= 10.0%  avgR= -0.68  pnl=   -661.1
SEI_USDT     trades= 10  wr= 10.0%  avgR= -0.68  pnl=   -664.0
PEPE_USDT    trades= 25  wr=  8.0%  avgR= -0.84  pnl=  -1916.8
WLD_USDT     trades=  2  wr=100.0%  avgR=  1.83  pnl=    368.4
