[DB] Connecting to: postgres://PASTE_THE_FULL_URL_HERE
Fetching LINK_USDT Min5 for 60 days (offset 60d)...
Fetched 17280 candles

══════════════════════════════════════════════════════
  SNIPER BACKTEST  [LINK_USDT Min5 60d]
  entry=next-open  sigma=3.5  volMult=2  lev=3x  risk=1.0%  fees=0.020%  slip=0.030%  offset=60d
══════════════════════════════════════════════════════
  Trades:            75
  Win rate:          22.7%  (breakeven at 3:1 after costs is ~26-28%)
  Avg win:           211.41 USDT
  Avg loss:          97.63 USDT
  Expectancy:        -27.58 USDT/trade
  Avg R:             -0.298R
  Profit factor:     0.63
  Total PnL:         -2068.28 USDT (-20.7%)
  Total fees:        477.64 USDT
  Sharpe (per-trade):-0.209
  Max drawdown (MTM):26.1%

  By signal type:
    sweep    n=  71  win=22.5%  pnl=-1966.36  avgR=-0.30
    sigma    n=   4  win=25.0%  pnl=-101.93  avgR=-0.21

  By direction:
    long     n=  49  win=24.5%  pnl=-1086.58  avgR=-0.24
    short    n=  26  win=19.2%  pnl=-981.71  avgR=-0.41

  By exit reason:
    sl       n=  58  win=0.0%  pnl=-5662.28  avgR=-1.13
    tp       n=  16  win=100.0%  pnl=3591.64  avgR=2.69
    eod      n=   1  win=100.0%  pnl=2.36  avgR=0.03

  Stop-distance buckets (stop as % of entry):
    0.3-0.6%  n=  42  win=26.2%  avgR=-0.17
    0.6-1.0%  n=  27  win=11.1%  avgR=-0.66
    >=1.0%    n=   6  win=50.0%  avgR=0.44

  MFE before full-SL death (of 58 SL losers):
    >=+1R:   16 (28%)  <- a TP at 1R converts these
    >=+1.5R:    9 (16%)  <- a TP at 1.5R converts these
    >=+2R:    3 (5%)  <- a TP at 2R converts these
    >=+2.5R:    2 (3%)  <- a TP at 2.5R converts these

Per-trade CSV: sno60_LINK_USDT.csv
