[DB] Connecting to: postgres://PASTE_THE_FULL_URL_HERE
Fetching DOGE_USDT Min5 for 60 days (offset 60d)...
Fetched 17280 candles

══════════════════════════════════════════════════════
  SNIPER BACKTEST  [DOGE_USDT Min5 60d]
  entry=next-open  sigma=3.5  volMult=2  lev=3x  risk=1.0%  fees=0.020%  slip=0.030%  offset=60d
══════════════════════════════════════════════════════
  Trades:            144
  Win rate:          25.0%  (breakeven at 3:1 after costs is ~26-28%)
  Avg win:           229.76 USDT
  Avg loss:          100.44 USDT
  Expectancy:        -17.89 USDT/trade
  Avg R:             -0.193R
  Profit factor:     0.76
  Total PnL:         -2575.71 USDT (-25.8%)
  Total fees:        952.69 USDT
  Sharpe (per-trade):-0.123
  Max drawdown (MTM):34.5%

  By signal type:
    sweep    n= 137  win=24.1%  pnl=-2829.30  avgR=-0.23
    sigma    n=   7  win=42.9%  pnl=253.58  avgR=0.45

  By direction:
    short    n=  55  win=25.5%  pnl=-994.19  avgR=-0.17
    long     n=  89  win=24.7%  pnl=-1581.52  avgR=-0.21

  By exit reason:
    sl       n= 108  win=0.0%  pnl=-10847.01  avgR=-1.13
    tp       n=  35  win=100.0%  pnl=8269.42  avgR=2.70
    eod      n=   1  win=100.0%  pnl=1.88  avgR=0.03

  Stop-distance buckets (stop as % of entry):
    <0.3%     n=   2  win=50.0%  avgR=0.58
    0.3-0.6%  n=  78  win=24.4%  avgR=-0.24
    0.6-1.0%  n=  55  win=25.5%  avgR=-0.11
    >=1.0%    n=   9  win=22.2%  avgR=-0.50

  MFE before full-SL death (of 108 SL losers):
    >=+1R:   30 (28%)  <- a TP at 1R converts these
    >=+1.5R:   21 (19%)  <- a TP at 1.5R converts these
    >=+2R:   13 (12%)  <- a TP at 2R converts these
    >=+2.5R:    5 (5%)  <- a TP at 2.5R converts these

Per-trade CSV: sno60_DOGE_USDT.csv
