[DB] Connecting to: postgres://PASTE_THE_FULL_URL_HERE
Fetching SUI_USDT Min5 for 60 days (offset 60d)...
Fetched 17280 candles

══════════════════════════════════════════════════════
  SNIPER BACKTEST  [SUI_USDT Min5 60d]
  entry=next-open  sigma=3.5  volMult=2  lev=3x  risk=1.0%  fees=0.020%  slip=0.030%  offset=60d
══════════════════════════════════════════════════════
  Trades:            97
  Win rate:          26.8%  (breakeven at 3:1 after costs is ~26-28%)
  Avg win:           229.18 USDT
  Avg loss:          98.42 USDT
  Expectancy:        -10.61 USDT/trade
  Avg R:             -0.093R
  Profit factor:     0.85
  Total PnL:         -1029.45 USDT (-10.3%)
  Total fees:        504.95 USDT
  Sharpe (per-trade):-0.072
  Max drawdown (MTM):24.8%

  By signal type:
    sweep    n=  90  win=24.4%  pnl=-1613.43  avgR=-0.18
    sigma    n=   7  win=57.1%  pnl=583.98  avgR=1.03

  By direction:
    short    n=  42  win=31.0%  pnl=132.45  avgR=0.09
    long     n=  55  win=23.6%  pnl=-1161.90  avgR=-0.23

  By exit reason:
    sl       n=  71  win=0.0%  pnl=-6988.04  avgR=-1.10
    tp       n=  25  win=100.0%  pnl=5910.92  avgR=2.74
    eod      n=   1  win=100.0%  pnl=47.67  avgR=0.53

  Stop-distance buckets (stop as % of entry):
    <0.3%     n=   1  win=100.0%  avgR=2.44
    0.3-0.6%  n=  33  win=30.3%  avgR=0.00
    0.6-1.0%  n=  37  win=18.9%  avgR=-0.36
    >=1.0%    n=  26  win=30.8%  avgR=0.07

  MFE before full-SL death (of 71 SL losers):
    >=+1R:   30 (42%)  <- a TP at 1R converts these
    >=+1.5R:   19 (27%)  <- a TP at 1.5R converts these
    >=+2R:   13 (18%)  <- a TP at 2R converts these
    >=+2.5R:    4 (6%)  <- a TP at 2.5R converts these

Per-trade CSV: sno60_SUI_USDT.csv
