[DB] Connecting to: postgres://PASTE_THE_FULL_URL_HERE
Fetching XRP_USDT Min5 for 60 days (offset 120d)...
Fetched 17280 candles

══════════════════════════════════════════════════════
  SNIPER BACKTEST  [XRP_USDT Min5 60d]
  entry=next-open  sigma=3.5  volMult=2  lev=3x  risk=1.0%  fees=0.020%  slip=0.030%  offset=120d
══════════════════════════════════════════════════════
  Trades:            109
  Win rate:          27.5%  (breakeven at 3:1 after costs is ~26-28%)
  Avg win:           256.69 USDT
  Avg loss:          109.43 USDT
  Expectancy:        -8.66 USDT/trade
  Avg R:             -0.076R
  Profit factor:     0.89
  Total PnL:         -944.34 USDT (-9.4%)
  Total fees:        768.29 USDT
  Sharpe (per-trade):-0.053
  Max drawdown (MTM):16.7%

  By signal type:
    sweep    n=  99  win=30.3%  pnl=140.72  avgR=0.03
    sigma    n=  10  win=0.0%  pnl=-1085.06  avgR=-1.14

  By direction:
    long     n=  57  win=29.8%  pnl=-101.66  avgR=0.01
    short    n=  52  win=25.0%  pnl=-842.68  avgR=-0.17

  By exit reason:
    tp       n=  30  win=100.0%  pnl=7700.58  avgR=2.68
    sl       n=  79  win=0.0%  pnl=-8644.92  avgR=-1.12

  Stop-distance buckets (stop as % of entry):
    <0.3%     n=   2  win=0.0%  avgR=-1.24
    0.3-0.6%  n=  61  win=34.4%  avgR=0.15
    0.6-1.0%  n=  35  win=20.0%  avgR=-0.32
    >=1.0%    n=  11  win=18.2%  avgR=-0.34

  MFE before full-SL death (of 79 SL losers):
    >=+1R:   19 (24%)  <- a TP at 1R converts these
    >=+1.5R:    9 (11%)  <- a TP at 1.5R converts these
    >=+2R:    6 (8%)  <- a TP at 2R converts these
    >=+2.5R:    0 (0%)  <- a TP at 2.5R converts these

Per-trade CSV: sno120_XRP_USDT.csv
