[DB] Connecting to: postgresql://postgres:****@127.0.0.1:5432/fable_mexc_bot
Fetching SEI_USDT Min5 for 60 days (offset 0d)...
Fetched 17280 candles

══════════════════════════════════════════════════════
  SNIPER BACKTEST  [SEI_USDT Min5 60d]
  entry=next-open  sigma=3.5  volMult=2  lev=3x  risk=1.0%  fees=0.020%  slip=0.030%  beAt=1R
══════════════════════════════════════════════════════
  Trades:            164
  Win rate:          18.3%  (breakeven at 3:1 after costs is ~26-28%)
  Avg win:           200.64 USDT
  Avg loss:          66.78 USDT
  Expectancy:        -17.86 USDT/trade
  Avg R:             -0.200R
  Profit factor:     0.67
  Total PnL:         -2928.82 USDT (-29.3%)
  Total fees:        1100.53 USDT
  Sharpe (per-trade):-0.163
  Max drawdown (MTM):32.1%

  By signal type:
    sweep    n= 159  win=18.9%  pnl=-2438.57  avgR=-0.17
    sigma    n=   5  win=0.0%  pnl=-490.25  avgR=-1.16

  By direction:
    short    n=  71  win=19.7%  pnl=-1164.91  avgR=-0.15
    long     n=  93  win=17.2%  pnl=-1763.91  avgR=-0.23

  By exit reason:
    sl       n=  92  win=0.0%  pnl=-8478.24  avgR=-1.15
    tp       n=  30  win=100.0%  pnl=6019.31  avgR=2.64
    be       n=  42  win=0.0%  pnl=-469.89  avgR=-0.14

  Stop-distance buckets (stop as % of entry):
    <0.3%     n=   2  win=50.0%  avgR=1.09
    0.3-0.6%  n= 127  win=18.9%  avgR=-0.21
    0.6-1.0%  n=  31  win=16.1%  avgR=-0.15
    >=1.0%    n=   4  win=0.0%  avgR=-0.80

  MFE before full-SL death (of 92 SL losers):
    >=+1R:    0 (0%)  <- a TP at 1R converts these
    >=+1.5R:    0 (0%)  <- a TP at 1.5R converts these
    >=+2R:    0 (0%)  <- a TP at 2R converts these
    >=+2.5R:    0 (0%)  <- a TP at 2.5R converts these

Per-trade CSV: snbe_SEI_USDT.csv
