[DB] Connecting to: postgres://PASTE_THE_FULL_URL_HERE
Fetching NEAR_USDT Min5 for 60 days (offset 60d)...
Fetched 17280 candles

══════════════════════════════════════════════════════
  SNIPER BACKTEST  [NEAR_USDT Min5 60d]
  entry=next-open  sigma=3.5  volMult=2  lev=3x  risk=1.0%  fees=0.020%  slip=0.030%  minStop=0.6%  offset=60d
══════════════════════════════════════════════════════
  Trades:            96
  Win rate:          21.9%  (breakeven at 3:1 after costs is ~26-28%)
  Avg win:           237.50 USDT
  Avg loss:          96.34 USDT
  Expectancy:        -23.31 USDT/trade
  Avg R:             -0.251R
  Profit factor:     0.69
  Total PnL:         -2237.78 USDT (-22.4%)
  Total fees:        374.23 USDT
  Sharpe (per-trade):-0.165
  Max drawdown (MTM):29.5%
  Skipped (stop<0.6%): 38

  By signal type:
    sweep    n=  95  win=22.1%  pnl=-2147.70  avgR=-0.24
    sigma    n=   1  win=0.0%  pnl=-90.07  avgR=-1.10

  By direction:
    short    n=  51  win=21.6%  pnl=-1232.76  avgR=-0.23
    long     n=  45  win=22.2%  pnl=-1005.01  avgR=-0.27

  By exit reason:
    tp       n=  20  win=100.0%  pnl=4979.99  avgR=2.82
    sl       n=  75  win=0.0%  pnl=-7225.30  avgR=-1.08
    eod      n=   1  win=100.0%  pnl=7.54  avgR=0.10

  Stop-distance buckets (stop as % of entry):
    0.6-1.0%  n=  57  win=19.3%  avgR=-0.34
    >=1.0%    n=  39  win=25.6%  avgR=-0.12

  MFE before full-SL death (of 75 SL losers):
    >=+1R:   20 (27%)  <- a TP at 1R converts these
    >=+1.5R:   11 (15%)  <- a TP at 1.5R converts these
    >=+2R:    5 (7%)  <- a TP at 2R converts these
    >=+2.5R:    1 (1%)  <- a TP at 2.5R converts these
