[DB] Connecting to: postgres://PASTE_THE_FULL_URL_HERE
Fetching SEI_USDT Min5 for 60 days (offset 60d)...
Fetched 17280 candles

══════════════════════════════════════════════════════
  SNIPER BACKTEST  [SEI_USDT Min5 60d]
  entry=next-open  sigma=3.5  volMult=2  lev=3x  risk=1.0%  fees=0.020%  slip=0.030%  minStop=0.6%  offset=60d
══════════════════════════════════════════════════════
  Trades:            64
  Win rate:          25.0%  (breakeven at 3:1 after costs is ~26-28%)
  Avg win:           238.34 USDT
  Avg loss:          100.50 USDT
  Expectancy:        -15.79 USDT/trade
  Avg R:             -0.153R
  Profit factor:     0.79
  Total PnL:         -1010.44 USDT (-10.1%)
  Total fees:        292.12 USDT
  Sharpe (per-trade):-0.106
  Max drawdown (MTM):15.5%
  Skipped (stop<0.6%): 104

  By signal type:
    sweep    n=  64  win=25.0%  pnl=-1010.44  avgR=-0.15

  By direction:
    short    n=  22  win=31.8%  pnl=249.31  avgR=0.15
    long     n=  42  win=21.4%  pnl=-1259.75  avgR=-0.31

  By exit reason:
    sl       n=  48  win=0.0%  pnl=-4823.96  avgR=-1.09
    tp       n=  15  win=100.0%  pnl=3780.76  avgR=2.80
    eod      n=   1  win=100.0%  pnl=32.76  avgR=0.37

  Stop-distance buckets (stop as % of entry):
    0.6-1.0%  n=  52  win=23.1%  avgR=-0.20
    >=1.0%    n=  12  win=33.3%  avgR=0.05

  MFE before full-SL death (of 48 SL losers):
    >=+1R:   15 (31%)  <- a TP at 1R converts these
    >=+1.5R:    9 (19%)  <- a TP at 1.5R converts these
    >=+2R:    7 (15%)  <- a TP at 2R converts these
    >=+2.5R:    2 (4%)  <- a TP at 2.5R converts these
