[DB] Connecting to: postgresql://postgres:****@127.0.0.1:5432/fable_mexc_bot
Fetching TIA_USDT Min5 for 60 days (offset 60d)...
Fetched 17280 candles

══════════════════════════════════════════════════════
  SNIPER BACKTEST  [TIA_USDT Min5 60d]
  entry=next-open  sigma=3.5  volMult=2  lev=3x  risk=1.0%  fees=0.020%  slip=0.030%  beAt=1R  offset=60d
══════════════════════════════════════════════════════
  Trades:            163
  Win rate:          11.7%  (breakeven at 3:1 after costs is ~26-28%)
  Avg win:           181.09 USDT
  Avg loss:          56.85 USDT
  Expectancy:        -29.11 USDT/trade
  Avg R:             -0.386R
  Profit factor:     0.42
  Total PnL:         -4745.59 USDT (-47.5%)
  Total fees:        671.75 USDT
  Sharpe (per-trade):-0.349
  Max drawdown (MTM):50.3%

  By signal type:
    sweep    n= 157  win=12.1%  pnl=-4367.78  avgR=-0.37
    sigma    n=   6  win=0.0%  pnl=-377.81  avgR=-0.80

  By direction:
    long     n=  77  win=13.0%  pnl=-2176.41  avgR=-0.39
    short    n=  86  win=10.5%  pnl=-2569.18  avgR=-0.38

  By exit reason:
    be       n=  43  win=0.0%  pnl=-309.10  avgR=-0.10
    sl       n= 101  win=0.0%  pnl=-7877.25  avgR=-1.10
    tp       n=  19  win=100.0%  pnl=3440.76  avgR=2.77

  Stop-distance buckets (stop as % of entry):
    0.3-0.6%  n=  49  win=8.2%  avgR=-0.55
    0.6-1.0%  n=  78  win=11.5%  avgR=-0.40
    >=1.0%    n=  36  win=16.7%  avgR=-0.12

  MFE before full-SL death (of 101 SL losers):
    >=+1R:    2 (2%)  <- a TP at 1R converts these
    >=+1.5R:    0 (0%)  <- a TP at 1.5R converts these
    >=+2R:    0 (0%)  <- a TP at 2R converts these
    >=+2.5R:    0 (0%)  <- a TP at 2.5R converts these

Per-trade CSV: snbeo60_TIA_USDT.csv
