[DB] Connecting to: postgresql://postgres:****@127.0.0.1:5432/fable_mexc_bot
Fetching APT_USDT Min5 for 60 days (offset 0d)...
Fetched 17280 candles

══════════════════════════════════════════════════════
  SNIPER BACKTEST  [APT_USDT Min5 60d]
  entry=next-open  sigma=3.5  volMult=2  lev=3x  risk=1.0%  fees=0.020%  slip=0.030%  beAt=1R
══════════════════════════════════════════════════════
  Trades:            168
  Win rate:          20.8%  (breakeven at 3:1 after costs is ~26-28%)
  Avg win:           253.63 USDT
  Avg loss:          72.66 USDT
  Expectancy:        -4.68 USDT/trade
  Avg R:             -0.041R
  Profit factor:     0.92
  Total PnL:         -786.18 USDT (-7.9%)
  Total fees:        1312.65 USDT
  Sharpe (per-trade):-0.034
  Max drawdown (MTM):17.4%

  By signal type:
    sweep    n= 161  win=21.7%  pnl=-222.29  avgR=-0.01
    sigma    n=   7  win=0.0%  pnl=-563.89  avgR=-0.84

  By direction:
    long     n=  82  win=23.2%  pnl=-27.66  avgR=0.01
    short    n=  86  win=18.6%  pnl=-758.52  avgR=-0.09

  By exit reason:
    be       n=  52  win=0.0%  pnl=-750.33  avgR=-0.15
    sl       n=  81  win=0.0%  pnl=-8912.81  avgR=-1.15
    tp       n=  35  win=100.0%  pnl=8876.97  avgR=2.69

  Stop-distance buckets (stop as % of entry):
    <0.3%     n=   6  win=0.0%  avgR=-0.91
    0.3-0.6%  n= 110  win=18.2%  avgR=-0.17
    0.6-1.0%  n=  43  win=32.6%  avgR=0.43
    >=1.0%    n=   9  win=11.1%  avgR=-0.17

  MFE before full-SL death (of 81 SL losers):
    >=+1R:    0 (0%)  <- a TP at 1R converts these
    >=+1.5R:    0 (0%)  <- a TP at 1.5R converts these
    >=+2R:    0 (0%)  <- a TP at 2R converts these
    >=+2.5R:    0 (0%)  <- a TP at 2.5R converts these

Per-trade CSV: snbe_APT_USDT.csv
