[DB] Connecting to: postgres://PASTE_THE_FULL_URL_HERE
Fetching HYPE_USDT Min5 for 60 days (offset 60d)...
Fetched 17280 candles

══════════════════════════════════════════════════════
  SNIPER BACKTEST  [HYPE_USDT Min5 60d]
  entry=next-open  sigma=3.5  volMult=2  lev=3x  risk=1.0%  fees=0.020%  slip=0.030%  minStop=0.6%  offset=60d
══════════════════════════════════════════════════════
  Trades:            72
  Win rate:          22.2%  (breakeven at 3:1 after costs is ~26-28%)
  Avg win:           257.98 USDT
  Avg loss:          99.96 USDT
  Expectancy:        -20.41 USDT/trade
  Avg R:             -0.207R
  Profit factor:     0.74
  Total PnL:         -1469.85 USDT (-14.7%)
  Total fees:        289.56 USDT
  Sharpe (per-trade):-0.137
  Max drawdown (MTM):17.8%
  Skipped (stop<0.6%): 65

  By signal type:
    sweep    n=  70  win=21.4%  pnl=-1633.38  avgR=-0.24
    sigma    n=   2  win=50.0%  pnl=163.53  avgR=0.89

  By direction:
    short    n=  42  win=21.4%  pnl=-1009.64  avgR=-0.24
    long     n=  30  win=23.3%  pnl=-460.21  avgR=-0.16

  By exit reason:
    sl       n=  56  win=0.0%  pnl=-5597.61  avgR=-1.08
    tp       n=  16  win=100.0%  pnl=4127.76  avgR=2.84

  Stop-distance buckets (stop as % of entry):
    0.6-1.0%  n=  44  win=22.7%  avgR=-0.21
    >=1.0%    n=  28  win=21.4%  avgR=-0.21

  MFE before full-SL death (of 56 SL losers):
    >=+1R:   18 (32%)  <- a TP at 1R converts these
    >=+1.5R:   10 (18%)  <- a TP at 1.5R converts these
    >=+2R:    6 (11%)  <- a TP at 2R converts these
    >=+2.5R:    2 (4%)  <- a TP at 2.5R converts these
