[DB] Connecting to: postgres://PASTE_THE_FULL_URL_HERE
Fetching ENA_USDT Min5 for 60 days (offset 60d)...
Fetched 17280 candles

══════════════════════════════════════════════════════
  SNIPER BACKTEST  [ENA_USDT Min5 60d]
  entry=next-open  sigma=3.5  volMult=2  lev=3x  risk=1.0%  fees=0.020%  slip=0.030%  offset=60d
══════════════════════════════════════════════════════
  Trades:            118
  Win rate:          29.7%  (breakeven at 3:1 after costs is ~26-28%)
  Avg win:           273.11 USDT
  Avg loss:          110.57 USDT
  Expectancy:        3.23 USDT/trade
  Avg R:             0.047R
  Profit factor:     1.04
  Total PnL:         381.09 USDT (3.8%)
  Total fees:        693.94 USDT
  Sharpe (per-trade):0.018
  Max drawdown (MTM):16.6%

  By signal type:
    sweep    n= 113  win=30.1%  pnl=558.66  avgR=0.06
    sigma    n=   5  win=20.0%  pnl=-177.57  avgR=-0.31

  By direction:
    long     n=  64  win=34.4%  pnl=1392.69  avgR=0.23
    short    n=  54  win=24.1%  pnl=-1011.59  avgR=-0.18

  By exit reason:
    tp       n=  35  win=100.0%  pnl=9558.75  avgR=2.78
    sl       n=  83  win=0.0%  pnl=-9177.65  avgR=-1.11

  Stop-distance buckets (stop as % of entry):
    0.3-0.6%  n=  45  win=24.4%  avgR=-0.22
    0.6-1.0%  n=  39  win=28.2%  avgR=-0.00
    >=1.0%    n=  34  win=38.2%  avgR=0.46

  MFE before full-SL death (of 83 SL losers):
    >=+1R:   29 (35%)  <- a TP at 1R converts these
    >=+1.5R:   16 (19%)  <- a TP at 1.5R converts these
    >=+2R:    7 (8%)  <- a TP at 2R converts these
    >=+2.5R:    4 (5%)  <- a TP at 2.5R converts these

Per-trade CSV: sno60_ENA_USDT.csv
