[DB] Connecting to: postgres://PASTE_THE_FULL_URL_HERE
Fetching WIF_USDT Min5 for 60 days (offset 60d)...
Fetched 17280 candles

══════════════════════════════════════════════════════
  SNIPER BACKTEST  [WIF_USDT Min5 60d]
  entry=next-open  sigma=3.5  volMult=2  lev=3x  risk=1.0%  fees=0.020%  slip=0.030%  minStop=0.6%  offset=60d
══════════════════════════════════════════════════════
  Trades:            83
  Win rate:          24.1%  (breakeven at 3:1 after costs is ~26-28%)
  Avg win:           241.43 USDT
  Avg loss:          99.48 USDT
  Expectancy:        -17.34 USDT/trade
  Avg R:             -0.174R
  Profit factor:     0.77
  Total PnL:         -1439.02 USDT (-14.4%)
  Total fees:        362.42 USDT
  Sharpe (per-trade):-0.117
  Max drawdown (MTM):22.0%
  Skipped (stop<0.6%): 63

  By signal type:
    sweep    n=  83  win=24.1%  pnl=-1439.02  avgR=-0.17

  By direction:
    short    n=  33  win=30.3%  pnl=106.08  avgR=0.09
    long     n=  50  win=20.0%  pnl=-1545.10  avgR=-0.35

  By exit reason:
    tp       n=  19  win=100.0%  pnl=4795.09  avgR=2.82
    sl       n=  63  win=0.0%  pnl=-6267.54  avgR=-1.09
    eod      n=   1  win=100.0%  pnl=33.44  avgR=0.39

  Stop-distance buckets (stop as % of entry):
    0.6-1.0%  n=  59  win=20.3%  avgR=-0.31
    >=1.0%    n=  24  win=33.3%  avgR=0.16

  MFE before full-SL death (of 63 SL losers):
    >=+1R:   12 (19%)  <- a TP at 1R converts these
    >=+1.5R:    7 (11%)  <- a TP at 1.5R converts these
    >=+2R:    3 (5%)  <- a TP at 2R converts these
    >=+2.5R:    0 (0%)  <- a TP at 2.5R converts these
