[DB] Connecting to: postgres://PASTE_THE_FULL_URL_HERE
Fetching AVAX_USDT Min5 for 60 days (offset 120d)...
Fetched 17280 candles

══════════════════════════════════════════════════════
  SNIPER BACKTEST  [AVAX_USDT Min5 60d]
  entry=next-open  sigma=3.5  volMult=2  lev=3x  risk=1.0%  fees=0.020%  slip=0.030%  offset=120d
══════════════════════════════════════════════════════
  Trades:            159
  Win rate:          27.0%  (breakeven at 3:1 after costs is ~26-28%)
  Avg win:           231.55 USDT
  Avg loss:          100.18 USDT
  Expectancy:        -10.47 USDT/trade
  Avg R:             -0.099R
  Profit factor:     0.86
  Total PnL:         -1664.15 USDT (-16.6%)
  Total fees:        1054.06 USDT
  Sharpe (per-trade):-0.071
  Max drawdown (MTM):22.1%

  By signal type:
    sweep    n= 152  win=26.3%  pnl=-1868.18  avgR=-0.12
    sigma    n=   7  win=42.9%  pnl=204.03  avgR=0.45

  By direction:
    long     n=  79  win=21.5%  pnl=-2201.42  avgR=-0.31
    short    n=  80  win=32.5%  pnl=537.27  avgR=0.11

  By exit reason:
    sl       n= 116  win=0.0%  pnl=-11620.79  avgR=-1.13
    tp       n=  43  win=100.0%  pnl=9956.64  avgR=2.68

  Stop-distance buckets (stop as % of entry):
    <0.3%     n=   2  win=50.0%  avgR=0.59
    0.3-0.6%  n=  92  win=26.1%  avgR=-0.17
    0.6-1.0%  n=  54  win=31.5%  avgR=0.13
    >=1.0%    n=  11  win=9.1%  avgR=-0.70

  MFE before full-SL death (of 116 SL losers):
    >=+1R:   41 (35%)  <- a TP at 1R converts these
    >=+1.5R:   23 (20%)  <- a TP at 1.5R converts these
    >=+2R:   12 (10%)  <- a TP at 2R converts these
    >=+2.5R:    2 (2%)  <- a TP at 2.5R converts these

Per-trade CSV: sno120_AVAX_USDT.csv
