[DB] Connecting to: postgres://PASTE_THE_FULL_URL_HERE
Fetching AVAX_USDT Min5 for 60 days (offset 60d)...
Fetched 17280 candles

══════════════════════════════════════════════════════
  SNIPER BACKTEST  [AVAX_USDT Min5 60d]
  entry=next-open  sigma=3.5  volMult=2  lev=3x  risk=1.0%  fees=0.020%  slip=0.030%  offset=60d
══════════════════════════════════════════════════════
  Trades:            82
  Win rate:          25.6%  (breakeven at 3:1 after costs is ~26-28%)
  Avg win:           239.94 USDT
  Avg loss:          101.33 USDT
  Expectancy:        -13.93 USDT/trade
  Avg R:             -0.138R
  Profit factor:     0.82
  Total PnL:         -1142.23 USDT (-11.4%)
  Total fees:        511.25 USDT
  Sharpe (per-trade):-0.093
  Max drawdown (MTM):24.1%

  By signal type:
    sweep    n=  75  win=24.0%  pnl=-1409.42  avgR=-0.20
    sigma    n=   7  win=42.9%  pnl=267.19  avgR=0.51

  By direction:
    short    n=  35  win=31.4%  pnl=118.75  avgR=0.08
    long     n=  47  win=21.3%  pnl=-1260.99  avgR=-0.30

  By exit reason:
    sl       n=  61  win=0.0%  pnl=-6181.03  avgR=-1.12
    tp       n=  21  win=100.0%  pnl=5038.80  avgR=2.71

  Stop-distance buckets (stop as % of entry):
    <0.3%     n=   1  win=0.0%  avgR=-1.26
    0.3-0.6%  n=  37  win=29.7%  avgR=-0.03
    0.6-1.0%  n=  35  win=22.9%  avgR=-0.21
    >=1.0%    n=   9  win=22.2%  avgR=-0.18

  MFE before full-SL death (of 61 SL losers):
    >=+1R:   19 (31%)  <- a TP at 1R converts these
    >=+1.5R:   11 (18%)  <- a TP at 1.5R converts these
    >=+2R:    7 (11%)  <- a TP at 2R converts these
    >=+2.5R:    3 (5%)  <- a TP at 2.5R converts these

Per-trade CSV: sno60_AVAX_USDT.csv
