[DB] Connecting to: postgresql://postgres:****@127.0.0.1:5432/fable_mexc_bot
Fetching SEI_USDT Min5 for 60 days (offset 60d)...
Fetched 17280 candles

══════════════════════════════════════════════════════
  SNIPER BACKTEST  [SEI_USDT Min5 60d]
  entry=next-open  sigma=3.5  volMult=2  lev=3x  risk=1.0%  fees=0.020%  slip=0.030%  beAt=1R  offset=60d
══════════════════════════════════════════════════════
  Trades:            170
  Win rate:          18.8%  (breakeven at 3:1 after costs is ~26-28%)
  Avg win:           226.45 USDT
  Avg loss:          70.31 USDT
  Expectancy:        -14.45 USDT/trade
  Avg R:             -0.157R
  Profit factor:     0.75
  Total PnL:         -2455.71 USDT (-24.6%)
  Total fees:        1102.18 USDT
  Sharpe (per-trade):-0.118
  Max drawdown (MTM):31.9%

  By signal type:
    sweep    n= 169  win=18.9%  pnl=-2342.70  avgR=-0.15
    sigma    n=   1  win=0.0%  pnl=-113.01  avgR=-1.18

  By direction:
    short    n=  81  win=17.3%  pnl=-1546.04  avgR=-0.19
    long     n=  89  win=20.2%  pnl=-909.67  avgR=-0.12

  By exit reason:
    sl       n=  95  win=0.0%  pnl=-9207.79  avgR=-1.13
    be       n=  43  win=0.0%  pnl=-494.45  avgR=-0.13
    tp       n=  32  win=100.0%  pnl=7246.52  avgR=2.71

  Stop-distance buckets (stop as % of entry):
    <0.3%     n=   2  win=0.0%  avgR=-0.74
    0.3-0.6%  n= 105  win=20.0%  avgR=-0.18
    0.6-1.0%  n=  53  win=17.0%  avgR=-0.15
    >=1.0%    n=  10  win=20.0%  avgR=0.14

  MFE before full-SL death (of 95 SL losers):
    >=+1R:    0 (0%)  <- a TP at 1R converts these
    >=+1.5R:    0 (0%)  <- a TP at 1.5R converts these
    >=+2R:    0 (0%)  <- a TP at 2R converts these
    >=+2.5R:    0 (0%)  <- a TP at 2.5R converts these

Per-trade CSV: snbeo60_SEI_USDT.csv
