[DB] Connecting to: postgres://PASTE_THE_FULL_URL_HERE
Fetching ORDI_USDT Min5 for 60 days (offset 60d)...
Fetched 17280 candles

══════════════════════════════════════════════════════
  SNIPER BACKTEST  [ORDI_USDT Min5 60d]
  entry=next-open  sigma=3.5  volMult=2  lev=3x  risk=1.0%  fees=0.020%  slip=0.030%  minStop=0.6%  offset=60d
══════════════════════════════════════════════════════
  Trades:            117
  Win rate:          29.9%  (breakeven at 3:1 after costs is ~26-28%)
  Avg win:           273.96 USDT
  Avg loss:          109.45 USDT
  Expectancy:        5.24 USDT/trade
  Avg R:             0.066R
  Profit factor:     1.07
  Total PnL:         613.55 USDT (6.1%)
  Total fees:        522.38 USDT
  Sharpe (per-trade):0.030
  Max drawdown (MTM):12.0%
  Skipped (stop<0.6%): 50

  By signal type:
    sweep    n= 116  win=29.3%  pnl=343.02  avgR=0.04
    sigma    n=   1  win=100.0%  pnl=270.53  avgR=2.86

  By direction:
    short    n=  56  win=35.7%  pnl=1830.62  avgR=0.32
    long     n=  61  win=24.6%  pnl=-1217.07  avgR=-0.17

  By exit reason:
    tp       n=  34  win=100.0%  pnl=9576.83  avgR=2.83
    sl       n=  82  win=0.0%  pnl=-8974.95  avgR=-1.08
    eod      n=   1  win=100.0%  pnl=11.68  avgR=0.11

  Stop-distance buckets (stop as % of entry):
    0.6-1.0%  n=  70  win=24.3%  avgR=-0.15
    >=1.0%    n=  47  win=38.3%  avgR=0.39

  MFE before full-SL death (of 82 SL losers):
    >=+1R:   22 (27%)  <- a TP at 1R converts these
    >=+1.5R:   11 (13%)  <- a TP at 1.5R converts these
    >=+2R:    8 (10%)  <- a TP at 2R converts these
    >=+2.5R:    2 (2%)  <- a TP at 2.5R converts these
