[DB] Connecting to: postgres://PASTE_THE_FULL_URL_HERE
Fetching HYPE_USDT Min5 for 60 days (offset 60d)...
Fetched 17280 candles

══════════════════════════════════════════════════════
  SNIPER BACKTEST  [HYPE_USDT Min5 60d]
  entry=next-open  sigma=3.5  volMult=2  lev=3x  risk=1.0%  fees=0.020%  slip=0.030%  offset=60d
══════════════════════════════════════════════════════
  Trades:            128
  Win rate:          23.4%  (breakeven at 3:1 after costs is ~26-28%)
  Avg win:           242.51 USDT
  Avg loss:          100.13 USDT
  Expectancy:        -19.82 USDT/trade
  Avg R:             -0.214R
  Profit factor:     0.74
  Total PnL:         -2537.39 USDT (-25.4%)
  Total fees:        763.05 USDT
  Sharpe (per-trade):-0.136
  Max drawdown (MTM):30.0%

  By signal type:
    sweep    n= 123  win=23.6%  pnl=-2385.28  avgR=-0.21
    sigma    n=   5  win=20.0%  pnl=-152.12  avgR=-0.36

  By direction:
    long     n=  51  win=25.5%  pnl=-630.70  avgR=-0.13
    short    n=  77  win=22.1%  pnl=-1906.70  avgR=-0.27

  By exit reason:
    tp       n=  30  win=100.0%  pnl=7275.22  avgR=2.73
    sl       n=  98  win=0.0%  pnl=-9812.62  avgR=-1.12

  Stop-distance buckets (stop as % of entry):
    <0.3%     n=   3  win=33.3%  avgR=-0.01
    0.3-0.6%  n=  55  win=23.6%  avgR=-0.27
    0.6-1.0%  n=  42  win=23.8%  avgR=-0.17
    >=1.0%    n=  28  win=21.4%  avgR=-0.21

  MFE before full-SL death (of 98 SL losers):
    >=+1R:   24 (24%)  <- a TP at 1R converts these
    >=+1.5R:   12 (12%)  <- a TP at 1.5R converts these
    >=+2R:    6 (6%)  <- a TP at 2R converts these
    >=+2.5R:    2 (2%)  <- a TP at 2.5R converts these

Per-trade CSV: sno60_HYPE_USDT.csv
