[DB] Connecting to: postgresql://postgres:****@127.0.0.1:5432/fable_mexc_bot
Fetching TAO_USDT Min5 for 60 days (offset 60d)...
Fetched 17280 candles

══════════════════════════════════════════════════════
  SNIPER BACKTEST  [TAO_USDT Min5 60d]
  entry=next-open  sigma=3.5  volMult=2  lev=3x  risk=1.0%  fees=0.020%  slip=0.030%  beAt=1R  offset=60d
══════════════════════════════════════════════════════
  Trades:            45
  Win rate:          17.8%  (breakeven at 3:1 after costs is ~26-28%)
  Avg win:           265.14 USDT
  Avg loss:          68.58 USDT
  Expectancy:        -9.25 USDT/trade
  Avg R:             -0.085R
  Profit factor:     0.84
  Total PnL:         -416.46 USDT (-4.2%)
  Total fees:        260.91 USDT
  Sharpe (per-trade):-0.068
  Max drawdown (MTM):7.6%

  By signal type:
    sweep    n=  40  win=20.0%  pnl=-140.51  avgR=-0.03
    sigma    n=   5  win=0.0%  pnl=-275.95  avgR=-0.55

  By direction:
    short    n=  22  win=13.6%  pnl=-636.09  avgR=-0.29
    long     n=  23  win=21.7%  pnl=219.63  avgR=0.11

  By exit reason:
    sl       n=  22  win=0.0%  pnl=-2396.86  avgR=-1.10
    be       n=  15  win=0.0%  pnl=-140.74  avgR=-0.10
    tp       n=   8  win=100.0%  pnl=2121.14  avgR=2.74

  Stop-distance buckets (stop as % of entry):
    0.3-0.6%  n=  16  win=25.0%  avgR=0.05
    0.6-1.0%  n=  17  win=11.8%  avgR=-0.28
    >=1.0%    n=  12  win=16.7%  avgR=0.02

  MFE before full-SL death (of 22 SL losers):
    >=+1R:    0 (0%)  <- a TP at 1R converts these
    >=+1.5R:    0 (0%)  <- a TP at 1.5R converts these
    >=+2R:    0 (0%)  <- a TP at 2R converts these
    >=+2.5R:    0 (0%)  <- a TP at 2.5R converts these

Per-trade CSV: snbeo60_TAO_USDT.csv
