[DB] Connecting to: postgresql://postgres:****@127.0.0.1:5432/fable_mexc_bot
Fetching PEPE_USDT Min5 for 60 days (offset 60d)...
Fetched 17280 candles

══════════════════════════════════════════════════════
  SNIPER BACKTEST  [PEPE_USDT Min5 60d]
  entry=next-open  sigma=3.5  volMult=2  lev=3x  risk=1.0%  fees=0.020%  slip=0.030%  beAt=1R  offset=60d
══════════════════════════════════════════════════════
  Trades:            54
  Win rate:          25.9%  (breakeven at 3:1 after costs is ~26-28%)
  Avg win:           280.58 USDT
  Avg loss:          74.20 USDT
  Expectancy:        17.78 USDT/trade
  Avg R:             0.184R
  Profit factor:     1.32
  Total PnL:         960.09 USDT (9.6%)
  Total fees:        353.90 USDT
  Sharpe (per-trade):0.110
  Max drawdown (MTM):8.0%

  By signal type:
    sweep    n=  50  win=26.0%  pnl=853.77  avgR=0.18
    sigma    n=   4  win=25.0%  pnl=106.32  avgR=0.28

  By direction:
    long     n=  32  win=21.9%  pnl=140.51  avgR=0.06
    short    n=  22  win=31.8%  pnl=819.58  avgR=0.37

  By exit reason:
    sl       n=  24  win=0.0%  pnl=-2795.03  avgR=-1.11
    tp       n=  14  win=100.0%  pnl=3928.09  avgR=2.73
    be       n=  16  win=0.0%  pnl=-172.97  avgR=-0.10

  Stop-distance buckets (stop as % of entry):
    0.3-0.6%  n=  23  win=30.4%  avgR=0.22
    0.6-1.0%  n=  19  win=21.1%  avgR=-0.01
    >=1.0%    n=  12  win=25.0%  avgR=0.43

  MFE before full-SL death (of 24 SL losers):
    >=+1R:    0 (0%)  <- a TP at 1R converts these
    >=+1.5R:    0 (0%)  <- a TP at 1.5R converts these
    >=+2R:    0 (0%)  <- a TP at 2R converts these
    >=+2.5R:    0 (0%)  <- a TP at 2.5R converts these

Per-trade CSV: snbeo60_PEPE_USDT.csv
