[DB] Connecting to: postgres://PASTE_THE_FULL_URL_HERE
Fetching WIF_USDT Min5 for 60 days (offset 120d)...
Fetched 17280 candles

══════════════════════════════════════════════════════
  SNIPER BACKTEST  [WIF_USDT Min5 60d]
  entry=next-open  sigma=3.5  volMult=2  lev=3x  risk=1.0%  fees=0.020%  slip=0.030%  offset=120d
══════════════════════════════════════════════════════
  Trades:            145
  Win rate:          24.1%  (breakeven at 3:1 after costs is ~26-28%)
  Avg win:           235.90 USDT
  Avg loss:          96.06 USDT
  Expectancy:        -15.93 USDT/trade
  Avg R:             -0.168R
  Profit factor:     0.78
  Total PnL:         -2310.00 USDT (-23.1%)
  Total fees:        739.55 USDT
  Sharpe (per-trade):-0.112
  Max drawdown (MTM):27.8%

  By signal type:
    sweep    n= 139  win=23.7%  pnl=-2414.64  avgR=-0.18
    sigma    n=   6  win=33.3%  pnl=104.64  avgR=0.14

  By direction:
    long     n=  76  win=19.7%  pnl=-2317.08  avgR=-0.33
    short    n=  69  win=29.0%  pnl=7.08  avgR=0.01

  By exit reason:
    sl       n= 109  win=0.0%  pnl=-10526.13  avgR=-1.10
    tp       n=  35  win=100.0%  pnl=8256.41  avgR=2.74
    eod      n=   1  win=0.0%  pnl=-40.28  avgR=-0.52

  Stop-distance buckets (stop as % of entry):
    0.3-0.6%  n=  48  win=27.1%  avgR=-0.11
    0.6-1.0%  n=  71  win=26.8%  avgR=-0.05
    >=1.0%    n=  26  win=11.5%  avgR=-0.60

  MFE before full-SL death (of 109 SL losers):
    >=+1R:   29 (27%)  <- a TP at 1R converts these
    >=+1.5R:   18 (17%)  <- a TP at 1.5R converts these
    >=+2R:    9 (8%)  <- a TP at 2R converts these
    >=+2.5R:    3 (3%)  <- a TP at 2.5R converts these

Per-trade CSV: sno120_WIF_USDT.csv
