[DB] Connecting to: postgresql://postgres:****@127.0.0.1:5432/fable_mexc_bot
Fetching LINK_USDT Min5 for 60 days (offset 0d)...
Fetched 17280 candles

══════════════════════════════════════════════════════
  SNIPER BACKTEST  [LINK_USDT Min5 60d]
  entry=next-open  sigma=3.5  volMult=2  lev=3x  risk=1.0%  fees=0.020%  slip=0.030%  beAt=1R
══════════════════════════════════════════════════════
  Trades:            149
  Win rate:          16.1%  (breakeven at 3:1 after costs is ~26-28%)
  Avg win:           244.72 USDT
  Avg loss:          67.86 USDT
  Expectancy:        -17.51 USDT/trade
  Avg R:             -0.190R
  Profit factor:     0.69
  Total PnL:         -2609.45 USDT (-26.1%)
  Total fees:        1128.44 USDT
  Sharpe (per-trade):-0.142
  Max drawdown (MTM):34.6%

  By signal type:
    sweep    n= 145  win=15.9%  pnl=-2749.94  avgR=-0.20
    sigma    n=   4  win=25.0%  pnl=140.49  avgR=0.32

  By direction:
    long     n=  72  win=18.1%  pnl=-666.28  avgR=-0.08
    short    n=  77  win=14.3%  pnl=-1943.17  avgR=-0.29

  By exit reason:
    be       n=  51  win=0.0%  pnl=-683.43  avgR=-0.15
    tp       n=  24  win=100.0%  pnl=5873.23  avgR=2.66
    sl       n=  74  win=0.0%  pnl=-7799.24  avgR=-1.14

  Stop-distance buckets (stop as % of entry):
    <0.3%     n=   6  win=50.0%  avgR=0.75
    0.3-0.6%  n= 101  win=11.9%  avgR=-0.35
    0.6-1.0%  n=  36  win=19.4%  avgR=-0.01
    >=1.0%    n=   6  win=33.3%  avgR=0.58

  MFE before full-SL death (of 74 SL losers):
    >=+1R:    0 (0%)  <- a TP at 1R converts these
    >=+1.5R:    0 (0%)  <- a TP at 1.5R converts these
    >=+2R:    0 (0%)  <- a TP at 2R converts these
    >=+2.5R:    0 (0%)  <- a TP at 2.5R converts these

Per-trade CSV: snbe_LINK_USDT.csv
