[DB] Connecting to: postgresql://postgres:****@127.0.0.1:5432/fable_mexc_bot
Fetching SUI_USDT Min5 for 60 days (offset 0d)...
Fetched 17280 candles

══════════════════════════════════════════════════════
  SNIPER BACKTEST  [SUI_USDT Min5 60d]
  entry=next-open  sigma=3.5  volMult=2  lev=3x  risk=1.0%  fees=0.020%  slip=0.030%  beAt=1R
══════════════════════════════════════════════════════
  Trades:            127
  Win rate:          21.3%  (breakeven at 3:1 after costs is ~26-28%)
  Avg win:           242.55 USDT
  Avg loss:          71.15 USDT
  Expectancy:        -4.46 USDT/trade
  Avg R:             -0.036R
  Profit factor:     0.92
  Total PnL:         -565.97 USDT (-5.7%)
  Total fees:        975.54 USDT
  Sharpe (per-trade):-0.033
  Max drawdown (MTM):17.8%

  By signal type:
    sweep    n= 121  win=21.5%  pnl=-547.21  avgR=-0.04
    sigma    n=   6  win=16.7%  pnl=-18.77  avgR=-0.06

  By direction:
    long     n=  64  win=21.9%  pnl=9.69  avgR=0.02
    short    n=  63  win=20.6%  pnl=-575.66  avgR=-0.09

  By exit reason:
    sl       n=  62  win=0.0%  pnl=-6652.32  avgR=-1.15
    be       n=  38  win=0.0%  pnl=-462.40  avgR=-0.13
    tp       n=  27  win=100.0%  pnl=6548.74  avgR=2.66

  Stop-distance buckets (stop as % of entry):
    <0.3%     n=   2  win=0.0%  avgR=-1.24
    0.3-0.6%  n=  89  win=24.7%  avgR=0.02
    0.6-1.0%  n=  27  win=14.8%  avgR=-0.16
    >=1.0%    n=   9  win=11.1%  avgR=0.05

  MFE before full-SL death (of 62 SL losers):
    >=+1R:    0 (0%)  <- a TP at 1R converts these
    >=+1.5R:    0 (0%)  <- a TP at 1.5R converts these
    >=+2R:    0 (0%)  <- a TP at 2R converts these
    >=+2.5R:    0 (0%)  <- a TP at 2.5R converts these

Per-trade CSV: snbe_SUI_USDT.csv
