[DB] Connecting to: postgres://PASTE_THE_FULL_URL_HERE
Fetching PEPE_USDT Min5 for 60 days (offset 60d)...
Fetched 17280 candles

══════════════════════════════════════════════════════
  SNIPER BACKTEST  [PEPE_USDT Min5 60d]
  entry=next-open  sigma=3.5  volMult=2  lev=3x  risk=1.0%  fees=0.020%  slip=0.030%  minStop=0.6%  offset=60d
══════════════════════════════════════════════════════
  Trades:            32
  Win rate:          43.8%  (breakeven at 3:1 after costs is ~26-28%)
  Avg win:           289.29 USDT
  Avg loss:          121.29 USDT
  Expectancy:        58.34 USDT/trade
  Avg R:             0.554R
  Profit factor:     1.86
  Total PnL:         1866.82 USDT (18.7%)
  Total fees:        153.69 USDT
  Sharpe (per-trade):0.279
  Max drawdown (MTM):8.2%
  Skipped (stop<0.6%): 19

  By signal type:
    sweep    n=  30  win=43.3%  pnl=1672.57  avgR=0.54
    sigma    n=   2  win=50.0%  pnl=194.25  avgR=0.83

  By direction:
    short    n=  10  win=50.0%  pnl=877.92  avgR=0.86
    long     n=  22  win=40.9%  pnl=988.90  avgR=0.41

  By exit reason:
    tp       n=  13  win=100.0%  pnl=4003.76  avgR=2.82
    sl       n=  18  win=0.0%  pnl=-2183.27  avgR=-1.08
    eod      n=   1  win=100.0%  pnl=46.33  avgR=0.39

  Stop-distance buckets (stop as % of entry):
    0.6-1.0%  n=  19  win=36.8%  avgR=0.34
    >=1.0%    n=  13  win=53.8%  avgR=0.87

  MFE before full-SL death (of 18 SL losers):
    >=+1R:    6 (33%)  <- a TP at 1R converts these
    >=+1.5R:    4 (22%)  <- a TP at 1.5R converts these
    >=+2R:    3 (17%)  <- a TP at 2R converts these
    >=+2.5R:    1 (6%)  <- a TP at 2.5R converts these
