[DB] Connecting to: postgresql://postgres:****@127.0.0.1:5432/fable_mexc_bot
Fetching WLD_USDT Min5 for 60 days (offset 60d)...
Fetched 17280 candles

══════════════════════════════════════════════════════
  SNIPER BACKTEST  [WLD_USDT Min5 60d]
  entry=next-open  sigma=3.5  volMult=2  lev=3x  risk=1.0%  fees=0.020%  slip=0.030%  beAt=1R  offset=60d
══════════════════════════════════════════════════════
  Trades:            147
  Win rate:          20.4%  (breakeven at 3:1 after costs is ~26-28%)
  Avg win:           259.73 USDT
  Avg loss:          73.06 USDT
  Expectancy:        -5.15 USDT/trade
  Avg R:             -0.043R
  Profit factor:     0.91
  Total PnL:         -756.59 USDT (-7.6%)
  Total fees:        735.90 USDT
  Sharpe (per-trade):-0.037
  Max drawdown (MTM):19.6%

  By signal type:
    sweep    n= 143  win=20.3%  pnl=-779.77  avgR=-0.05
    sigma    n=   4  win=25.0%  pnl=23.18  avgR=0.12

  By direction:
    short    n=  70  win=18.6%  pnl=-612.44  avgR=-0.09
    long     n=  77  win=22.1%  pnl=-144.15  avgR=-0.00

  By exit reason:
    sl       n=  79  win=0.0%  pnl=-8219.14  avgR=-1.09
    be       n=  38  win=0.0%  pnl=-329.42  avgR=-0.09
    tp       n=  30  win=100.0%  pnl=7791.96  avgR=2.77

  Stop-distance buckets (stop as % of entry):
    0.3-0.6%  n=  38  win=23.7%  avgR=0.02
    0.6-1.0%  n=  59  win=22.0%  avgR=0.03
    >=1.0%    n=  50  win=16.0%  avgR=-0.18

  MFE before full-SL death (of 79 SL losers):
    >=+1R:    1 (1%)  <- a TP at 1R converts these
    >=+1.5R:    1 (1%)  <- a TP at 1.5R converts these
    >=+2R:    1 (1%)  <- a TP at 2R converts these
    >=+2.5R:    1 (1%)  <- a TP at 2.5R converts these

Per-trade CSV: snbeo60_WLD_USDT.csv
