[DB] Connecting to: postgres://PASTE_THE_FULL_URL_HERE
Fetching DOGE_USDT Min5 for 60 days (offset 120d)...
Fetched 17280 candles

══════════════════════════════════════════════════════
  SNIPER BACKTEST  [DOGE_USDT Min5 60d]
  entry=next-open  sigma=3.5  volMult=2  lev=3x  risk=1.0%  fees=0.020%  slip=0.030%  offset=120d
══════════════════════════════════════════════════════
  Trades:            160
  Win rate:          25.0%  (breakeven at 3:1 after costs is ~26-28%)
  Avg win:           215.12 USDT
  Avg loss:          93.74 USDT
  Expectancy:        -16.53 USDT/trade
  Avg R:             -0.173R
  Profit factor:     0.76
  Total PnL:         -2644.37 USDT (-26.4%)
  Total fees:        940.32 USDT
  Sharpe (per-trade):-0.122
  Max drawdown (MTM):32.8%

  By signal type:
    sweep    n= 152  win=25.7%  pnl=-2196.34  avgR=-0.15
    sigma    n=   8  win=12.5%  pnl=-448.03  avgR=-0.69

  By direction:
    long     n=  88  win=27.3%  pnl=-992.20  avgR=-0.09
    short    n=  72  win=22.2%  pnl=-1652.17  avgR=-0.28

  By exit reason:
    sl       n= 120  win=0.0%  pnl=-11249.10  avgR=-1.12
    tp       n=  40  win=100.0%  pnl=8604.73  avgR=2.67

  Stop-distance buckets (stop as % of entry):
    <0.3%     n=   5  win=60.0%  avgR=0.96
    0.3-0.6%  n=  83  win=31.3%  avgR=0.03
    0.6-1.0%  n=  55  win=16.4%  avgR=-0.46
    >=1.0%    n=  17  win=11.8%  avgR=-0.59

  MFE before full-SL death (of 120 SL losers):
    >=+1R:   39 (33%)  <- a TP at 1R converts these
    >=+1.5R:   25 (21%)  <- a TP at 1.5R converts these
    >=+2R:   10 (8%)  <- a TP at 2R converts these
    >=+2.5R:    2 (2%)  <- a TP at 2.5R converts these

Per-trade CSV: sno120_DOGE_USDT.csv
