[DB] Connecting to: postgres://PASTE_THE_FULL_URL_HERE
Fetching ENA_USDT Min5 for 60 days (offset 60d)...
Fetched 17280 candles

══════════════════════════════════════════════════════
  SNIPER BACKTEST  [ENA_USDT Min5 60d]
  entry=next-open  sigma=3.5  volMult=2  lev=3x  risk=1.0%  fees=0.020%  slip=0.030%  minStop=0.6%  offset=60d
══════════════════════════════════════════════════════
  Trades:            73
  Win rate:          32.9%  (breakeven at 3:1 after costs is ~26-28%)
  Avg win:           292.77 USDT
  Avg loss:          112.18 USDT
  Expectancy:        20.95 USDT/trade
  Avg R:             0.212R
  Profit factor:     1.28
  Total PnL:         1529.58 USDT (15.3%)
  Total fees:        320.08 USDT
  Sharpe (per-trade):0.110
  Max drawdown (MTM):11.7%
  Skipped (stop<0.6%): 48

  By signal type:
    sweep    n=  70  win=32.9%  pnl=1461.34  avgR=0.21
    sigma    n=   3  win=33.3%  pnl=68.23  avgR=0.25

  By direction:
    short    n=  32  win=31.3%  pnl=429.18  avgR=0.14
    long     n=  41  win=34.1%  pnl=1100.40  avgR=0.27

  By exit reason:
    tp       n=  24  win=100.0%  pnl=7026.46  avgR=2.84
    sl       n=  49  win=0.0%  pnl=-5496.89  avgR=-1.08

  Stop-distance buckets (stop as % of entry):
    0.6-1.0%  n=  39  win=28.2%  avgR=-0.00
    >=1.0%    n=  34  win=38.2%  avgR=0.46

  MFE before full-SL death (of 49 SL losers):
    >=+1R:   17 (35%)  <- a TP at 1R converts these
    >=+1.5R:   10 (20%)  <- a TP at 1.5R converts these
    >=+2R:    6 (12%)  <- a TP at 2R converts these
    >=+2.5R:    3 (6%)  <- a TP at 2.5R converts these
