[DB] Connecting to: postgres://PASTE_THE_FULL_URL_HERE
Fetching SEI_USDT Min5 for 60 days (offset 120d)...
Fetched 17280 candles

══════════════════════════════════════════════════════
  SNIPER BACKTEST  [SEI_USDT Min5 60d]
  entry=next-open  sigma=3.5  volMult=2  lev=3x  risk=1.0%  fees=0.020%  slip=0.030%  offset=120d
══════════════════════════════════════════════════════
  Trades:            139
  Win rate:          18.7%  (breakeven at 3:1 after costs is ~26-28%)
  Avg win:           207.25 USDT
  Avg loss:          87.73 USDT
  Expectancy:        -32.55 USDT/trade
  Avg R:             -0.422R
  Profit factor:     0.54
  Total PnL:         -4524.67 USDT (-45.2%)
  Total fees:        830.33 USDT
  Sharpe (per-trade):-0.278
  Max drawdown (MTM):48.4%

  By signal type:
    sweep    n= 133  win=18.8%  pnl=-4231.47  avgR=-0.42
    sigma    n=   6  win=16.7%  pnl=-293.21  avgR=-0.48

  By direction:
    long     n=  77  win=19.5%  pnl=-2374.60  avgR=-0.39
    short    n=  62  win=17.7%  pnl=-2150.07  avgR=-0.46

  By exit reason:
    tp       n=  26  win=100.0%  pnl=5388.56  avgR=2.68
    sl       n= 113  win=0.0%  pnl=-9913.23  avgR=-1.14

  Stop-distance buckets (stop as % of entry):
    0.3-0.6%  n=  92  win=20.7%  avgR=-0.37
    0.6-1.0%  n=  38  win=18.4%  avgR=-0.38
    >=1.0%    n=   9  win=0.0%  avgR=-1.06

  MFE before full-SL death (of 113 SL losers):
    >=+1R:   33 (29%)  <- a TP at 1R converts these
    >=+1.5R:   19 (17%)  <- a TP at 1.5R converts these
    >=+2R:    8 (7%)  <- a TP at 2R converts these
    >=+2.5R:    1 (1%)  <- a TP at 2.5R converts these

Per-trade CSV: sno120_SEI_USDT.csv
