[DB] Connecting to: postgresql://postgres:****@127.0.0.1:5432/fable_mexc_bot
Fetching TAO_USDT Min5 for 60 days (offset 0d)...
Fetched 17280 candles

══════════════════════════════════════════════════════
  SNIPER BACKTEST  [TAO_USDT Min5 60d]
  entry=next-open  sigma=3.5  volMult=2  lev=3x  risk=1.0%  fees=0.020%  slip=0.030%  beAt=1R
══════════════════════════════════════════════════════
  Trades:            119
  Win rate:          16.8%  (breakeven at 3:1 after costs is ~26-28%)
  Avg win:           243.88 USDT
  Avg loss:          68.81 USDT
  Expectancy:        -16.26 USDT/trade
  Avg R:             -0.172R
  Profit factor:     0.72
  Total PnL:         -1934.66 USDT (-19.3%)
  Total fees:        841.53 USDT
  Sharpe (per-trade):-0.131
  Max drawdown (MTM):23.5%

  By signal type:
    sweep    n= 116  win=16.4%  pnl=-2058.33  avgR=-0.19
    sigma    n=   3  win=33.3%  pnl=123.67  avgR=0.45

  By direction:
    long     n=  56  win=16.1%  pnl=-1326.02  avgR=-0.25
    short    n=  63  win=17.5%  pnl=-608.64  avgR=-0.10

  By exit reason:
    sl       n=  61  win=0.0%  pnl=-6345.84  avgR=-1.14
    tp       n=  20  win=100.0%  pnl=4877.57  avgR=2.70
    be       n=  38  win=0.0%  pnl=-466.38  avgR=-0.13

  Stop-distance buckets (stop as % of entry):
    0.3-0.6%  n=  80  win=15.0%  avgR=-0.33
    0.6-1.0%  n=  36  win=19.4%  avgR=0.13
    >=1.0%    n=   3  win=33.3%  avgR=0.26

  MFE before full-SL death (of 61 SL losers):
    >=+1R:    0 (0%)  <- a TP at 1R converts these
    >=+1.5R:    0 (0%)  <- a TP at 1.5R converts these
    >=+2R:    0 (0%)  <- a TP at 2R converts these
    >=+2.5R:    0 (0%)  <- a TP at 2.5R converts these

Per-trade CSV: snbe_TAO_USDT.csv
