[DB] Connecting to: postgresql://postgres:****@127.0.0.1:5432/fable_mexc_bot
Fetching INJ_USDT Min5 for 60 days (offset 0d)...
Fetched 17280 candles

══════════════════════════════════════════════════════
  SNIPER BACKTEST  [INJ_USDT Min5 60d]
  entry=next-open  sigma=3.5  volMult=2  lev=3x  risk=1.0%  fees=0.020%  slip=0.030%  beAt=1R
══════════════════════════════════════════════════════
  Trades:            162
  Win rate:          17.9%  (breakeven at 3:1 after costs is ~26-28%)
  Avg win:           224.84 USDT
  Avg loss:          68.21 USDT
  Expectancy:        -15.75 USDT/trade
  Avg R:             -0.174R
  Profit factor:     0.72
  Total PnL:         -2551.36 USDT (-25.5%)
  Total fees:        969.34 USDT
  Sharpe (per-trade):-0.133
  Max drawdown (MTM):29.8%

  By signal type:
    sweep    n= 161  win=18.0%  pnl=-2472.23  avgR=-0.17
    sigma    n=   1  win=0.0%  pnl=-79.13  avgR=-1.26

  By direction:
    short    n=  86  win=14.0%  pnl=-2326.14  avgR=-0.31
    long     n=  76  win=22.4%  pnl=-225.22  avgR=-0.02

  By exit reason:
    sl       n=  90  win=0.0%  pnl=-8612.54  avgR=-1.12
    tp       n=  29  win=100.0%  pnl=6520.29  avgR=2.70
    be       n=  43  win=0.0%  pnl=-459.11  avgR=-0.13

  Stop-distance buckets (stop as % of entry):
    <0.3%     n=   1  win=0.0%  avgR=-1.26
    0.3-0.6%  n=  87  win=18.4%  avgR=-0.14
    0.6-1.0%  n=  58  win=17.2%  avgR=-0.24
    >=1.0%    n=  16  win=18.8%  avgR=-0.07

  MFE before full-SL death (of 90 SL losers):
    >=+1R:    1 (1%)  <- a TP at 1R converts these
    >=+1.5R:    0 (0%)  <- a TP at 1.5R converts these
    >=+2R:    0 (0%)  <- a TP at 2R converts these
    >=+2.5R:    0 (0%)  <- a TP at 2.5R converts these

Per-trade CSV: snbe_INJ_USDT.csv
