[DB] Connecting to: postgresql://postgres:****@127.0.0.1:5432/fable_mexc_bot
Fetching LINK_USDT Min5 for 60 days (offset 60d)...
Fetched 17280 candles

══════════════════════════════════════════════════════
  SNIPER BACKTEST  [LINK_USDT Min5 60d]
  entry=next-open  sigma=3.5  volMult=2  lev=3x  risk=1.0%  fees=0.020%  slip=0.030%  beAt=1R  offset=60d
══════════════════════════════════════════════════════
  Trades:            83
  Win rate:          14.5%  (breakeven at 3:1 after costs is ~26-28%)
  Avg win:           228.68 USDT
  Avg loss:          71.32 USDT
  Expectancy:        -27.94 USDT/trade
  Avg R:             -0.310R
  Profit factor:     0.54
  Total PnL:         -2319.42 USDT (-23.2%)
  Total fees:        536.09 USDT
  Sharpe (per-trade):-0.248
  Max drawdown (MTM):23.7%

  By signal type:
    sweep    n=  79  win=13.9%  pnl=-2302.94  avgR=-0.33
    sigma    n=   4  win=25.0%  pnl=-16.48  avgR=0.04

  By direction:
    short    n=  26  win=3.8%  pnl=-1515.24  avgR=-0.65
    long     n=  57  win=19.3%  pnl=-804.18  avgR=-0.15

  By exit reason:
    sl       n=  49  win=0.0%  pnl=-4837.48  avgR=-1.13
    be       n=  22  win=0.0%  pnl=-226.06  avgR=-0.11
    tp       n=  12  win=100.0%  pnl=2744.11  avgR=2.70

  Stop-distance buckets (stop as % of entry):
    0.3-0.6%  n=  46  win=17.4%  avgR=-0.31
    0.6-1.0%  n=  31  win=9.7%  avgR=-0.43
    >=1.0%    n=   6  win=16.7%  avgR=0.27

  MFE before full-SL death (of 49 SL losers):
    >=+1R:    0 (0%)  <- a TP at 1R converts these
    >=+1.5R:    0 (0%)  <- a TP at 1.5R converts these
    >=+2R:    0 (0%)  <- a TP at 2R converts these
    >=+2.5R:    0 (0%)  <- a TP at 2.5R converts these

Per-trade CSV: snbeo60_LINK_USDT.csv
