[DB] Connecting to: postgres://PASTE_THE_FULL_URL_HERE
Fetching XRP_USDT Min5 for 60 days (offset 60d)...
Fetched 17280 candles

══════════════════════════════════════════════════════
  SNIPER BACKTEST  [XRP_USDT Min5 60d]
  entry=next-open  sigma=3.5  volMult=2  lev=3x  risk=1.0%  fees=0.020%  slip=0.030%  minStop=0.6%  offset=60d
══════════════════════════════════════════════════════
  Trades:            35
  Win rate:          20.0%  (breakeven at 3:1 after costs is ~26-28%)
  Avg win:           232.05 USDT
  Avg loss:          103.16 USDT
  Expectancy:        -36.12 USDT/trade
  Avg R:             -0.375R
  Profit factor:     0.56
  Total PnL:         -1264.17 USDT (-12.6%)
  Total fees:        164.60 USDT
  Sharpe (per-trade):-0.260
  Max drawdown (MTM):15.1%
  Skipped (stop<0.6%): 96

  By signal type:
    sweep    n=  34  win=20.6%  pnl=-1153.93  avgR=-0.35
    sigma    n=   1  win=0.0%  pnl=-110.24  avgR=-1.11

  By direction:
    long     n=  24  win=12.5%  pnl=-1610.51  avgR=-0.70
    short    n=  11  win=36.4%  pnl=346.35  avgR=0.33

  By exit reason:
    sl       n=  28  win=0.0%  pnl=-2888.51  avgR=-1.09
    tp       n=   6  win=100.0%  pnl=1586.24  avgR=2.82
    eod      n=   1  win=100.0%  pnl=38.10  avgR=0.44

  Stop-distance buckets (stop as % of entry):
    0.6-1.0%  n=  28  win=17.9%  avgR=-0.49
    >=1.0%    n=   7  win=28.6%  avgR=0.08

  MFE before full-SL death (of 28 SL losers):
    >=+1R:    9 (32%)  <- a TP at 1R converts these
    >=+1.5R:    5 (18%)  <- a TP at 1.5R converts these
    >=+2R:    4 (14%)  <- a TP at 2R converts these
    >=+2.5R:    2 (7%)  <- a TP at 2.5R converts these
