[DB] Connecting to: postgresql://postgres:****@127.0.0.1:5432/fable_mexc_bot
Fetching DOGE_USDT Min5 for 60 days (offset 0d)...
Fetched 17280 candles

══════════════════════════════════════════════════════
  SNIPER BACKTEST  [DOGE_USDT Min5 60d]
  entry=next-open  sigma=3.5  volMult=2  lev=3x  risk=1.0%  fees=0.020%  slip=0.030%  beAt=1R
══════════════════════════════════════════════════════
  Trades:            140
  Win rate:          19.3%  (breakeven at 3:1 after costs is ~26-28%)
  Avg win:           222.20 USDT
  Avg loss:          67.99 USDT
  Expectancy:        -12.03 USDT/trade
  Avg R:             -0.126R
  Profit factor:     0.78
  Total PnL:         -1683.95 USDT (-16.8%)
  Total fees:        1041.44 USDT
  Sharpe (per-trade):-0.099
  Max drawdown (MTM):24.2%

  By signal type:
    sweep    n= 132  win=19.7%  pnl=-1494.27  avgR=-0.11
    sigma    n=   8  win=12.5%  pnl=-189.68  avgR=-0.32

  By direction:
    long     n=  70  win=15.7%  pnl=-1874.78  avgR=-0.30
    short    n=  70  win=22.9%  pnl=190.83  avgR=0.05

  By exit reason:
    sl       n=  72  win=0.0%  pnl=-7153.74  avgR=-1.16
    be       n=  41  win=0.0%  pnl=-529.56  avgR=-0.15
    tp       n=  27  win=100.0%  pnl=5999.35  avgR=2.66

  Stop-distance buckets (stop as % of entry):
    <0.3%     n=   7  win=28.6%  avgR=-0.05
    0.3-0.6%  n= 103  win=19.4%  avgR=-0.13
    0.6-1.0%  n=  20  win=10.0%  avgR=-0.31
    >=1.0%    n=  10  win=30.0%  avgR=0.22

  MFE before full-SL death (of 72 SL losers):
    >=+1R:    0 (0%)  <- a TP at 1R converts these
    >=+1.5R:    0 (0%)  <- a TP at 1.5R converts these
    >=+2R:    0 (0%)  <- a TP at 2R converts these
    >=+2.5R:    0 (0%)  <- a TP at 2.5R converts these

Per-trade CSV: snbe_DOGE_USDT.csv
