[DB] Connecting to: postgresql://postgres:****@127.0.0.1:5432/fable_mexc_bot
Fetching NEAR_USDT Min5 for 60 days (offset 0d)...
Fetched 17280 candles

══════════════════════════════════════════════════════
  SNIPER BACKTEST  [NEAR_USDT Min5 60d]
  entry=next-open  sigma=3.5  volMult=2  lev=3x  risk=1.0%  fees=0.020%  slip=0.030%  beAt=1R
══════════════════════════════════════════════════════
  Trades:            122
  Win rate:          19.7%  (breakeven at 3:1 after costs is ~26-28%)
  Avg win:           266.44 USDT
  Avg loss:          69.06 USDT
  Expectancy:        -3.06 USDT/trade
  Avg R:             -0.021R
  Profit factor:     0.94
  Total PnL:         -373.61 USDT (-3.7%)
  Total fees:        841.74 USDT
  Sharpe (per-trade):-0.022
  Max drawdown (MTM):23.1%

  By signal type:
    sweep    n= 117  win=18.8%  pnl=-615.80  avgR=-0.05
    sigma    n=   5  win=40.0%  pnl=242.19  avgR=0.58

  By direction:
    long     n=  61  win=19.7%  pnl=-183.03  avgR=-0.03
    short    n=  61  win=19.7%  pnl=-190.58  avgR=-0.01

  By exit reason:
    sl       n=  56  win=0.0%  pnl=-6268.53  avgR=-1.13
    be       n=  42  win=0.0%  pnl=-499.69  avgR=-0.12
    tp       n=  24  win=100.0%  pnl=6394.60  avgR=2.74

  Stop-distance buckets (stop as % of entry):
    0.3-0.6%  n=  67  win=20.9%  avgR=-0.03
    0.6-1.0%  n=  44  win=9.1%  avgR=-0.31
    >=1.0%    n=  11  win=54.5%  avgR=1.18

  MFE before full-SL death (of 56 SL losers):
    >=+1R:    0 (0%)  <- a TP at 1R converts these
    >=+1.5R:    0 (0%)  <- a TP at 1.5R converts these
    >=+2R:    0 (0%)  <- a TP at 2R converts these
    >=+2.5R:    0 (0%)  <- a TP at 2.5R converts these

Per-trade CSV: snbe_NEAR_USDT.csv
