[DB] Connecting to: postgres://PASTE_THE_FULL_URL_HERE
Fetching SEI_USDT Min5 for 60 days (offset 60d)...
Fetched 17280 candles

══════════════════════════════════════════════════════
  SNIPER BACKTEST  [SEI_USDT Min5 60d]
  entry=next-open  sigma=3.5  volMult=2  lev=3x  risk=1.0%  fees=0.020%  slip=0.030%  offset=60d
══════════════════════════════════════════════════════
  Trades:            159
  Win rate:          27.7%  (breakeven at 3:1 after costs is ~26-28%)
  Avg win:           239.95 USDT
  Avg loss:          104.14 USDT
  Expectancy:        -8.92 USDT/trade
  Avg R:             -0.084R
  Profit factor:     0.88
  Total PnL:         -1418.30 USDT (-14.2%)
  Total fees:        1090.78 USDT
  Sharpe (per-trade):-0.057
  Max drawdown (MTM):27.8%

  By signal type:
    sweep    n= 158  win=27.8%  pnl=-1302.01  avgR=-0.08
    sigma    n=   1  win=0.0%  pnl=-116.29  avgR=-1.18

  By direction:
    short    n=  75  win=24.0%  pnl=-1726.71  avgR=-0.22
    long     n=  84  win=31.0%  pnl=308.41  avgR=0.04

  By exit reason:
    sl       n= 115  win=0.0%  pnl=-11976.10  avgR=-1.13
    tp       n=  43  win=100.0%  pnl=10526.52  avgR=2.71
    eod      n=   1  win=100.0%  pnl=31.27  avgR=0.37

  Stop-distance buckets (stop as % of entry):
    <0.3%     n=   2  win=0.0%  avgR=-1.24
    0.3-0.6%  n=  94  win=29.8%  avgR=-0.02
    0.6-1.0%  n=  52  win=23.1%  avgR=-0.20
    >=1.0%    n=  11  win=36.4%  avgR=0.15

  MFE before full-SL death (of 115 SL losers):
    >=+1R:   28 (24%)  <- a TP at 1R converts these
    >=+1.5R:   16 (14%)  <- a TP at 1.5R converts these
    >=+2R:    8 (7%)  <- a TP at 2R converts these
    >=+2.5R:    2 (2%)  <- a TP at 2.5R converts these

Per-trade CSV: sno60_SEI_USDT.csv
