[DB] Connecting to: postgresql://postgres:****@127.0.0.1:5432/fable_mexc_bot
Fetching WLD_USDT Min5 for 60 days (offset 0d)...
Fetched 17280 candles

══════════════════════════════════════════════════════
  SNIPER BACKTEST  [WLD_USDT Min5 60d]
  entry=next-open  sigma=3.5  volMult=2  lev=3x  risk=1.0%  fees=0.020%  slip=0.030%  beAt=1R
══════════════════════════════════════════════════════
  Trades:            5
  Win rate:          40.0%  (breakeven at 3:1 after costs is ~26-28%)
  Avg win:           141.93 USDT
  Avg loss:          6.69 USDT
  Expectancy:        52.76 USDT/trade
  Avg R:             0.528R
  Profit factor:     14.14
  Total PnL:         263.78 USDT (2.6%)
  Total fees:        17.21 USDT
  Sharpe (per-trade):0.469
  Max drawdown (MTM):2.3%

  By signal type:
    sweep    n=   5  win=40.0%  pnl=263.78  avgR=0.53

  By direction:
    short    n=   4  win=50.0%  pnl=271.70  avgR=0.68
    long     n=   1  win=0.0%  pnl=-7.93  avgR=-0.08

  By exit reason:
    be       n=   3  win=0.0%  pnl=-20.08  avgR=-0.07
    tp       n=   1  win=100.0%  pnl=277.53  avgR=2.78
    eod      n=   1  win=100.0%  pnl=6.33  avgR=0.06

  Stop-distance buckets (stop as % of entry):
    0.6-1.0%  n=   2  win=50.0%  avgR=1.35
    >=1.0%    n=   3  win=33.3%  avgR=-0.02

Per-trade CSV: snbe_WLD_USDT.csv
