[DB] Connecting to: postgres://PASTE_THE_FULL_URL_HERE
Fetching LINK_USDT Min5 for 60 days (offset 60d)...
Fetched 17280 candles

══════════════════════════════════════════════════════
  SNIPER BACKTEST  [LINK_USDT Min5 60d]
  entry=next-open  sigma=3.5  volMult=2  lev=3x  risk=1.0%  fees=0.020%  slip=0.030%  minStop=0.6%  offset=60d
══════════════════════════════════════════════════════
  Trades:            34
  Win rate:          17.6%  (breakeven at 3:1 after costs is ~26-28%)
  Avg win:           211.72 USDT
  Avg loss:          98.66 USDT
  Expectancy:        -43.89 USDT/trade
  Avg R:             -0.465R
  Profit factor:     0.46
  Total PnL:         -1492.28 USDT (-14.9%)
  Total fees:        152.91 USDT
  Sharpe (per-trade):-0.359
  Max drawdown (MTM):19.7%
  Skipped (stop<0.6%): 47

  By signal type:
    sweep    n=  33  win=18.2%  pnl=-1396.28  avgR=-0.45
    sigma    n=   1  win=0.0%  pnl=-96.00  avgR=-1.09

  By direction:
    long     n=  24  win=20.8%  pnl=-838.56  avgR=-0.37
    short    n=  10  win=10.0%  pnl=-653.72  avgR=-0.69

  By exit reason:
    sl       n=  28  win=0.0%  pnl=-2762.59  avgR=-1.09
    tp       n=   5  win=100.0%  pnl=1220.45  avgR=2.83
    eod      n=   1  win=100.0%  pnl=49.87  avgR=0.59

  Stop-distance buckets (stop as % of entry):
    0.6-1.0%  n=  28  win=10.7%  avgR=-0.68
    >=1.0%    n=   6  win=50.0%  avgR=0.54

  MFE before full-SL death (of 28 SL losers):
    >=+1R:   10 (36%)  <- a TP at 1R converts these
    >=+1.5R:    6 (21%)  <- a TP at 1.5R converts these
    >=+2R:    2 (7%)  <- a TP at 2R converts these
    >=+2.5R:    1 (4%)  <- a TP at 2.5R converts these
