[DB] Connecting to: postgres://PASTE_THE_FULL_URL_HERE
Fetching ENA_USDT Min5 for 60 days (offset 120d)...
Fetched 17280 candles

══════════════════════════════════════════════════════
  SNIPER BACKTEST  [ENA_USDT Min5 60d]
  entry=next-open  sigma=3.5  volMult=2  lev=3x  risk=1.0%  fees=0.020%  slip=0.030%  offset=120d
══════════════════════════════════════════════════════
  Trades:            127
  Win rate:          22.8%  (breakeven at 3:1 after costs is ~26-28%)
  Avg win:           258.04 USDT
  Avg loss:          102.12 USDT
  Expectancy:        -19.88 USDT/trade
  Avg R:             -0.216R
  Profit factor:     0.75
  Total PnL:         -2524.61 USDT (-25.2%)
  Total fees:        660.94 USDT
  Sharpe (per-trade):-0.131
  Max drawdown (MTM):35.1%

  By signal type:
    sweep    n= 120  win=23.3%  pnl=-2158.43  avgR=-0.20
    sigma    n=   7  win=14.3%  pnl=-366.18  avgR=-0.57

  By direction:
    long     n=  71  win=23.9%  pnl=-1211.12  avgR=-0.17
    short    n=  56  win=21.4%  pnl=-1313.49  avgR=-0.27

  By exit reason:
    sl       n=  98  win=0.0%  pnl=-10007.63  avgR=-1.10
    tp       n=  29  win=100.0%  pnl=7483.02  avgR=2.76

  Stop-distance buckets (stop as % of entry):
    0.3-0.6%  n=  32  win=31.3%  avgR=0.05
    0.6-1.0%  n=  65  win=24.6%  avgR=-0.14
    >=1.0%    n=  30  win=10.0%  avgR=-0.67

  MFE before full-SL death (of 98 SL losers):
    >=+1R:   28 (29%)  <- a TP at 1R converts these
    >=+1.5R:   15 (15%)  <- a TP at 1.5R converts these
    >=+2R:    6 (6%)  <- a TP at 2R converts these
    >=+2.5R:    1 (1%)  <- a TP at 2.5R converts these

Per-trade CSV: sno120_ENA_USDT.csv
