[DB] Connecting to: postgres://PASTE_THE_FULL_URL_HERE
Fetching INJ_USDT Min5 for 60 days (offset 120d)...
Fetched 17280 candles

══════════════════════════════════════════════════════
  SNIPER BACKTEST  [INJ_USDT Min5 60d]
  entry=next-open  sigma=3.5  volMult=2  lev=3x  risk=1.0%  fees=0.020%  slip=0.030%  offset=120d
══════════════════════════════════════════════════════
  Trades:            133
  Win rate:          25.6%  (breakeven at 3:1 after costs is ~26-28%)
  Avg win:           223.77 USDT
  Avg loss:          96.13 USDT
  Expectancy:        -14.35 USDT/trade
  Avg R:             -0.145R
  Profit factor:     0.80
  Total PnL:         -1908.48 USDT (-19.1%)
  Total fees:        804.04 USDT
  Sharpe (per-trade):-0.102
  Max drawdown (MTM):27.0%

  By signal type:
    sweep    n= 127  win=26.0%  pnl=-1603.12  avgR=-0.13
    sigma    n=   6  win=16.7%  pnl=-305.36  avgR=-0.52

  By direction:
    long     n=  74  win=24.3%  pnl=-1251.98  avgR=-0.19
    short    n=  59  win=27.1%  pnl=-656.51  avgR=-0.09

  By exit reason:
    sl       n=  99  win=0.0%  pnl=-9516.70  avgR=-1.12
    tp       n=  34  win=100.0%  pnl=7608.21  avgR=2.70

  Stop-distance buckets (stop as % of entry):
    0.3-0.6%  n=  69  win=30.4%  avgR=-0.00
    0.6-1.0%  n=  49  win=22.4%  avgR=-0.23
    >=1.0%    n=  15  win=13.3%  avgR=-0.53

  MFE before full-SL death (of 99 SL losers):
    >=+1R:   28 (28%)  <- a TP at 1R converts these
    >=+1.5R:   17 (17%)  <- a TP at 1.5R converts these
    >=+2R:   10 (10%)  <- a TP at 2R converts these
    >=+2.5R:    3 (3%)  <- a TP at 2.5R converts these

Per-trade CSV: sno120_INJ_USDT.csv
