[DB] Connecting to: postgres://PASTE_THE_FULL_URL_HERE
Fetching HYPE_USDT Min5 for 60 days (offset 120d)...
Fetched 17280 candles

══════════════════════════════════════════════════════
  SNIPER BACKTEST  [HYPE_USDT Min5 60d]
  entry=next-open  sigma=3.5  volMult=2  lev=3x  risk=1.0%  fees=0.020%  slip=0.030%  offset=120d
══════════════════════════════════════════════════════
  Trades:            142
  Win rate:          25.4%  (breakeven at 3:1 after costs is ~26-28%)
  Avg win:           270.89 USDT
  Avg loss:          109.94 USDT
  Expectancy:        -13.39 USDT/trade
  Avg R:             -0.135R
  Profit factor:     0.84
  Total PnL:         -1901.97 USDT (-19.0%)
  Total fees:        891.62 USDT
  Sharpe (per-trade):-0.080
  Max drawdown (MTM):32.3%

  By signal type:
    sweep    n= 139  win=25.2%  pnl=-1959.58  avgR=-0.14
    sigma    n=   3  win=33.3%  pnl=57.61  avgR=0.19

  By direction:
    short    n=  85  win=22.4%  pnl=-2136.64  avgR=-0.25
    long     n=  57  win=29.8%  pnl=234.67  avgR=0.04

  By exit reason:
    sl       n= 106  win=0.0%  pnl=-11654.08  avgR=-1.11
    tp       n=  36  win=100.0%  pnl=9752.10  avgR=2.74

  Stop-distance buckets (stop as % of entry):
    0.3-0.6%  n=  59  win=27.1%  avgR=-0.11
    0.6-1.0%  n=  62  win=27.4%  avgR=-0.03
    >=1.0%    n=  21  win=14.3%  avgR=-0.50

  MFE before full-SL death (of 106 SL losers):
    >=+1R:   30 (28%)  <- a TP at 1R converts these
    >=+1.5R:   19 (18%)  <- a TP at 1.5R converts these
    >=+2R:   12 (11%)  <- a TP at 2R converts these
    >=+2.5R:    3 (3%)  <- a TP at 2.5R converts these

Per-trade CSV: sno120_HYPE_USDT.csv
