[DB] Connecting to: postgresql://postgres:****@127.0.0.1:5432/fable_mexc_bot
Fetching ENA_USDT Min5 for 60 days (offset 0d)...
Fetched 17280 candles

══════════════════════════════════════════════════════
  SNIPER BACKTEST  [ENA_USDT Min5 60d]
  entry=next-open  sigma=3.5  volMult=2  lev=3x  risk=1.0%  fees=0.020%  slip=0.030%  beAt=1R
══════════════════════════════════════════════════════
  Trades:            138
  Win rate:          17.4%  (breakeven at 3:1 after costs is ~26-28%)
  Avg win:           213.47 USDT
  Avg loss:          66.90 USDT
  Expectancy:        -18.14 USDT/trade
  Avg R:             -0.197R
  Profit factor:     0.67
  Total PnL:         -2503.12 USDT (-25.0%)
  Total fees:        762.48 USDT
  Sharpe (per-trade):-0.161
  Max drawdown (MTM):33.1%

  By signal type:
    sweep    n= 130  win=16.9%  pnl=-2679.75  avgR=-0.23
    sigma    n=   8  win=25.0%  pnl=176.63  avgR=0.33

  By direction:
    short    n=  75  win=14.7%  pnl=-1880.27  avgR=-0.29
    long     n=  63  win=20.6%  pnl=-622.85  avgR=-0.08

  By exit reason:
    sl       n=  79  win=0.0%  pnl=-7301.79  avgR=-1.12
    be       n=  35  win=0.0%  pnl=-324.55  avgR=-0.11
    tp       n=  24  win=100.0%  pnl=5123.22  avgR=2.72

  Stop-distance buckets (stop as % of entry):
    <0.3%     n=   1  win=100.0%  avgR=2.44
    0.3-0.6%  n=  74  win=18.9%  avgR=-0.20
    0.6-1.0%  n=  44  win=15.9%  avgR=-0.23
    >=1.0%    n=  19  win=10.5%  avgR=-0.27

  MFE before full-SL death (of 79 SL losers):
    >=+1R:    0 (0%)  <- a TP at 1R converts these
    >=+1.5R:    0 (0%)  <- a TP at 1.5R converts these
    >=+2R:    0 (0%)  <- a TP at 2R converts these
    >=+2.5R:    0 (0%)  <- a TP at 2.5R converts these

Per-trade CSV: snbe_ENA_USDT.csv
