[DB] Connecting to: postgres://PASTE_THE_FULL_URL_HERE
Fetching APT_USDT Min5 for 60 days (offset 120d)...
Fetched 17280 candles

══════════════════════════════════════════════════════
  SNIPER BACKTEST  [APT_USDT Min5 60d]
  entry=next-open  sigma=3.5  volMult=2  lev=3x  risk=1.0%  fees=0.020%  slip=0.030%  offset=120d
══════════════════════════════════════════════════════
  Trades:            177
  Win rate:          25.4%  (breakeven at 3:1 after costs is ~26-28%)
  Avg win:           223.42 USDT
  Avg loss:          94.32 USDT
  Expectancy:        -13.54 USDT/trade
  Avg R:             -0.139R
  Profit factor:     0.81
  Total PnL:         -2396.26 USDT (-24.0%)
  Total fees:        987.86 USDT
  Sharpe (per-trade):-0.098
  Max drawdown (MTM):28.5%

  By signal type:
    sweep    n= 171  win=25.1%  pnl=-2469.89  avgR=-0.15
    sigma    n=   6  win=33.3%  pnl=73.63  avgR=0.15

  By direction:
    long     n=  81  win=24.7%  pnl=-1323.15  avgR=-0.17
    short    n=  96  win=26.0%  pnl=-1073.11  avgR=-0.11

  By exit reason:
    sl       n= 132  win=0.0%  pnl=-12450.20  avgR=-1.12
    tp       n=  45  win=100.0%  pnl=10053.94  avgR=2.73

  Stop-distance buckets (stop as % of entry):
    <0.3%     n=   1  win=100.0%  avgR=2.41
    0.3-0.6%  n=  84  win=26.2%  avgR=-0.16
    0.6-1.0%  n=  62  win=25.8%  avgR=-0.09
    >=1.0%    n=  30  win=20.0%  avgR=-0.27

  MFE before full-SL death (of 132 SL losers):
    >=+1R:   40 (30%)  <- a TP at 1R converts these
    >=+1.5R:   23 (17%)  <- a TP at 1.5R converts these
    >=+2R:   13 (10%)  <- a TP at 2R converts these
    >=+2.5R:    4 (3%)  <- a TP at 2.5R converts these

Per-trade CSV: sno120_APT_USDT.csv
