[DB] Connecting to: postgresql://postgres:****@127.0.0.1:5432/fable_mexc_bot
Fetching LTC_USDT Min5 for 60 days (offset 0d)...
Fetched 17280 candles

══════════════════════════════════════════════════════
  SNIPER BACKTEST  [LTC_USDT Min5 60d]
  entry=next-open  sigma=3.5  volMult=2  lev=3x  risk=1.0%  fees=0.020%  slip=0.030%  beAt=1R
══════════════════════════════════════════════════════
  Trades:            143
  Win rate:          13.3%  (breakeven at 3:1 after costs is ~26-28%)
  Avg win:           212.61 USDT
  Avg loss:          59.55 USDT
  Expectancy:        -23.39 USDT/trade
  Avg R:             -0.279R
  Profit factor:     0.55
  Total PnL:         -3344.94 USDT (-33.4%)
  Total fees:        1085.30 USDT
  Sharpe (per-trade):-0.229
  Max drawdown (MTM):36.2%

  By signal type:
    sweep    n= 136  win=14.0%  pnl=-2940.63  avgR=-0.25
    sigma    n=   7  win=0.0%  pnl=-404.32  avgR=-0.78

  By direction:
    long     n=  69  win=13.0%  pnl=-1888.98  avgR=-0.33
    short    n=  74  win=13.5%  pnl=-1455.97  avgR=-0.23

  By exit reason:
    sl       n=  68  win=0.0%  pnl=-6624.01  avgR=-1.16
    tp       n=  18  win=100.0%  pnl=4009.47  avgR=2.65
    be       n=  56  win=0.0%  pnl=-760.46  avgR=-0.16
    eod      n=   1  win=100.0%  pnl=30.06  avgR=0.45

  Stop-distance buckets (stop as % of entry):
    <0.3%     n=   7  win=14.3%  avgR=-0.29
    0.3-0.6%  n= 110  win=10.9%  avgR=-0.39
    0.6-1.0%  n=  21  win=28.6%  avgR=0.33
    >=1.0%    n=   5  win=0.0%  avgR=-0.46

  MFE before full-SL death (of 68 SL losers):
    >=+1R:    0 (0%)  <- a TP at 1R converts these
    >=+1.5R:    0 (0%)  <- a TP at 1.5R converts these
    >=+2R:    0 (0%)  <- a TP at 2R converts these
    >=+2.5R:    0 (0%)  <- a TP at 2.5R converts these

Per-trade CSV: snbe_LTC_USDT.csv
