[DB] Connecting to: postgres://PASTE_THE_FULL_URL_HERE
Fetching LTC_USDT Min5 for 60 days (offset 60d)...
Fetched 17280 candles

══════════════════════════════════════════════════════
  SNIPER BACKTEST  [LTC_USDT Min5 60d]
  entry=next-open  sigma=3.5  volMult=2  lev=3x  risk=1.0%  fees=0.020%  slip=0.030%  offset=60d
══════════════════════════════════════════════════════
  Trades:            134
  Win rate:          28.4%  (breakeven at 3:1 after costs is ~26-28%)
  Avg win:           249.08 USDT
  Avg loss:          109.92 USDT
  Expectancy:        -8.12 USDT/trade
  Avg R:             -0.074R
  Profit factor:     0.90
  Total PnL:         -1087.60 USDT (-10.9%)
  Total fees:        1106.92 USDT
  Sharpe (per-trade):-0.050
  Max drawdown (MTM):19.7%

  By signal type:
    sweep    n= 131  win=28.2%  pnl=-1133.93  avgR=-0.08
    sigma    n=   3  win=33.3%  pnl=46.33  avgR=0.08

  By direction:
    long     n=  86  win=22.1%  pnl=-2511.31  avgR=-0.30
    short    n=  48  win=39.6%  pnl=1423.71  avgR=0.33

  By exit reason:
    sl       n=  96  win=0.0%  pnl=-10552.76  avgR=-1.15
    tp       n=  38  win=100.0%  pnl=9465.16  avgR=2.65

  Stop-distance buckets (stop as % of entry):
    <0.3%     n=   3  win=33.3%  avgR=-0.04
    0.3-0.6%  n=  96  win=27.1%  avgR=-0.15
    0.6-1.0%  n=  29  win=37.9%  avgR=0.37
    >=1.0%    n=   6  win=0.0%  avgR=-1.05

  MFE before full-SL death (of 96 SL losers):
    >=+1R:   30 (31%)  <- a TP at 1R converts these
    >=+1.5R:   19 (20%)  <- a TP at 1.5R converts these
    >=+2R:   11 (11%)  <- a TP at 2R converts these
    >=+2.5R:    2 (2%)  <- a TP at 2.5R converts these

Per-trade CSV: sno60_LTC_USDT.csv
