[DB] Connecting to: postgresql://postgres:****@127.0.0.1:5432/fable_mexc_bot
Fetching APT_USDT Min5 for 60 days (offset 60d)...
Fetched 17280 candles

══════════════════════════════════════════════════════
  SNIPER BACKTEST  [APT_USDT Min5 60d]
  entry=next-open  sigma=3.5  volMult=2  lev=3x  risk=1.0%  fees=0.020%  slip=0.030%  beAt=1R  offset=60d
══════════════════════════════════════════════════════
  Trades:            185
  Win rate:          18.9%  (breakeven at 3:1 after costs is ~26-28%)
  Avg win:           224.53 USDT
  Avg loss:          68.58 USDT
  Expectancy:        -13.13 USDT/trade
  Avg R:             -0.140R
  Profit factor:     0.76
  Total PnL:         -2429.18 USDT (-24.3%)
  Total fees:        1084.41 USDT
  Sharpe (per-trade):-0.109
  Max drawdown (MTM):30.6%

  By signal type:
    sweep    n= 176  win=19.3%  pnl=-2228.69  avgR=-0.13
    sigma    n=   9  win=11.1%  pnl=-200.49  avgR=-0.27

  By direction:
    long     n=  95  win=13.7%  pnl=-2636.61  avgR=-0.33
    short    n=  90  win=24.4%  pnl=207.43  avgR=0.07

  By exit reason:
    be       n=  47  win=0.0%  pnl=-509.67  avgR=-0.13
    sl       n= 103  win=0.0%  pnl=-9778.08  avgR=-1.12
    tp       n=  35  win=100.0%  pnl=7858.57  avgR=2.72

  Stop-distance buckets (stop as % of entry):
    0.3-0.6%  n=  96  win=20.8%  avgR=-0.11
    0.6-1.0%  n=  67  win=16.4%  avgR=-0.18
    >=1.0%    n=  22  win=18.2%  avgR=-0.16

  MFE before full-SL death (of 103 SL losers):
    >=+1R:    0 (0%)  <- a TP at 1R converts these
    >=+1.5R:    0 (0%)  <- a TP at 1.5R converts these
    >=+2R:    0 (0%)  <- a TP at 2R converts these
    >=+2.5R:    0 (0%)  <- a TP at 2.5R converts these

Per-trade CSV: snbeo60_APT_USDT.csv
