[DB] Connecting to: postgres://PASTE_THE_FULL_URL_HERE
Fetching SUI_USDT Min5 for 60 days (offset 60d)...
Fetched 17280 candles

══════════════════════════════════════════════════════
  SNIPER BACKTEST  [SUI_USDT Min5 60d]
  entry=next-open  sigma=3.5  volMult=2  lev=3x  risk=1.0%  fees=0.020%  slip=0.030%  minStop=0.6%  offset=60d
══════════════════════════════════════════════════════
  Trades:            63
  Win rate:          23.8%  (breakeven at 3:1 after costs is ~26-28%)
  Avg win:           250.40 USDT
  Avg loss:          102.56 USDT
  Expectancy:        -18.52 USDT/trade
  Avg R:             -0.184R
  Profit factor:     0.76
  Total PnL:         -1167.04 USDT (-11.7%)
  Total fees:        259.76 USDT
  Sharpe (per-trade):-0.121
  Max drawdown (MTM):17.9%
  Skipped (stop<0.6%): 38

  By signal type:
    sweep    n=  60  win=23.3%  pnl=-1206.33  avgR=-0.21
    sigma    n=   3  win=33.3%  pnl=39.29  avgR=0.24

  By direction:
    short    n=  29  win=31.0%  pnl=312.71  avgR=0.13
    long     n=  34  win=17.6%  pnl=-1479.75  avgR=-0.45

  By exit reason:
    sl       n=  48  win=0.0%  pnl=-4923.10  avgR=-1.08
    tp       n=  14  win=100.0%  pnl=3709.13  avgR=2.83
    eod      n=   1  win=100.0%  pnl=46.93  avgR=0.53

  Stop-distance buckets (stop as % of entry):
    0.6-1.0%  n=  37  win=18.9%  avgR=-0.36
    >=1.0%    n=  26  win=30.8%  avgR=0.07

  MFE before full-SL death (of 48 SL losers):
    >=+1R:   20 (42%)  <- a TP at 1R converts these
    >=+1.5R:   14 (29%)  <- a TP at 1.5R converts these
    >=+2R:   10 (21%)  <- a TP at 2R converts these
    >=+2.5R:    3 (6%)  <- a TP at 2.5R converts these
