[DB] Connecting to: postgres://PASTE_THE_FULL_URL_HERE
Fetching ORDI_USDT Min5 for 60 days (offset 120d)...
Fetched 17280 candles

══════════════════════════════════════════════════════
  SNIPER BACKTEST  [ORDI_USDT Min5 60d]
  entry=next-open  sigma=3.5  volMult=2  lev=3x  risk=1.0%  fees=0.020%  slip=0.030%  offset=120d
══════════════════════════════════════════════════════
  Trades:            140
  Win rate:          27.1%  (breakeven at 3:1 after costs is ~26-28%)
  Avg win:           284.40 USDT
  Avg loss:          114.97 USDT
  Expectancy:        -6.57 USDT/trade
  Avg R:             -0.056R
  Profit factor:     0.92
  Total PnL:         -920.01 USDT (-9.2%)
  Total fees:        896.99 USDT
  Sharpe (per-trade):-0.037
  Max drawdown (MTM):33.4%

  By signal type:
    sweep    n= 132  win=28.8%  pnl=-11.88  avgR=0.01
    sigma    n=   8  win=0.0%  pnl=-908.13  avgR=-1.14

  By direction:
    long     n=  73  win=27.4%  pnl=-440.19  avgR=-0.05
    short    n=  67  win=26.9%  pnl=-479.82  avgR=-0.06

  By exit reason:
    sl       n= 102  win=0.0%  pnl=-11727.14  avgR=-1.11
    tp       n=  38  win=100.0%  pnl=10807.14  avgR=2.77

  Stop-distance buckets (stop as % of entry):
    0.3-0.6%  n=  57  win=22.8%  avgR=-0.29
    0.6-1.0%  n=  44  win=36.4%  avgR=0.32
    >=1.0%    n=  39  win=23.1%  avgR=-0.14

  MFE before full-SL death (of 102 SL losers):
    >=+1R:   30 (29%)  <- a TP at 1R converts these
    >=+1.5R:   17 (17%)  <- a TP at 1.5R converts these
    >=+2R:    9 (9%)  <- a TP at 2R converts these
    >=+2.5R:    1 (1%)  <- a TP at 2.5R converts these

Per-trade CSV: sno120_ORDI_USDT.csv
