[DB] Connecting to: postgresql://postgres:****@127.0.0.1:5432/fable_mexc_bot
Fetching ORDI_USDT Min5 for 60 days (offset 60d)...
Fetched 17280 candles

══════════════════════════════════════════════════════
  SNIPER BACKTEST  [ORDI_USDT Min5 60d]
  entry=next-open  sigma=3.5  volMult=2  lev=3x  risk=1.0%  fees=0.020%  slip=0.030%  beAt=1R  offset=60d
══════════════════════════════════════════════════════
  Trades:            183
  Win rate:          18.0%  (breakeven at 3:1 after costs is ~26-28%)
  Avg win:           226.88 USDT
  Avg loss:          65.16 USDT
  Expectancy:        -12.50 USDT/trade
  Avg R:             -0.132R
  Profit factor:     0.77
  Total PnL:         -2287.52 USDT (-22.9%)
  Total fees:        866.84 USDT
  Sharpe (per-trade):-0.105
  Max drawdown (MTM):31.2%

  By signal type:
    sweep    n= 179  win=17.9%  pnl=-2326.52  avgR=-0.14
    sigma    n=   4  win=25.0%  pnl=39.00  avgR=0.11

  By direction:
    long     n=  87  win=14.9%  pnl=-1838.80  avgR=-0.24
    short    n=  96  win=20.8%  pnl=-448.72  avgR=-0.03

  By exit reason:
    tp       n=  33  win=100.0%  pnl=7487.02  avgR=2.79
    sl       n= 101  win=0.0%  pnl=-9379.00  avgR=-1.10
    be       n=  49  win=0.0%  pnl=-395.54  avgR=-0.10

  Stop-distance buckets (stop as % of entry):
    0.3-0.6%  n=  56  win=12.5%  avgR=-0.40
    0.6-1.0%  n=  79  win=17.7%  avgR=-0.16
    >=1.0%    n=  48  win=25.0%  avgR=0.22

  MFE before full-SL death (of 101 SL losers):
    >=+1R:    1 (1%)  <- a TP at 1R converts these
    >=+1.5R:    1 (1%)  <- a TP at 1.5R converts these
    >=+2R:    1 (1%)  <- a TP at 2R converts these
    >=+2.5R:    0 (0%)  <- a TP at 2.5R converts these

Per-trade CSV: snbeo60_ORDI_USDT.csv
