[DB] Connecting to: postgresql://postgres:****@127.0.0.1:5432/fable_mexc_bot
Fetching ORDI_USDT Min5 for 60 days (offset 0d)...
Fetched 17280 candles

══════════════════════════════════════════════════════
  SNIPER BACKTEST  [ORDI_USDT Min5 60d]
  entry=next-open  sigma=3.5  volMult=2  lev=3x  risk=1.0%  fees=0.020%  slip=0.030%  beAt=1R
══════════════════════════════════════════════════════
  Trades:            187
  Win rate:          16.6%  (breakeven at 3:1 after costs is ~26-28%)
  Avg win:           234.64 USDT
  Avg loss:          60.83 USDT
  Expectancy:        -11.85 USDT/trade
  Avg R:             -0.125R
  Profit factor:     0.77
  Total PnL:         -2215.25 USDT (-22.2%)
  Total fees:        1071.34 USDT
  Sharpe (per-trade):-0.101
  Max drawdown (MTM):26.1%

  By signal type:
    sweep    n= 178  win=15.7%  pnl=-2688.75  avgR=-0.16
    sigma    n=   9  win=33.3%  pnl=473.49  avgR=0.59

  By direction:
    long     n=  86  win=19.8%  pnl=-774.90  avgR=-0.08
    short    n= 101  win=13.9%  pnl=-1440.35  avgR=-0.16

  By exit reason:
    sl       n=  90  win=0.0%  pnl=-8795.90  avgR=-1.11
    be       n=  66  win=0.0%  pnl=-693.16  avgR=-0.12
    tp       n=  31  win=100.0%  pnl=7273.80  avgR=2.75

  Stop-distance buckets (stop as % of entry):
    <0.3%     n=   1  win=0.0%  avgR=-0.24
    0.3-0.6%  n=  88  win=15.9%  avgR=-0.17
    0.6-1.0%  n=  67  win=16.4%  avgR=-0.15
    >=1.0%    n=  31  win=19.4%  avgR=0.06

  MFE before full-SL death (of 90 SL losers):
    >=+1R:    1 (1%)  <- a TP at 1R converts these
    >=+1.5R:    0 (0%)  <- a TP at 1.5R converts these
    >=+2R:    0 (0%)  <- a TP at 2R converts these
    >=+2.5R:    0 (0%)  <- a TP at 2.5R converts these

Per-trade CSV: snbe_ORDI_USDT.csv
