[DB] Connecting to: postgres://PASTE_THE_FULL_URL_HERE
Fetching TIA_USDT Min5 for 60 days (offset 60d)...
Fetched 17280 candles

══════════════════════════════════════════════════════
  SNIPER BACKTEST  [TIA_USDT Min5 60d]
  entry=next-open  sigma=3.5  volMult=2  lev=3x  risk=1.0%  fees=0.020%  slip=0.030%  minStop=0.6%  offset=60d
══════════════════════════════════════════════════════
  Trades:            106
  Win rate:          22.6%  (breakeven at 3:1 after costs is ~26-28%)
  Avg win:           238.55 USDT
  Avg loss:          94.46 USDT
  Expectancy:        -19.06 USDT/trade
  Avg R:             -0.200R
  Profit factor:     0.74
  Total PnL:         -2020.72 USDT (-20.2%)
  Total fees:        427.84 USDT
  Sharpe (per-trade):-0.137
  Max drawdown (MTM):26.1%
  Skipped (stop<0.6%): 42

  By signal type:
    sweep    n= 103  win=22.3%  pnl=-2066.67  avgR=-0.21
    sigma    n=   3  win=33.3%  pnl=45.95  avgR=0.18

  By direction:
    short    n=  58  win=24.1%  pnl=-806.19  avgR=-0.14
    long     n=  48  win=20.8%  pnl=-1214.53  avgR=-0.27

  By exit reason:
    tp       n=  24  win=100.0%  pnl=5725.20  avgR=2.81
    sl       n=  82  win=0.0%  pnl=-7745.93  avgR=-1.08

  Stop-distance buckets (stop as % of entry):
    0.6-1.0%  n=  74  win=20.3%  avgR=-0.31
    >=1.0%    n=  32  win=28.1%  avgR=0.05

  MFE before full-SL death (of 82 SL losers):
    >=+1R:   19 (23%)  <- a TP at 1R converts these
    >=+1.5R:   11 (13%)  <- a TP at 1.5R converts these
    >=+2R:    8 (10%)  <- a TP at 2R converts these
    >=+2.5R:    3 (4%)  <- a TP at 2.5R converts these
