[DB] Connecting to: postgresql://postgres:****@127.0.0.1:5432/fable_mexc_bot
Fetching INJ_USDT Min5 for 60 days (offset 60d)...
Fetched 17280 candles

══════════════════════════════════════════════════════
  SNIPER BACKTEST  [INJ_USDT Min5 60d]
  entry=next-open  sigma=3.5  volMult=2  lev=3x  risk=1.0%  fees=0.020%  slip=0.030%  beAt=1R  offset=60d
══════════════════════════════════════════════════════
  Trades:            175
  Win rate:          17.1%  (breakeven at 3:1 after costs is ~26-28%)
  Avg win:           228.10 USDT
  Avg loss:          61.33 USDT
  Expectancy:        -11.72 USDT/trade
  Avg R:             -0.123R
  Profit factor:     0.77
  Total PnL:         -2050.41 USDT (-20.5%)
  Total fees:        812.05 USDT
  Sharpe (per-trade):-0.101
  Max drawdown (MTM):27.5%

  By signal type:
    sweep    n= 172  win=16.9%  pnl=-2163.63  avgR=-0.13
    sigma    n=   3  win=33.3%  pnl=113.21  avgR=0.50

  By direction:
    long     n=  70  win=15.7%  pnl=-899.24  avgR=-0.14
    short    n= 105  win=18.1%  pnl=-1151.17  avgR=-0.11

  By exit reason:
    be       n=  54  win=0.0%  pnl=-421.30  avgR=-0.09
    sl       n=  91  win=0.0%  pnl=-8472.05  avgR=-1.10
    tp       n=  30  win=100.0%  pnl=6842.93  avgR=2.77

  Stop-distance buckets (stop as % of entry):
    <0.3%     n=   1  win=0.0%  avgR=-1.27
    0.3-0.6%  n=  41  win=22.0%  avgR=-0.09
    0.6-1.0%  n=  87  win=17.2%  avgR=-0.03
    >=1.0%    n=  46  win=13.0%  avgR=-0.30

  MFE before full-SL death (of 91 SL losers):
    >=+1R:    0 (0%)  <- a TP at 1R converts these
    >=+1.5R:    0 (0%)  <- a TP at 1.5R converts these
    >=+2R:    0 (0%)  <- a TP at 2R converts these
    >=+2.5R:    0 (0%)  <- a TP at 2.5R converts these

Per-trade CSV: snbeo60_INJ_USDT.csv
