[DB] Connecting to: postgres://PASTE_THE_FULL_URL_HERE
Fetching LTC_USDT Min5 for 60 days (offset 60d)...
Fetched 17280 candles

══════════════════════════════════════════════════════
  SNIPER BACKTEST  [LTC_USDT Min5 60d]
  entry=next-open  sigma=3.5  volMult=2  lev=3x  risk=1.0%  fees=0.020%  slip=0.030%  minStop=0.6%  offset=60d
══════════════════════════════════════════════════════
  Trades:            35
  Win rate:          31.4%  (breakeven at 3:1 after costs is ~26-28%)
  Avg win:           271.69 USDT
  Avg loss:          108.11 USDT
  Expectancy:        11.26 USDT/trade
  Avg R:             0.126R
  Profit factor:     1.15
  Total PnL:         394.04 USDT (3.9%)
  Total fees:        181.36 USDT
  Sharpe (per-trade):0.064
  Max drawdown (MTM):11.4%
  Skipped (stop<0.6%): 125

  By signal type:
    sweep    n=  34  win=32.4%  pnl=504.93  avgR=0.16
    sigma    n=   1  win=0.0%  pnl=-110.89  avgR=-1.12

  By direction:
    short    n=   6  win=66.7%  pnl=853.16  avgR=1.49
    long     n=  29  win=24.1%  pnl=-459.12  avgR=-0.15

  By exit reason:
    tp       n=  11  win=100.0%  pnl=2988.61  avgR=2.78
    sl       n=  24  win=0.0%  pnl=-2594.57  avgR=-1.09

  Stop-distance buckets (stop as % of entry):
    0.6-1.0%  n=  29  win=37.9%  avgR=0.37
    >=1.0%    n=   6  win=0.0%  avgR=-1.05

  MFE before full-SL death (of 24 SL losers):
    >=+1R:    6 (25%)  <- a TP at 1R converts these
    >=+1.5R:    1 (4%)  <- a TP at 1.5R converts these
    >=+2R:    0 (0%)  <- a TP at 2R converts these
    >=+2.5R:    0 (0%)  <- a TP at 2.5R converts these
