[DB] Connecting to: postgres://PASTE_THE_FULL_URL_HERE
Fetching INJ_USDT Min5 for 60 days (offset 60d)...
Fetched 17280 candles

══════════════════════════════════════════════════════
  SNIPER BACKTEST  [INJ_USDT Min5 60d]
  entry=next-open  sigma=3.5  volMult=2  lev=3x  risk=1.0%  fees=0.020%  slip=0.030%  minStop=0.6%  offset=60d
══════════════════════════════════════════════════════
  Trades:            129
  Win rate:          26.4%  (breakeven at 3:1 after costs is ~26-28%)
  Avg win:           272.47 USDT
  Avg loss:          105.15 USDT
  Expectancy:        -5.62 USDT/trade
  Avg R:             -0.044R
  Profit factor:     0.93
  Total PnL:         -724.95 USDT (-7.2%)
  Total fees:        565.11 USDT
  Sharpe (per-trade):-0.034
  Max drawdown (MTM):21.8%
  Skipped (stop<0.6%): 42

  By signal type:
    sweep    n= 128  win=25.8%  pnl=-986.25  avgR=-0.07
    sigma    n=   1  win=100.0%  pnl=261.29  avgR=2.92

  By direction:
    short    n=  75  win=28.0%  pnl=1.77  avgR=0.01
    long     n=  54  win=24.1%  pnl=-726.73  avgR=-0.12

  By exit reason:
    sl       n=  94  win=0.0%  pnl=-9985.65  avgR=-1.08
    tp       n=  34  win=100.0%  pnl=9263.95  avgR=2.81
    eod      n=   1  win=0.0%  pnl=-3.26  avgR=-0.04

  Stop-distance buckets (stop as % of entry):
    0.6-1.0%  n=  83  win=31.3%  avgR=0.12
    >=1.0%    n=  46  win=17.4%  avgR=-0.35

  MFE before full-SL death (of 94 SL losers):
    >=+1R:   28 (30%)  <- a TP at 1R converts these
    >=+1.5R:   20 (21%)  <- a TP at 1.5R converts these
    >=+2R:   13 (14%)  <- a TP at 2R converts these
    >=+2.5R:    5 (5%)  <- a TP at 2.5R converts these
