[DB] Connecting to: postgres://PASTE_THE_FULL_URL_HERE
Fetching LTC_USDT Min5 for 60 days (offset 120d)...
Fetched 17280 candles

══════════════════════════════════════════════════════
  SNIPER BACKTEST  [LTC_USDT Min5 60d]
  entry=next-open  sigma=3.5  volMult=2  lev=3x  risk=1.0%  fees=0.020%  slip=0.030%  offset=120d
══════════════════════════════════════════════════════
  Trades:            119
  Win rate:          23.5%  (breakeven at 3:1 after costs is ~26-28%)
  Avg win:           221.29 USDT
  Avg loss:          97.11 USDT
  Expectancy:        -22.19 USDT/trade
  Avg R:             -0.247R
  Profit factor:     0.70
  Total PnL:         -2641.16 USDT (-26.4%)
  Total fees:        850.59 USDT
  Sharpe (per-trade):-0.162
  Max drawdown (MTM):34.7%

  By signal type:
    sweep    n= 108  win=23.1%  pnl=-2509.88  avgR=-0.26
    sigma    n=  11  win=27.3%  pnl=-131.27  avgR=-0.11

  By direction:
    long     n=  70  win=25.7%  pnl=-895.70  avgR=-0.16
    short    n=  49  win=20.4%  pnl=-1745.46  avgR=-0.38

  By exit reason:
    tp       n=  28  win=100.0%  pnl=6196.11  avgR=2.66
    sl       n=  90  win=0.0%  pnl=-8810.35  avgR=-1.15
    eod      n=   1  win=0.0%  pnl=-26.91  avgR=-0.36

  Stop-distance buckets (stop as % of entry):
    <0.3%     n=   3  win=0.0%  avgR=-1.25
    0.3-0.6%  n=  89  win=23.6%  avgR=-0.26
    0.6-1.0%  n=  21  win=23.8%  avgR=-0.17
    >=1.0%    n=   6  win=33.3%  avgR=0.25

  MFE before full-SL death (of 90 SL losers):
    >=+1R:   27 (30%)  <- a TP at 1R converts these
    >=+1.5R:   17 (19%)  <- a TP at 1.5R converts these
    >=+2R:   10 (11%)  <- a TP at 2R converts these
    >=+2.5R:    1 (1%)  <- a TP at 2.5R converts these

Per-trade CSV: sno120_LTC_USDT.csv
