[DB] Connecting to: postgresql://postgres:****@127.0.0.1:5432/fable_mexc_bot
Fetching WIF_USDT Min5 for 60 days (offset 60d)...
Fetched 17280 candles

══════════════════════════════════════════════════════
  SNIPER BACKTEST  [WIF_USDT Min5 60d]
  entry=next-open  sigma=3.5  volMult=2  lev=3x  risk=1.0%  fees=0.020%  slip=0.030%  beAt=1R  offset=60d
══════════════════════════════════════════════════════
  Trades:            149
  Win rate:          14.8%  (breakeven at 3:1 after costs is ~26-28%)
  Avg win:           227.47 USDT
  Avg loss:          68.43 USDT
  Expectancy:        -24.74 USDT/trade
  Avg R:             -0.299R
  Profit factor:     0.58
  Total PnL:         -3685.70 USDT (-36.9%)
  Total fees:        783.61 USDT
  Sharpe (per-trade):-0.222
  Max drawdown (MTM):39.7%

  By signal type:
    sweep    n= 146  win=14.4%  pnl=-3782.50  avgR=-0.31
    sigma    n=   3  win=33.3%  pnl=96.79  avgR=0.44

  By direction:
    long     n=  88  win=17.0%  pnl=-1832.92  avgR=-0.28
    short    n=  61  win=11.5%  pnl=-1852.79  avgR=-0.33

  By exit reason:
    sl       n=  91  win=0.0%  pnl=-8350.69  avgR=-1.11
    be       n=  36  win=0.0%  pnl=-339.29  avgR=-0.11
    tp       n=  22  win=100.0%  pnl=5004.27  avgR=2.74

  Stop-distance buckets (stop as % of entry):
    0.3-0.6%  n=  64  win=18.8%  avgR=-0.19
    0.6-1.0%  n=  62  win=11.3%  avgR=-0.43
    >=1.0%    n=  23  win=13.0%  avgR=-0.24

  MFE before full-SL death (of 91 SL losers):
    >=+1R:    0 (0%)  <- a TP at 1R converts these
    >=+1.5R:    0 (0%)  <- a TP at 1.5R converts these
    >=+2R:    0 (0%)  <- a TP at 2R converts these
    >=+2.5R:    0 (0%)  <- a TP at 2.5R converts these

Per-trade CSV: snbeo60_WIF_USDT.csv
