[DB] Connecting to: postgres://PASTE_THE_FULL_URL_HERE
Fetching ORDI_USDT Min5 for 60 days (offset 60d)...
Fetched 17280 candles

══════════════════════════════════════════════════════
  SNIPER BACKTEST  [ORDI_USDT Min5 60d]
  entry=next-open  sigma=3.5  volMult=2  lev=3x  risk=1.0%  fees=0.020%  slip=0.030%  offset=60d
══════════════════════════════════════════════════════
  Trades:            163
  Win rate:          24.5%  (breakeven at 3:1 after costs is ~26-28%)
  Avg win:           225.40 USDT
  Avg loss:          91.11 USDT
  Expectancy:        -13.44 USDT/trade
  Avg R:             -0.139R
  Profit factor:     0.80
  Total PnL:         -2191.07 USDT (-21.9%)
  Total fees:        756.60 USDT
  Sharpe (per-trade):-0.098
  Max drawdown (MTM):32.9%

  By signal type:
    sweep    n= 160  win=23.8%  pnl=-2548.09  avgR=-0.17
    sigma    n=   3  win=66.7%  pnl=357.03  avgR=1.46

  By direction:
    short    n=  85  win=29.4%  pnl=83.22  avgR=0.04
    long     n=  78  win=19.2%  pnl=-2274.28  avgR=-0.33

  By exit reason:
    tp       n=  40  win=100.0%  pnl=9015.97  avgR=2.80
    sl       n= 122  win=0.0%  pnl=-11199.47  avgR=-1.10
    eod      n=   1  win=0.0%  pnl=-7.57  avgR=-0.10

  Stop-distance buckets (stop as % of entry):
    0.3-0.6%  n=  49  win=12.2%  avgR=-0.68
    0.6-1.0%  n=  68  win=25.0%  avgR=-0.13
    >=1.0%    n=  46  win=37.0%  avgR=0.42

  MFE before full-SL death (of 122 SL losers):
    >=+1R:   35 (29%)  <- a TP at 1R converts these
    >=+1.5R:   19 (16%)  <- a TP at 1.5R converts these
    >=+2R:   15 (12%)  <- a TP at 2R converts these
    >=+2.5R:    2 (2%)  <- a TP at 2.5R converts these

Per-trade CSV: sno60_ORDI_USDT.csv
