[DB] Connecting to: postgres://PASTE_THE_FULL_URL_HERE
Fetching NEAR_USDT Min5 for 60 days (offset 60d)...
Fetched 17280 candles

══════════════════════════════════════════════════════
  SNIPER BACKTEST  [NEAR_USDT Min5 60d]
  entry=next-open  sigma=3.5  volMult=2  lev=3x  risk=1.0%  fees=0.020%  slip=0.030%  offset=60d
══════════════════════════════════════════════════════
  Trades:            129
  Win rate:          24.0%  (breakeven at 3:1 after costs is ~26-28%)
  Avg win:           227.00 USDT
  Avg loss:          94.67 USDT
  Expectancy:        -17.37 USDT/trade
  Avg R:             -0.184R
  Profit factor:     0.76
  Total PnL:         -2241.08 USDT (-22.4%)
  Total fees:        597.67 USDT
  Sharpe (per-trade):-0.124
  Max drawdown (MTM):30.5%

  By signal type:
    sweep    n= 126  win=24.6%  pnl=-1976.41  avgR=-0.16
    sigma    n=   3  win=0.0%  pnl=-264.67  avgR=-1.12

  By direction:
    short    n=  72  win=25.0%  pnl=-1031.16  avgR=-0.13
    long     n=  57  win=22.8%  pnl=-1209.93  avgR=-0.25

  By exit reason:
    tp       n=  30  win=100.0%  pnl=7029.44  avgR=2.77
    sl       n=  98  win=0.0%  pnl=-9278.06  avgR=-1.09
    eod      n=   1  win=100.0%  pnl=7.54  avgR=0.10

  Stop-distance buckets (stop as % of entry):
    0.3-0.6%  n=  33  win=30.3%  avgR=0.01
    0.6-1.0%  n=  57  win=19.3%  avgR=-0.34
    >=1.0%    n=  39  win=25.6%  avgR=-0.12

  MFE before full-SL death (of 98 SL losers):
    >=+1R:   26 (27%)  <- a TP at 1R converts these
    >=+1.5R:   16 (16%)  <- a TP at 1.5R converts these
    >=+2R:    6 (6%)  <- a TP at 2R converts these
    >=+2.5R:    1 (1%)  <- a TP at 2.5R converts these

Per-trade CSV: sno60_NEAR_USDT.csv
