[DB] Connecting to: postgres://PASTE_THE_FULL_URL_HERE
Fetching AVAX_USDT Min5 for 60 days (offset 60d)...
Fetched 17280 candles

══════════════════════════════════════════════════════
  SNIPER BACKTEST  [AVAX_USDT Min5 60d]
  entry=next-open  sigma=3.5  volMult=2  lev=3x  risk=1.0%  fees=0.020%  slip=0.030%  minStop=0.6%  offset=60d
══════════════════════════════════════════════════════
  Trades:            45
  Win rate:          22.2%  (breakeven at 3:1 after costs is ~26-28%)
  Avg win:           265.19 USDT
  Avg loss:          104.66 USDT
  Expectancy:        -22.47 USDT/trade
  Avg R:             -0.224R
  Profit factor:     0.72
  Total PnL:         -1011.25 USDT (-10.1%)
  Total fees:        217.76 USDT
  Sharpe (per-trade):-0.146
  Max drawdown (MTM):22.0%
  Skipped (stop<0.6%): 43

  By signal type:
    sweep    n=  43  win=20.9%  pnl=-1153.00  avgR=-0.27
    sigma    n=   2  win=50.0%  pnl=141.75  avgR=0.83

  By direction:
    short    n=  19  win=31.6%  pnl=132.33  avgR=0.13
    long     n=  26  win=15.4%  pnl=-1143.58  avgR=-0.48

  By exit reason:
    sl       n=  35  win=0.0%  pnl=-3663.10  avgR=-1.09
    tp       n=  10  win=100.0%  pnl=2651.86  avgR=2.80

  Stop-distance buckets (stop as % of entry):
    0.6-1.0%  n=  36  win=22.2%  avgR=-0.23
    >=1.0%    n=   9  win=22.2%  avgR=-0.18

  MFE before full-SL death (of 35 SL losers):
    >=+1R:    9 (26%)  <- a TP at 1R converts these
    >=+1.5R:    7 (20%)  <- a TP at 1.5R converts these
    >=+2R:    5 (14%)  <- a TP at 2R converts these
    >=+2.5R:    2 (6%)  <- a TP at 2.5R converts these
