[DB] Connecting to: postgresql://postgres:****@127.0.0.1:5432/fable_mexc_bot
Fetching TIA_USDT Min5 for 60 days (offset 0d)...
Fetched 17280 candles

══════════════════════════════════════════════════════
  SNIPER BACKTEST  [TIA_USDT Min5 60d]
  entry=next-open  sigma=3.5  volMult=2  lev=3x  risk=1.0%  fees=0.020%  slip=0.030%  beAt=1R
══════════════════════════════════════════════════════
  Trades:            166
  Win rate:          12.7%  (breakeven at 3:1 after costs is ~26-28%)
  Avg win:           220.78 USDT
  Avg loss:          61.91 USDT
  Expectancy:        -26.14 USDT/trade
  Avg R:             -0.333R
  Profit factor:     0.52
  Total PnL:         -4340.01 USDT (-43.4%)
  Total fees:        890.39 USDT
  Sharpe (per-trade):-0.256
  Max drawdown (MTM):44.1%

  By signal type:
    sweep    n= 160  win=12.5%  pnl=-4268.71  avgR=-0.34
    sigma    n=   6  win=16.7%  pnl=-71.31  avgR=-0.13

  By direction:
    long     n=  78  win=11.5%  pnl=-2037.05  avgR=-0.34
    short    n=  88  win=13.6%  pnl=-2302.96  avgR=-0.32

  By exit reason:
    sl       n=  95  win=0.0%  pnl=-8513.03  avgR=-1.12
    be       n=  50  win=0.0%  pnl=-463.40  avgR=-0.12
    tp       n=  21  win=100.0%  pnl=4636.42  avgR=2.74

  Stop-distance buckets (stop as % of entry):
    <0.3%     n=   2  win=50.0%  avgR=1.11
    0.3-0.6%  n=  84  win=8.3%  avgR=-0.56
    0.6-1.0%  n=  62  win=17.7%  avgR=-0.09
    >=1.0%    n=  18  win=11.1%  avgR=-0.29

  MFE before full-SL death (of 95 SL losers):
    >=+1R:    1 (1%)  <- a TP at 1R converts these
    >=+1.5R:    1 (1%)  <- a TP at 1.5R converts these
    >=+2R:    0 (0%)  <- a TP at 2R converts these
    >=+2.5R:    0 (0%)  <- a TP at 2.5R converts these

Per-trade CSV: snbe_TIA_USDT.csv
