[DB] Connecting to: postgres://PASTE_THE_FULL_URL_HERE
Fetching TIA_USDT Min5 for 60 days (offset 60d)...
Fetched 17280 candles

══════════════════════════════════════════════════════
  SNIPER BACKTEST  [TIA_USDT Min5 60d]
  entry=next-open  sigma=3.5  volMult=2  lev=3x  risk=1.0%  fees=0.020%  slip=0.030%  offset=60d
══════════════════════════════════════════════════════
  Trades:            148
  Win rate:          25.0%  (breakeven at 3:1 after costs is ~26-28%)
  Avg win:           231.27 USDT
  Avg loss:          95.04 USDT
  Expectancy:        -13.46 USDT/trade
  Avg R:             -0.135R
  Profit factor:     0.81
  Total PnL:         -1992.10 USDT (-19.9%)
  Total fees:        738.07 USDT
  Sharpe (per-trade):-0.095
  Max drawdown (MTM):25.9%

  By signal type:
    sweep    n= 142  win=25.4%  pnl=-1690.45  avgR=-0.12
    sigma    n=   6  win=16.7%  pnl=-301.65  avgR=-0.49

  By direction:
    short    n=  82  win=25.6%  pnl=-956.49  avgR=-0.11
    long     n=  66  win=24.2%  pnl=-1035.61  avgR=-0.17

  By exit reason:
    tp       n=  37  win=100.0%  pnl=8556.82  avgR=2.75
    sl       n= 111  win=0.0%  pnl=-10548.92  avgR=-1.10

  Stop-distance buckets (stop as % of entry):
    0.3-0.6%  n=  43  win=30.2%  avgR=0.00
    0.6-1.0%  n=  73  win=20.5%  avgR=-0.30
    >=1.0%    n=  32  win=28.1%  avgR=0.05

  MFE before full-SL death (of 111 SL losers):
    >=+1R:   23 (21%)  <- a TP at 1R converts these
    >=+1.5R:   12 (11%)  <- a TP at 1.5R converts these
    >=+2R:    7 (6%)  <- a TP at 2R converts these
    >=+2.5R:    2 (2%)  <- a TP at 2.5R converts these

Per-trade CSV: sno60_TIA_USDT.csv
