[DB] Connecting to: postgresql://postgres:****@127.0.0.1:5432/fable_mexc_bot
Fetching NEAR_USDT Min5 for 60 days (offset 60d)...
Fetched 17280 candles

══════════════════════════════════════════════════════
  SNIPER BACKTEST  [NEAR_USDT Min5 60d]
  entry=next-open  sigma=3.5  volMult=2  lev=3x  risk=1.0%  fees=0.020%  slip=0.030%  beAt=1R  offset=60d
══════════════════════════════════════════════════════
  Trades:            130
  Win rate:          20.0%  (breakeven at 3:1 after costs is ~26-28%)
  Avg win:           250.82 USDT
  Avg loss:          73.64 USDT
  Expectancy:        -8.75 USDT/trade
  Avg R:             -0.082R
  Profit factor:     0.85
  Total PnL:         -1136.96 USDT (-11.4%)
  Total fees:        652.89 USDT
  Sharpe (per-trade):-0.064
  Max drawdown (MTM):22.1%

  By signal type:
    sweep    n= 127  win=20.5%  pnl=-931.08  avgR=-0.07
    sigma    n=   3  win=0.0%  pnl=-205.89  avgR=-0.79

  By direction:
    short    n=  73  win=21.9%  pnl=-336.41  avgR=-0.03
    long     n=  57  win=17.5%  pnl=-800.55  avgR=-0.15

  By exit reason:
    tp       n=  26  win=100.0%  pnl=6521.35  avgR=2.77
    sl       n=  73  win=0.0%  pnl=-7388.00  avgR=-1.09
    be       n=  31  win=0.0%  pnl=-270.31  avgR=-0.09

  Stop-distance buckets (stop as % of entry):
    0.3-0.6%  n=  35  win=28.6%  avgR=0.14
    0.6-1.0%  n=  57  win=14.0%  avgR=-0.34
    >=1.0%    n=  38  win=21.1%  avgR=0.09

  MFE before full-SL death (of 73 SL losers):
    >=+1R:    0 (0%)  <- a TP at 1R converts these
    >=+1.5R:    0 (0%)  <- a TP at 1.5R converts these
    >=+2R:    0 (0%)  <- a TP at 2R converts these
    >=+2.5R:    0 (0%)  <- a TP at 2.5R converts these

Per-trade CSV: snbeo60_NEAR_USDT.csv
