[DB] Connecting to: postgres://PASTE_THE_FULL_URL_HERE
Fetching SOL_USDT Min5 for 60 days (offset 60d)...
Fetched 17280 candles

══════════════════════════════════════════════════════
  SNIPER BACKTEST  [SOL_USDT Min5 60d]
  entry=next-open  sigma=3.5  volMult=2  lev=3x  risk=1.0%  fees=0.020%  slip=0.030%  offset=60d
══════════════════════════════════════════════════════
  Trades:            104
  Win rate:          26.9%  (breakeven at 3:1 after costs is ~26-28%)
  Avg win:           248.23 USDT
  Avg loss:          106.60 USDT
  Expectancy:        -11.07 USDT/trade
  Avg R:             -0.103R
  Profit factor:     0.86
  Total PnL:         -1151.18 USDT (-11.5%)
  Total fees:        691.96 USDT
  Sharpe (per-trade):-0.070
  Max drawdown (MTM):20.7%

  By signal type:
    sweep    n=  99  win=28.3%  pnl=-617.42  avgR=-0.05
    sigma    n=   5  win=0.0%  pnl=-533.76  avgR=-1.14

  By direction:
    short    n=  48  win=22.9%  pnl=-1149.91  avgR=-0.24
    long     n=  56  win=30.4%  pnl=-1.27  avgR=0.02

  By exit reason:
    sl       n=  76  win=0.0%  pnl=-8101.52  avgR=-1.12
    tp       n=  27  win=100.0%  pnl=6844.71  avgR=2.72
    eod      n=   1  win=100.0%  pnl=105.63  avgR=1.21

  Stop-distance buckets (stop as % of entry):
    0.3-0.6%  n=  59  win=28.8%  avgR=-0.08
    0.6-1.0%  n=  38  win=21.1%  avgR=-0.28
    >=1.0%    n=   7  win=42.9%  avgR=0.63

  MFE before full-SL death (of 76 SL losers):
    >=+1R:   24 (32%)  <- a TP at 1R converts these
    >=+1.5R:   14 (18%)  <- a TP at 1.5R converts these
    >=+2R:    5 (7%)  <- a TP at 2R converts these
    >=+2.5R:    0 (0%)  <- a TP at 2.5R converts these

Per-trade CSV: sno60_SOL_USDT.csv
