[DB] Connecting to: postgresql://postgres:****@127.0.0.1:5432/fable_mexc_bot
Fetching WIF_USDT Min5 for 60 days (offset 0d)...
Fetched 17280 candles

══════════════════════════════════════════════════════
  SNIPER BACKTEST  [WIF_USDT Min5 60d]
  entry=next-open  sigma=3.5  volMult=2  lev=3x  risk=1.0%  fees=0.020%  slip=0.030%  beAt=1R
══════════════════════════════════════════════════════
  Trades:            146
  Win rate:          13.0%  (breakeven at 3:1 after costs is ~26-28%)
  Avg win:           215.86 USDT
  Avg loss:          64.64 USDT
  Expectancy:        -28.14 USDT/trade
  Avg R:             -0.354R
  Profit factor:     0.50
  Total PnL:         -4108.28 USDT (-41.1%)
  Total fees:        788.80 USDT
  Sharpe (per-trade):-0.276
  Max drawdown (MTM):42.4%

  By signal type:
    sweep    n= 138  win=11.6%  pnl=-4515.23  avgR=-0.41
    sigma    n=   8  win=37.5%  pnl=406.95  avgR=0.67

  By direction:
    short    n=  77  win=15.6%  pnl=-1460.23  avgR=-0.27
    long     n=  69  win=10.1%  pnl=-2648.05  avgR=-0.45

  By exit reason:
    sl       n=  88  win=0.0%  pnl=-7832.24  avgR=-1.12
    be       n=  39  win=0.0%  pnl=-377.42  avgR=-0.13
    tp       n=  19  win=100.0%  pnl=4101.38  avgR=2.73

  Stop-distance buckets (stop as % of entry):
    <0.3%     n=   1  win=0.0%  avgR=-0.24
    0.3-0.6%  n=  81  win=9.9%  avgR=-0.48
    0.6-1.0%  n=  49  win=14.3%  avgR=-0.32
    >=1.0%    n=  15  win=26.7%  avgR=0.20

  MFE before full-SL death (of 88 SL losers):
    >=+1R:    0 (0%)  <- a TP at 1R converts these
    >=+1.5R:    0 (0%)  <- a TP at 1.5R converts these
    >=+2R:    0 (0%)  <- a TP at 2R converts these
    >=+2.5R:    0 (0%)  <- a TP at 2.5R converts these

Per-trade CSV: snbe_WIF_USDT.csv
