[DB] Connecting to: postgres://PASTE_THE_FULL_URL_HERE
Fetching PEPE_USDT Min5 for 60 days (offset 60d)...
Fetched 17281 candles

══════════════════════════════════════════════════════
  SNIPER BACKTEST  [PEPE_USDT Min5 60d]
  entry=next-open  sigma=3.5  volMult=2  lev=3x  risk=1.0%  fees=0.020%  slip=0.030%  offset=60d
══════════════════════════════════════════════════════
  Trades:            49
  Win rate:          38.8%  (breakeven at 3:1 after costs is ~26-28%)
  Avg win:           273.18 USDT
  Avg loss:          115.87 USDT
  Expectancy:        34.99 USDT/trade
  Avg R:             0.342R
  Profit factor:     1.49
  Total PnL:         1714.34 USDT (17.1%)
  Total fees:        308.82 USDT
  Sharpe (per-trade):0.181
  Max drawdown (MTM):10.3%

  By signal type:
    sweep    n=  46  win=37.0%  pnl=1286.73  avgR=0.28
    sigma    n=   3  win=66.7%  pnl=427.61  avgR=1.36

  By direction:
    long     n=  29  win=37.9%  pnl=871.27  avgR=0.29
    short    n=  20  win=40.0%  pnl=843.06  avgR=0.41

  By exit reason:
    sl       n=  30  win=0.0%  pnl=-3476.00  avgR=-1.11
    tp       n=  18  win=100.0%  pnl=5144.60  avgR=2.76
    eod      n=   1  win=100.0%  pnl=45.73  avgR=0.39

  Stop-distance buckets (stop as % of entry):
    0.3-0.6%  n=  19  win=31.6%  avgR=0.03
    0.6-1.0%  n=  17  win=35.3%  avgR=0.28
    >=1.0%    n=  13  win=53.8%  avgR=0.87

  MFE before full-SL death (of 30 SL losers):
    >=+1R:    9 (30%)  <- a TP at 1R converts these
    >=+1.5R:    6 (20%)  <- a TP at 1.5R converts these
    >=+2R:    3 (10%)  <- a TP at 2R converts these
    >=+2.5R:    0 (0%)  <- a TP at 2.5R converts these

Per-trade CSV: sno60_PEPE_USDT.csv
