[DB] Connecting to: postgresql://postgres:****@127.0.0.1:5432/fable_mexc_bot
Fetching XRP_USDT Min5 for 60 days (offset 60d)...
Fetched 17280 candles

══════════════════════════════════════════════════════
  SNIPER BACKTEST  [XRP_USDT Min5 60d]
  entry=next-open  sigma=3.5  volMult=2  lev=3x  risk=1.0%  fees=0.020%  slip=0.030%  beAt=1R  offset=60d
══════════════════════════════════════════════════════
  Trades:            116
  Win rate:          20.7%  (breakeven at 3:1 after costs is ~26-28%)
  Avg win:           245.99 USDT
  Avg loss:          69.15 USDT
  Expectancy:        -3.95 USDT/trade
  Avg R:             -0.024R
  Profit factor:     0.93
  Total PnL:         -458.01 USDT (-4.6%)
  Total fees:        912.76 USDT
  Sharpe (per-trade):-0.029
  Max drawdown (MTM):15.5%

  By signal type:
    sweep    n= 109  win=19.3%  pnl=-844.09  avgR=-0.07
    sigma    n=   7  win=42.9%  pnl=386.07  avgR=0.71

  By direction:
    short    n=  40  win=27.5%  pnl=1016.22  avgR=0.28
    long     n=  76  win=17.1%  pnl=-1474.23  avgR=-0.18

  By exit reason:
    be       n=  39  win=0.0%  pnl=-517.08  avgR=-0.14
    sl       n=  53  win=0.0%  pnl=-5844.78  avgR=-1.14
    tp       n=  24  win=100.0%  pnl=5903.85  avgR=2.63

  Stop-distance buckets (stop as % of entry):
    <0.3%     n=   4  win=25.0%  avgR=0.41
    0.3-0.6%  n=  78  win=24.4%  avgR=0.08
    0.6-1.0%  n=  27  win=7.4%  avgR=-0.51
    >=1.0%    n=   7  win=28.6%  avgR=0.51

  MFE before full-SL death (of 53 SL losers):
    >=+1R:    0 (0%)  <- a TP at 1R converts these
    >=+1.5R:    0 (0%)  <- a TP at 1.5R converts these
    >=+2R:    0 (0%)  <- a TP at 2R converts these
    >=+2.5R:    0 (0%)  <- a TP at 2.5R converts these

Per-trade CSV: snbeo60_XRP_USDT.csv
