[DB] Connecting to: postgresql://postgres:****@127.0.0.1:5432/fable_mexc_bot
Fetching SUI_USDT Min5 for 60 days (offset 60d)...
Fetched 17280 candles

══════════════════════════════════════════════════════
  SNIPER BACKTEST  [SUI_USDT Min5 60d]
  entry=next-open  sigma=3.5  volMult=2  lev=3x  risk=1.0%  fees=0.020%  slip=0.030%  beAt=1R  offset=60d
══════════════════════════════════════════════════════
  Trades:            116
  Win rate:          17.2%  (breakeven at 3:1 after costs is ~26-28%)
  Avg win:           265.37 USDT
  Avg loss:          63.05 USDT
  Expectancy:        -6.42 USDT/trade
  Avg R:             -0.057R
  Profit factor:     0.88
  Total PnL:         -745.03 USDT (-7.5%)
  Total fees:        709.23 USDT
  Sharpe (per-trade):-0.049
  Max drawdown (MTM):20.6%

  By signal type:
    sweep    n= 107  win=16.8%  pnl=-829.81  avgR=-0.07
    sigma    n=   9  win=22.2%  pnl=84.78  avgR=0.14

  By direction:
    short    n=  55  win=20.0%  pnl=212.45  avgR=0.06
    long     n=  61  win=14.8%  pnl=-957.48  avgR=-0.16

  By exit reason:
    be       n=  45  win=0.0%  pnl=-479.71  avgR=-0.11
    tp       n=  20  win=100.0%  pnl=5307.34  avgR=2.74
    sl       n=  51  win=0.0%  pnl=-5572.66  avgR=-1.11

  Stop-distance buckets (stop as % of entry):
    <0.3%     n=   2  win=0.0%  avgR=-0.24
    0.3-0.6%  n=  44  win=18.2%  avgR=-0.08
    0.6-1.0%  n=  43  win=18.6%  avgR=-0.05
    >=1.0%    n=  27  win=14.8%  avgR=-0.03

  MFE before full-SL death (of 51 SL losers):
    >=+1R:    0 (0%)  <- a TP at 1R converts these
    >=+1.5R:    0 (0%)  <- a TP at 1.5R converts these
    >=+2R:    0 (0%)  <- a TP at 2R converts these
    >=+2.5R:    0 (0%)  <- a TP at 2.5R converts these

Per-trade CSV: snbeo60_SUI_USDT.csv
