[DB] Connecting to: postgres://PASTE_THE_FULL_URL_HERE
Fetching SUI_USDT Min5 for 60 days (offset 120d)...
Fetched 17280 candles

══════════════════════════════════════════════════════
  SNIPER BACKTEST  [SUI_USDT Min5 60d]
  entry=next-open  sigma=3.5  volMult=2  lev=3x  risk=1.0%  fees=0.020%  slip=0.030%  offset=120d
══════════════════════════════════════════════════════
  Trades:            129
  Win rate:          17.8%  (breakeven at 3:1 after costs is ~26-28%)
  Avg win:           219.61 USDT
  Avg loss:          87.43 USDT
  Expectancy:        -32.68 USDT/trade
  Avg R:             -0.414R
  Profit factor:     0.55
  Total PnL:         -4216.31 USDT (-42.2%)
  Total fees:        600.83 USDT
  Sharpe (per-trade):-0.276
  Max drawdown (MTM):42.4%

  By signal type:
    sweep    n= 124  win=18.5%  pnl=-3761.79  avgR=-0.39
    sigma    n=   5  win=0.0%  pnl=-454.52  avgR=-1.12

  By direction:
    long     n=  59  win=15.3%  pnl=-2505.09  avgR=-0.52
    short    n=  70  win=20.0%  pnl=-1711.21  avgR=-0.33

  By exit reason:
    sl       n= 106  win=0.0%  pnl=-9267.25  avgR=-1.10
    tp       n=  23  win=100.0%  pnl=5050.94  avgR=2.76

  Stop-distance buckets (stop as % of entry):
    0.3-0.6%  n=  45  win=24.4%  avgR=-0.21
    0.6-1.0%  n=  55  win=12.7%  avgR=-0.60
    >=1.0%    n=  29  win=17.2%  avgR=-0.38

  MFE before full-SL death (of 106 SL losers):
    >=+1R:   31 (29%)  <- a TP at 1R converts these
    >=+1.5R:   15 (14%)  <- a TP at 1.5R converts these
    >=+2R:   10 (9%)  <- a TP at 2R converts these
    >=+2.5R:    3 (3%)  <- a TP at 2.5R converts these

Per-trade CSV: sno120_SUI_USDT.csv
