[DB] Connecting to: postgres://PASTE_THE_FULL_URL_HERE
Fetching TAO_USDT Min5 for 60 days (offset 120d)...
Fetched 17280 candles

══════════════════════════════════════════════════════
  SNIPER BACKTEST  [TAO_USDT Min5 60d]
  entry=next-open  sigma=3.5  volMult=2  lev=3x  risk=1.0%  fees=0.020%  slip=0.030%  offset=120d
══════════════════════════════════════════════════════
  Trades:            91
  Win rate:          19.8%  (breakeven at 3:1 after costs is ~26-28%)
  Avg win:           244.25 USDT
  Avg loss:          96.10 USDT
  Expectancy:        -28.78 USDT/trade
  Avg R:             -0.321R
  Profit factor:     0.63
  Total PnL:         -2618.81 USDT (-26.2%)
  Total fees:        403.29 USDT
  Sharpe (per-trade):-0.211
  Max drawdown (MTM):27.5%

  By signal type:
    sweep    n=  87  win=19.5%  pnl=-2605.75  avgR=-0.33
    sigma    n=   4  win=25.0%  pnl=-13.06  avgR=-0.16

  By direction:
    long     n=  42  win=19.0%  pnl=-1302.24  avgR=-0.35
    short    n=  49  win=20.4%  pnl=-1316.57  avgR=-0.30

  By exit reason:
    sl       n=  73  win=0.0%  pnl=-7015.35  avgR=-1.08
    tp       n=  18  win=100.0%  pnl=4396.54  avgR=2.77

  Stop-distance buckets (stop as % of entry):
    0.3-0.6%  n=  17  win=35.3%  avgR=0.19
    0.6-1.0%  n=  42  win=14.3%  avgR=-0.54
    >=1.0%    n=  32  win=18.8%  avgR=-0.31

  MFE before full-SL death (of 73 SL losers):
    >=+1R:   15 (21%)  <- a TP at 1R converts these
    >=+1.5R:    7 (10%)  <- a TP at 1.5R converts these
    >=+2R:    3 (4%)  <- a TP at 2R converts these
    >=+2.5R:    1 (1%)  <- a TP at 2.5R converts these

Per-trade CSV: sno120_TAO_USDT.csv
