[DB] Connecting to: postgresql://postgres:****@127.0.0.1:5432/fable_mexc_bot
Fetching SOL_USDT Min5 for 60 days (offset 0d)...
Fetched 17280 candles

══════════════════════════════════════════════════════
  SNIPER BACKTEST  [SOL_USDT Min5 60d]
  entry=next-open  sigma=3.5  volMult=2  lev=3x  risk=1.0%  fees=0.020%  slip=0.030%  beAt=1R
══════════════════════════════════════════════════════
  Trades:            127
  Win rate:          18.9%  (breakeven at 3:1 after costs is ~26-28%)
  Avg win:           254.85 USDT
  Avg loss:          71.48 USDT
  Expectancy:        -9.81 USDT/trade
  Avg R:             -0.099R
  Profit factor:     0.83
  Total PnL:         -1245.88 USDT (-12.5%)
  Total fees:        992.63 USDT
  Sharpe (per-trade):-0.073
  Max drawdown (MTM):21.9%

  By signal type:
    sweep    n= 120  win=18.3%  pnl=-1539.76  avgR=-0.13
    sigma    n=   7  win=28.6%  pnl=293.88  avgR=0.43

  By direction:
    long     n=  58  win=24.1%  pnl=910.07  avgR=0.18
    short    n=  69  win=14.5%  pnl=-2155.95  avgR=-0.33

  By exit reason:
    be       n=  41  win=0.0%  pnl=-557.14  avgR=-0.14
    sl       n=  62  win=0.0%  pnl=-6805.23  avgR=-1.15
    tp       n=  24  win=100.0%  pnl=6116.49  avgR=2.69

  Stop-distance buckets (stop as % of entry):
    <0.3%     n=   3  win=0.0%  avgR=-0.58
    0.3-0.6%  n=  89  win=16.9%  avgR=-0.22
    0.6-1.0%  n=  27  win=22.2%  avgR=0.09
    >=1.0%    n=   8  win=37.5%  avgR=0.79

  MFE before full-SL death (of 62 SL losers):
    >=+1R:    0 (0%)  <- a TP at 1R converts these
    >=+1.5R:    0 (0%)  <- a TP at 1.5R converts these
    >=+2R:    0 (0%)  <- a TP at 2R converts these
    >=+2.5R:    0 (0%)  <- a TP at 2.5R converts these

Per-trade CSV: snbe_SOL_USDT.csv
