[DB] Connecting to: postgres://PASTE_THE_FULL_URL_HERE
Fetching SOL_USDT Min5 for 60 days (offset 60d)...
Fetched 17280 candles

══════════════════════════════════════════════════════
  SNIPER BACKTEST  [SOL_USDT Min5 60d]
  entry=next-open  sigma=3.5  volMult=2  lev=3x  risk=1.0%  fees=0.020%  slip=0.030%  minStop=0.6%  offset=60d
══════════════════════════════════════════════════════
  Trades:            46
  Win rate:          26.1%  (breakeven at 3:1 after costs is ~26-28%)
  Avg win:           254.78 USDT
  Avg loss:          107.71 USDT
  Expectancy:        -13.15 USDT/trade
  Avg R:             -0.122R
  Profit factor:     0.83
  Total PnL:         -604.71 USDT (-6.0%)
  Total fees:        223.04 USDT
  Sharpe (per-trade):-0.081
  Max drawdown (MTM):16.6%
  Skipped (stop<0.6%): 73

  By signal type:
    sweep    n=  44  win=27.3%  pnl=-379.75  avgR=-0.08
    sigma    n=   2  win=0.0%  pnl=-224.97  avgR=-1.09

  By direction:
    long     n=  28  win=28.6%  pnl=-193.10  avgR=-0.06
    short    n=  18  win=22.2%  pnl=-411.62  avgR=-0.22

  By exit reason:
    sl       n=  34  win=0.0%  pnl=-3662.11  avgR=-1.09
    tp       n=  11  win=100.0%  pnl=3017.11  avgR=2.81
    eod      n=   1  win=100.0%  pnl=40.29  avgR=0.43

  Stop-distance buckets (stop as % of entry):
    0.6-1.0%  n=  38  win=21.1%  avgR=-0.28
    >=1.0%    n=   8  win=50.0%  avgR=0.61

  MFE before full-SL death (of 34 SL losers):
    >=+1R:   11 (32%)  <- a TP at 1R converts these
    >=+1.5R:    7 (21%)  <- a TP at 1.5R converts these
    >=+2R:    0 (0%)  <- a TP at 2R converts these
    >=+2.5R:    0 (0%)  <- a TP at 2.5R converts these
