[DB] Connecting to: postgresql://postgres:****@127.0.0.1:5432/fable_mexc_bot
Fetching XRP_USDT Min5 for 60 days (offset 0d)...
Fetched 17280 candles

══════════════════════════════════════════════════════
  SNIPER BACKTEST  [XRP_USDT Min5 60d]
  entry=next-open  sigma=3.5  volMult=2  lev=3x  risk=1.0%  fees=0.020%  slip=0.030%
══════════════════════════════════════════════════════
  Trades:            106
  Win rate:          26.4%  (breakeven at 3:1 after costs is ~26-28%)
  Avg win:           252.70 USDT
  Avg loss:          110.93 USDT
  Expectancy:        -14.88 USDT/trade
  Avg R:             -0.150R
  Profit factor:     0.82
  Total PnL:         -1577.00 USDT (-15.8%)
  Total fees:        886.27 USDT
  Sharpe (per-trade):-0.092
  Max drawdown (MTM):23.3%

  By signal type:
    sweep    n= 102  win=26.5%  pnl=-1482.08  avgR=-0.15
    sigma    n=   4  win=25.0%  pnl=-94.93  avgR=-0.22

  By direction:
    long     n=  63  win=23.8%  pnl=-1554.87  avgR=-0.25
    short    n=  43  win=30.2%  pnl=-22.14  avgR=-0.00

  By exit reason:
    sl       n=  78  win=0.0%  pnl=-8652.67  avgR=-1.15
    tp       n=  28  win=100.0%  pnl=7075.67  avgR=2.64

  Stop-distance buckets (stop as % of entry):
    <0.3%     n=   4  win=25.0%  avgR=-0.34
    0.3-0.6%  n=  75  win=28.0%  avgR=-0.11
    0.6-1.0%  n=  24  win=25.0%  avgR=-0.13
    >=1.0%    n=   3  win=0.0%  avgR=-1.07

  MFE before full-SL death (of 78 SL losers):
    >=+1R:   27 (35%)  <- a TP at 1R converts these
    >=+1.5R:   12 (15%)  <- a TP at 1.5R converts these
    >=+2R:    8 (10%)  <- a TP at 2R converts these
    >=+2.5R:    1 (1%)  <- a TP at 2.5R converts these
