[DB] Connecting to: postgresql://postgres:****@127.0.0.1:5432/fable_mexc_bot
Fetching APT_USDT Min5 for 60 days (offset 0d)...
Fetched 17280 candles

══════════════════════════════════════════════════════
  SNIPER BACKTEST  [APT_USDT Min5 60d]
  entry=next-open  sigma=3.5  volMult=2  lev=3x  risk=1.0%  fees=0.020%  slip=0.030%
══════════════════════════════════════════════════════
  Trades:            158
  Win rate:          26.6%  (breakeven at 3:1 after costs is ~26-28%)
  Avg win:           255.12 USDT
  Avg loss:          109.03 USDT
  Expectancy:        -12.23 USDT/trade
  Avg R:             -0.126R
  Profit factor:     0.85
  Total PnL:         -1932.26 USDT (-19.3%)
  Total fees:        1208.21 USDT
  Sharpe (per-trade):-0.076
  Max drawdown (MTM):31.4%

  By signal type:
    sweep    n= 151  win=27.2%  pnl=-1567.68  avgR=-0.10
    sigma    n=   7  win=14.3%  pnl=-364.59  avgR=-0.59

  By direction:
    long     n=  78  win=25.6%  pnl=-1332.62  avgR=-0.15
    short    n=  80  win=27.5%  pnl=-599.64  avgR=-0.10

  By exit reason:
    tp       n=  42  win=100.0%  pnl=10715.23  avgR=2.68
    sl       n= 116  win=0.0%  pnl=-12647.49  avgR=-1.14

  Stop-distance buckets (stop as % of entry):
    <0.3%     n=   5  win=0.0%  avgR=-1.25
    0.3-0.6%  n= 103  win=26.2%  avgR=-0.17
    0.6-1.0%  n=  41  win=34.1%  avgR=0.23
    >=1.0%    n=   9  win=11.1%  avgR=-0.62

  MFE before full-SL death (of 116 SL losers):
    >=+1R:   37 (32%)  <- a TP at 1R converts these
    >=+1.5R:   25 (22%)  <- a TP at 1.5R converts these
    >=+2R:   12 (10%)  <- a TP at 2R converts these
    >=+2.5R:    4 (3%)  <- a TP at 2.5R converts these
