[DB] Connecting to: postgresql://postgres:****@127.0.0.1:5432/fable_mexc_bot
Fetching ENA_USDT Min5 for 60 days (offset 0d)...
Fetched 17280 candles

══════════════════════════════════════════════════════
  SNIPER BACKTEST  [ENA_USDT Min5 60d]
  entry=next-open  sigma=3.5  volMult=2  lev=3x  risk=1.0%  fees=0.020%  slip=0.030%
══════════════════════════════════════════════════════
  Trades:            133
  Win rate:          25.6%  (breakeven at 3:1 after costs is ~26-28%)
  Avg win:           235.40 USDT
  Avg loss:          99.34 USDT
  Expectancy:        -13.76 USDT/trade
  Avg R:             -0.136R
  Profit factor:     0.81
  Total PnL:         -1830.53 USDT (-18.3%)
  Total fees:        788.43 USDT
  Sharpe (per-trade):-0.094
  Max drawdown (MTM):29.3%

  By signal type:
    sweep    n= 125  win=24.0%  pnl=-2393.77  avgR=-0.20
    sigma    n=   8  win=50.0%  pnl=563.24  avgR=0.79

  By direction:
    short    n=  74  win=23.0%  pnl=-1447.86  avgR=-0.23
    long     n=  59  win=28.8%  pnl=-382.66  avgR=-0.02

  By exit reason:
    sl       n=  99  win=0.0%  pnl=-9834.18  avgR=-1.12
    tp       n=  34  win=100.0%  pnl=8003.65  avgR=2.72

  Stop-distance buckets (stop as % of entry):
    <0.3%     n=   1  win=100.0%  avgR=2.44
    0.3-0.6%  n=  71  win=29.6%  avgR=-0.02
    0.6-1.0%  n=  42  win=21.4%  avgR=-0.26
    >=1.0%    n=  19  win=15.8%  avgR=-0.43

  MFE before full-SL death (of 99 SL losers):
    >=+1R:   23 (23%)  <- a TP at 1R converts these
    >=+1.5R:   14 (14%)  <- a TP at 1.5R converts these
    >=+2R:    8 (8%)  <- a TP at 2R converts these
    >=+2.5R:    3 (3%)  <- a TP at 2.5R converts these
