[DB] Connecting to: postgresql://postgres:****@127.0.0.1:5432/fable_mexc_bot
Fetching TIA_USDT Min5 for 60 days (offset 0d)...
Fetched 17280 candles

══════════════════════════════════════════════════════
  SNIPER BACKTEST  [TIA_USDT Min5 60d]
  entry=next-open  sigma=3.5  volMult=2  lev=3x  risk=1.0%  fees=0.020%  slip=0.030%
══════════════════════════════════════════════════════
  Trades:            147
  Win rate:          21.1%  (breakeven at 3:1 after costs is ~26-28%)
  Avg win:           207.34 USDT
  Avg loss:          88.12 USDT
  Expectancy:        -25.81 USDT/trade
  Avg R:             -0.308R
  Profit factor:     0.63
  Total PnL:         -3794.33 USDT (-37.9%)
  Total fees:        771.17 USDT
  Sharpe (per-trade):-0.212
  Max drawdown (MTM):38.2%

  By signal type:
    sweep    n= 142  win=21.1%  pnl=-3656.37  avgR=-0.31
    sigma    n=   5  win=20.0%  pnl=-137.96  avgR=-0.33

  By direction:
    long     n=  68  win=20.6%  pnl=-1920.47  avgR=-0.33
    short    n=  79  win=21.5%  pnl=-1873.86  avgR=-0.29

  By exit reason:
    sl       n= 116  win=0.0%  pnl=-10221.83  avgR=-1.12
    tp       n=  31  win=100.0%  pnl=6427.50  avgR=2.72

  Stop-distance buckets (stop as % of entry):
    <0.3%     n=   2  win=100.0%  avgR=2.45
    0.3-0.6%  n=  69  win=18.8%  avgR=-0.43
    0.6-1.0%  n=  61  win=21.3%  avgR=-0.27
    >=1.0%    n=  15  win=20.0%  avgR=-0.27

  MFE before full-SL death (of 116 SL losers):
    >=+1R:   35 (30%)  <- a TP at 1R converts these
    >=+1.5R:   20 (17%)  <- a TP at 1.5R converts these
    >=+2R:   13 (11%)  <- a TP at 2R converts these
    >=+2.5R:    5 (4%)  <- a TP at 2.5R converts these
