[DB] Connecting to: postgresql://postgres:****@127.0.0.1:5432/fable_mexc_bot
Fetching LTC_USDT Min5 for 60 days (offset 0d)...
Fetched 17280 candles

══════════════════════════════════════════════════════
  SNIPER BACKTEST  [LTC_USDT Min5 60d]
  entry=next-open  sigma=3.5  volMult=2  lev=3x  risk=1.0%  fees=0.020%  slip=0.030%
══════════════════════════════════════════════════════
  Trades:            121
  Win rate:          22.3%  (breakeven at 3:1 after costs is ~26-28%)
  Avg win:           222.83 USDT
  Avg loss:          98.79 USDT
  Expectancy:        -27.02 USDT/trade
  Avg R:             -0.312R
  Profit factor:     0.65
  Total PnL:         -3269.47 USDT (-32.7%)
  Total fees:        927.58 USDT
  Sharpe (per-trade):-0.200
  Max drawdown (MTM):39.1%

  By signal type:
    sweep    n= 116  win=21.6%  pnl=-3493.30  avgR=-0.34
    sigma    n=   5  win=40.0%  pnl=223.83  avgR=0.35

  By direction:
    long     n=  56  win=23.2%  pnl=-1350.74  avgR=-0.27
    short    n=  65  win=21.5%  pnl=-1918.73  avgR=-0.35

  By exit reason:
    sl       n=  94  win=0.0%  pnl=-9285.86  avgR=-1.16
    tp       n=  27  win=100.0%  pnl=6016.39  avgR=2.63

  Stop-distance buckets (stop as % of entry):
    <0.3%     n=   5  win=20.0%  avgR=-0.51
    0.3-0.6%  n=  94  win=20.2%  avgR=-0.41
    0.6-1.0%  n=  17  win=35.3%  avgR=0.27
    >=1.0%    n=   5  win=20.0%  avgR=-0.27

  MFE before full-SL death (of 94 SL losers):
    >=+1R:   35 (37%)  <- a TP at 1R converts these
    >=+1.5R:   20 (21%)  <- a TP at 1.5R converts these
    >=+2R:   10 (11%)  <- a TP at 2R converts these
    >=+2.5R:    1 (1%)  <- a TP at 2.5R converts these
