[DB] Connecting to: postgresql://postgres:****@127.0.0.1:5432/fable_mexc_bot
Fetching NEAR_USDT Min5 for 60 days (offset 0d)...
Fetched 17280 candles

══════════════════════════════════════════════════════
  SNIPER BACKTEST  [NEAR_USDT Min5 60d]
  entry=next-open  sigma=3.5  volMult=2  lev=3x  risk=1.0%  fees=0.020%  slip=0.030%
══════════════════════════════════════════════════════
  Trades:            111
  Win rate:          31.5%  (breakeven at 3:1 after costs is ~26-28%)
  Avg win:           282.65 USDT
  Avg loss:          118.66 USDT
  Expectancy:        7.88 USDT/trade
  Avg R:             0.091R
  Profit factor:     1.10
  Total PnL:         874.57 USDT (8.7%)
  Total fees:        811.88 USDT
  Sharpe (per-trade):0.042
  Max drawdown (MTM):17.7%

  By signal type:
    sweep    n= 106  win=30.2%  pnl=298.63  avgR=0.04
    sigma    n=   5  win=60.0%  pnl=575.94  avgR=1.12

  By direction:
    long     n=  55  win=29.1%  pnl=-5.78  avgR=0.00
    short    n=  56  win=33.9%  pnl=880.34  avgR=0.18

  By exit reason:
    sl       n=  76  win=0.0%  pnl=-9018.32  avgR=-1.12
    tp       n=  35  win=100.0%  pnl=9892.89  avgR=2.73

  Stop-distance buckets (stop as % of entry):
    0.3-0.6%  n=  59  win=32.2%  avgR=0.07
    0.6-1.0%  n=  41  win=24.4%  avgR=-0.15
    >=1.0%    n=  11  win=54.5%  avgR=1.09

  MFE before full-SL death (of 76 SL losers):
    >=+1R:   26 (34%)  <- a TP at 1R converts these
    >=+1.5R:   15 (20%)  <- a TP at 1.5R converts these
    >=+2R:    5 (7%)  <- a TP at 2R converts these
    >=+2.5R:    0 (0%)  <- a TP at 2.5R converts these
