[DB] Connecting to: postgresql://postgres:****@127.0.0.1:5432/fable_mexc_bot
Fetching AVAX_USDT Min5 for 60 days (offset 0d)...
Fetched 17280 candles

══════════════════════════════════════════════════════
  SNIPER BACKTEST  [AVAX_USDT Min5 60d]
  entry=next-open  sigma=3.5  volMult=2  lev=3x  risk=1.0%  fees=0.020%  slip=0.030%
══════════════════════════════════════════════════════
  Trades:            76
  Win rate:          30.3%  (breakeven at 3:1 after costs is ~26-28%)
  Avg win:           271.69 USDT
  Avg loss:          117.28 USDT
  Expectancy:        0.44 USDT/trade
  Avg R:             0.024R
  Profit factor:     1.01
  Total PnL:         33.37 USDT (0.3%)
  Total fees:        595.76 USDT
  Sharpe (per-trade):0.002
  Max drawdown (MTM):10.7%

  By signal type:
    sweep    n=  69  win=31.9%  pnl=469.88  avgR=0.09
    sigma    n=   7  win=14.3%  pnl=-436.52  avgR=-0.60

  By direction:
    long     n=  47  win=34.0%  pnl=633.02  avgR=0.15
    short    n=  29  win=24.1%  pnl=-599.65  avgR=-0.19

  By exit reason:
    sl       n=  53  win=0.0%  pnl=-6215.62  avgR=-1.13
    tp       n=  23  win=100.0%  pnl=6248.98  avgR=2.69

  Stop-distance buckets (stop as % of entry):
    <0.3%     n=   1  win=100.0%  avgR=2.45
    0.3-0.6%  n=  46  win=26.1%  avgR=-0.18
    0.6-1.0%  n=  20  win=40.0%  avgR=0.46
    >=1.0%    n=   9  win=22.2%  avgR=-0.19

  MFE before full-SL death (of 53 SL losers):
    >=+1R:   21 (40%)  <- a TP at 1R converts these
    >=+1.5R:   17 (32%)  <- a TP at 1.5R converts these
    >=+2R:   10 (19%)  <- a TP at 2R converts these
    >=+2.5R:    1 (2%)  <- a TP at 2.5R converts these
