[DB] Connecting to: postgresql://postgres:****@127.0.0.1:5432/fable_mexc_bot
Fetching INJ_USDT Min5 for 60 days (offset 0d)...
Fetched 17280 candles

══════════════════════════════════════════════════════
  SNIPER BACKTEST  [INJ_USDT Min5 60d]
  entry=next-open  sigma=3.5  volMult=2  lev=3x  risk=1.0%  fees=0.020%  slip=0.030%
══════════════════════════════════════════════════════
  Trades:            150
  Win rate:          24.7%  (breakeven at 3:1 after costs is ~26-28%)
  Avg win:           220.02 USDT
  Avg loss:          94.10 USDT
  Expectancy:        -16.62 USDT/trade
  Avg R:             -0.179R
  Profit factor:     0.77
  Total PnL:         -2492.62 USDT (-24.9%)
  Total fees:        876.96 USDT
  Sharpe (per-trade):-0.122
  Max drawdown (MTM):32.3%

  By signal type:
    sweep    n= 149  win=24.8%  pnl=-2413.64  avgR=-0.17
    sigma    n=   1  win=0.0%  pnl=-78.98  avgR=-1.26

  By direction:
    short    n=  81  win=21.0%  pnl=-2265.15  avgR=-0.32
    long     n=  69  win=29.0%  pnl=-227.47  avgR=-0.01

  By exit reason:
    sl       n= 113  win=0.0%  pnl=-10633.30  avgR=-1.12
    tp       n=  37  win=100.0%  pnl=8140.68  avgR=2.70

  Stop-distance buckets (stop as % of entry):
    <0.3%     n=   1  win=0.0%  avgR=-1.26
    0.3-0.6%  n=  79  win=27.8%  avgR=-0.10
    0.6-1.0%  n=  54  win=22.2%  avgR=-0.23
    >=1.0%    n=  16  win=18.8%  avgR=-0.32

  MFE before full-SL death (of 113 SL losers):
    >=+1R:   31 (27%)  <- a TP at 1R converts these
    >=+1.5R:   18 (16%)  <- a TP at 1.5R converts these
    >=+2R:    9 (8%)  <- a TP at 2R converts these
    >=+2.5R:    4 (4%)  <- a TP at 2.5R converts these
