[DB] Connecting to: postgresql://postgres:****@127.0.0.1:5432/fable_mexc_bot
Fetching SUI_USDT Min5 for 60 days (offset 0d)...
Fetched 17280 candles

══════════════════════════════════════════════════════
  SNIPER BACKTEST  [SUI_USDT Min5 60d]
  entry=next-open  sigma=3.5  volMult=2  lev=3x  risk=1.0%  fees=0.020%  slip=0.030%
══════════════════════════════════════════════════════
  Trades:            111
  Win rate:          30.6%  (breakeven at 3:1 after costs is ~26-28%)
  Avg win:           251.39 USDT
  Avg loss:          110.00 USDT
  Expectancy:        0.69 USDT/trade
  Avg R:             0.023R
  Profit factor:     1.01
  Total PnL:         77.02 USDT (0.8%)
  Total fees:        875.12 USDT
  Sharpe (per-trade):0.004
  Max drawdown (MTM):16.8%

  By signal type:
    sweep    n= 106  win=28.3%  pnl=-781.02  avgR=-0.06
    sigma    n=   5  win=80.0%  pnl=858.04  avgR=1.86

  By direction:
    long     n=  57  win=31.6%  pnl=224.23  avgR=0.07
    short    n=  54  win=29.6%  pnl=-147.21  avgR=-0.02

  By exit reason:
    sl       n=  77  win=0.0%  pnl=-8470.21  avgR=-1.14
    tp       n=  34  win=100.0%  pnl=8547.23  avgR=2.66

  Stop-distance buckets (stop as % of entry):
    <0.3%     n=   1  win=0.0%  avgR=-1.25
    0.3-0.6%  n=  78  win=33.3%  avgR=0.09
    0.6-1.0%  n=  23  win=17.4%  avgR=-0.43
    >=1.0%    n=   9  win=44.4%  avgR=0.69

  MFE before full-SL death (of 77 SL losers):
    >=+1R:   23 (30%)  <- a TP at 1R converts these
    >=+1.5R:   13 (17%)  <- a TP at 1.5R converts these
    >=+2R:    9 (12%)  <- a TP at 2R converts these
    >=+2.5R:    1 (1%)  <- a TP at 2.5R converts these
