[DB] Connecting to: postgresql://postgres:****@127.0.0.1:5432/fable_mexc_bot
Fetching HYPE_USDT Min15 for 60 days...
Fetched 5760 candles
  Config: EMA 9/21  RSI 35/65  ADX t/r 25/20  SL/TP 1.5/2.5xATR  trail 1.2xATR  lev 3x  fees 0.020%  slip 0.030%  (live parity; ML gate neutral)

══════════════════════════════════════════════════════
  BASE+FIXED  [HYPE_USDT Min15 60d]
══════════════════════════════════════════════════════
  Trades:            232
  Win rate:          40.9%
  Avg win:           103.23 USDT
  Avg loss:          70.86 USDT
  Expectancy:        0.43 USDT/trade
  Avg R:             0.014R
  Profit factor:     1.01
  Total PnL:         100.02 USDT (1.0%)
  Total fees:        717.22 USDT
  Sharpe (per-trade):0.005
  Max drawdown (MTM):9.0%

  Per-strategy:
    range    n=44    win=50.0%  pnl=966.41  avgR=0.26
    trend    n=188   win=38.8%  pnl=-866.39  avgR=-0.04
  Per-exit-reason:
    sl       n=137   win=0.0%  pnl=-9707.20
    tp       n=95    win=100.0%  pnl=9807.22
