[DB] Connecting to: postgresql://postgres:****@127.0.0.1:5432/fable_mexc_bot
Fetching LINK_USDT Min15 for 60 days...
Fetched 5760 candles
  Config: EMA 9/21  RSI 35/65  ADX t/r 25/20  SL/TP 1.5/2.5xATR  trail 1.2xATR  lev 3x  fees 0.020%  slip 0.030%  (live parity; ML gate neutral)

══════════════════════════════════════════════════════
  BASE+FIXED  [LINK_USDT Min15 60d]
══════════════════════════════════════════════════════
  Trades:            226
  Win rate:          35.8%
  Avg win:           75.64 USDT
  Avg loss:          51.31 USDT
  Expectancy:        -5.81 USDT/trade
  Avg R:             -0.152R
  Profit factor:     0.82
  Total PnL:         -1313.72 USDT (-13.1%)
  Total fees:        685.10 USDT
  Sharpe (per-trade):-0.090
  Max drawdown (MTM):25.6%

  Per-strategy:
    range    n=65    win=38.5%  pnl=-165.34  avgR=-0.09
    trend    n=161   win=34.8%  pnl=-1148.38  avgR=-0.18
  Per-exit-reason:
    tp       n=81    win=100.0%  pnl=6126.56
    sl       n=145   win=0.0%  pnl=-7440.28
