[DB] Connecting to: postgresql://postgres:****@127.0.0.1:5432/fable_mexc_bot
Fetching WLD_USDT Min5 for 60 days (offset 0d)...
Fetched 17280 candles

══════════════════════════════════════════════════════
  SNIPER BACKTEST  [WLD_USDT Min5 60d]
  entry=next-open  sigma=3.5  volMult=2  lev=3x  risk=1.0%  fees=0.020%  slip=0.030%
══════════════════════════════════════════════════════
  Trades:            5
  Win rate:          60.0%  (breakeven at 3:1 after costs is ~26-28%)
  Avg win:           190.79 USDT
  Avg loss:          106.59 USDT
  Expectancy:        71.84 USDT/trade
  Avg R:             0.724R
  Profit factor:     2.68
  Total PnL:         359.19 USDT (3.6%)
  Total fees:        16.99 USDT
  Sharpe (per-trade):0.409
  Max drawdown (MTM):2.9%

  By signal type:
    sweep    n=   5  win=60.0%  pnl=359.19  avgR=0.72

  By direction:
    short    n=   4  win=75.0%  pnl=465.94  avgR=1.17
    long     n=   1  win=0.0%  pnl=-106.75  avgR=-1.08

  By exit reason:
    sl       n=   2  win=0.0%  pnl=-213.18  avgR=-1.07
    tp       n=   2  win=100.0%  pnl=560.86  avgR=2.83
    eod      n=   1  win=100.0%  pnl=11.51  avgR=0.11

  Stop-distance buckets (stop as % of entry):
    0.6-1.0%  n=   2  win=50.0%  avgR=0.85
    >=1.0%    n=   3  win=66.7%  avgR=0.64

  MFE before full-SL death (of 2 SL losers):
    >=+1R:    2 (100%)  <- a TP at 1R converts these
    >=+1.5R:    0 (0%)  <- a TP at 1.5R converts these
    >=+2R:    0 (0%)  <- a TP at 2R converts these
    >=+2.5R:    0 (0%)  <- a TP at 2.5R converts these

Per-trade CSV: sn2_WLD_USDT.csv
