[DB] Connecting to: postgresql://postgres:****@127.0.0.1:5432/fable_mexc_bot
Fetching LINK_USDT Min5 for 60 days (offset 0d)...
Fetched 17280 candles

══════════════════════════════════════════════════════
  SNIPER BACKTEST  [LINK_USDT Min5 60d]
  entry=next-open  sigma=3.5  volMult=2  lev=3x  risk=1.0%  fees=0.020%  slip=0.030%
══════════════════════════════════════════════════════
  Trades:            134
  Win rate:          24.6%  (breakeven at 3:1 after costs is ~26-28%)
  Avg win:           262.39 USDT
  Avg loss:          110.98 USDT
  Expectancy:        -19.03 USDT/trade
  Avg R:             -0.204R
  Profit factor:     0.77
  Total PnL:         -2549.79 USDT (-25.5%)
  Total fees:        1071.11 USDT
  Sharpe (per-trade):-0.117
  Max drawdown (MTM):36.7%

  By signal type:
    sweep    n= 130  win=23.8%  pnl=-2928.97  avgR=-0.24
    sigma    n=   4  win=50.0%  pnl=379.19  avgR=0.81

  By direction:
    long     n=  62  win=30.6%  pnl=-33.03  avgR=0.03
    short    n=  72  win=19.4%  pnl=-2516.76  avgR=-0.40

  By exit reason:
    sl       n= 101  win=0.0%  pnl=-11208.77  avgR=-1.15
    tp       n=  33  win=100.0%  pnl=8658.99  avgR=2.68

  Stop-distance buckets (stop as % of entry):
    <0.3%     n=   6  win=33.3%  avgR=-0.02
    0.3-0.6%  n=  91  win=18.7%  avgR=-0.45
    0.6-1.0%  n=  32  win=34.4%  avgR=0.23
    >=1.0%    n=   5  win=60.0%  avgR=1.30

  MFE before full-SL death (of 101 SL losers):
    >=+1R:   35 (35%)  <- a TP at 1R converts these
    >=+1.5R:   19 (19%)  <- a TP at 1.5R converts these
    >=+2R:    7 (7%)  <- a TP at 2R converts these
    >=+2.5R:    1 (1%)  <- a TP at 2.5R converts these

Per-trade CSV: sn2_LINK_USDT.csv
