[DB] Connecting to: postgresql://postgres:****@127.0.0.1:5432/fable_mexc_bot
Fetching TAO_USDT Min5 for 60 days (offset 0d)...
Fetched 17280 candles

══════════════════════════════════════════════════════
  SNIPER BACKTEST  [TAO_USDT Min5 60d]
  entry=next-open  sigma=3.5  volMult=2  lev=3x  risk=1.0%  fees=0.020%  slip=0.030%
══════════════════════════════════════════════════════
  Trades:            110
  Win rate:          21.8%  (breakeven at 3:1 after costs is ~26-28%)
  Avg win:           238.10 USDT
  Avg loss:          100.07 USDT
  Expectancy:        -26.29 USDT/trade
  Avg R:             -0.298R
  Profit factor:     0.66
  Total PnL:         -2891.69 USDT (-28.9%)
  Total fees:        742.26 USDT
  Sharpe (per-trade):-0.187
  Max drawdown (MTM):33.6%

  By signal type:
    sweep    n= 107  win=21.5%  pnl=-2915.41  avgR=-0.31
    sigma    n=   3  win=33.3%  pnl=23.72  avgR=0.12

  By direction:
    long     n=  54  win=16.7%  pnl=-2457.81  avgR=-0.50
    short    n=  56  win=26.8%  pnl=-433.88  avgR=-0.11

  By exit reason:
    sl       n=  86  win=0.0%  pnl=-8606.00  avgR=-1.14
    tp       n=  24  win=100.0%  pnl=5714.31  avgR=2.70

  Stop-distance buckets (stop as % of entry):
    0.3-0.6%  n=  72  win=20.8%  avgR=-0.37
    0.6-1.0%  n=  35  win=22.9%  avgR=-0.21
    >=1.0%    n=   3  win=33.3%  avgR=0.26

  MFE before full-SL death (of 86 SL losers):
    >=+1R:   31 (36%)  <- a TP at 1R converts these
    >=+1.5R:   20 (23%)  <- a TP at 1.5R converts these
    >=+2R:   10 (12%)  <- a TP at 2R converts these
    >=+2.5R:    7 (8%)  <- a TP at 2.5R converts these

Per-trade CSV: sn2_TAO_USDT.csv
