[DB] Connecting to: postgresql://postgres:****@127.0.0.1:5432/fable_mexc_bot
Fetching HYPE_USDT Min5 for 60 days (offset 0d)...
Fetched 17280 candles

══════════════════════════════════════════════════════
  SNIPER BACKTEST  [HYPE_USDT Min5 60d]
  entry=next-open  sigma=3.5  volMult=2  lev=3x  risk=1.0%  fees=0.020%  slip=0.030%
══════════════════════════════════════════════════════
  Trades:            110
  Win rate:          29.1%  (breakeven at 3:1 after costs is ~26-28%)
  Avg win:           250.03 USDT
  Avg loss:          105.15 USDT
  Expectancy:        -1.82 USDT/trade
  Avg R:             -0.005R
  Profit factor:     0.98
  Total PnL:         -200.52 USDT (-2.0%)
  Total fees:        716.72 USDT
  Sharpe (per-trade):-0.011
  Max drawdown (MTM):17.5%

  By signal type:
    sweep    n= 108  win=29.6%  pnl=16.99  avgR=0.02
    sigma    n=   2  win=0.0%  pnl=-217.51  avgR=-1.14

  By direction:
    long     n=  55  win=38.2%  pnl=1704.18  avgR=0.35
    short    n=  55  win=20.0%  pnl=-1904.71  avgR=-0.36

  By exit reason:
    sl       n=  78  win=0.0%  pnl=-8201.51  avgR=-1.12
    tp       n=  32  win=100.0%  pnl=8000.99  avgR=2.72

  Stop-distance buckets (stop as % of entry):
    <0.3%     n=   1  win=0.0%  avgR=-1.25
    0.3-0.6%  n=  57  win=33.3%  avgR=0.12
    0.6-1.0%  n=  40  win=25.0%  avgR=-0.13
    >=1.0%    n=  12  win=25.0%  avgR=-0.08

  MFE before full-SL death (of 78 SL losers):
    >=+1R:   32 (41%)  <- a TP at 1R converts these
    >=+1.5R:   23 (29%)  <- a TP at 1.5R converts these
    >=+2R:   13 (17%)  <- a TP at 2R converts these
    >=+2.5R:    6 (8%)  <- a TP at 2.5R converts these

Per-trade CSV: sn2_HYPE_USDT.csv
