[DB] Connecting to: postgresql://postgres:****@127.0.0.1:5432/fable_mexc_bot
Fetching HYPE_USDT Min5 for 60 days (offset 60d)...
Fetched 17280 candles

══════════════════════════════════════════════════════
  SNIPER BACKTEST  [HYPE_USDT Min5 60d]
  entry=next-open  sigma=3.5  volMult=2  lev=3x  risk=1.0%  fees=0.020%  slip=0.030%  beAt=1R  offset=60d
══════════════════════════════════════════════════════
  Trades:            134
  Win rate:          17.2%  (breakeven at 3:1 after costs is ~26-28%)
  Avg win:           232.33 USDT
  Avg loss:          72.53 USDT
  Expectancy:        -20.20 USDT/trade
  Avg R:             -0.227R
  Profit factor:     0.66
  Total PnL:         -2707.34 USDT (-27.1%)
  Total fees:        775.01 USDT
  Sharpe (per-trade):-0.167
  Max drawdown (MTM):30.6%

  By signal type:
    sweep    n= 129  win=17.8%  pnl=-2313.91  avgR=-0.20
    sigma    n=   5  win=0.0%  pnl=-393.43  avgR=-0.94

  By direction:
    long     n=  53  win=13.2%  pnl=-1348.26  avgR=-0.30
    short    n=  81  win=19.8%  pnl=-1359.08  avgR=-0.18

  By exit reason:
    tp       n=  23  win=100.0%  pnl=5343.54  avgR=2.73
    sl       n=  80  win=0.0%  pnl=-7764.87  avgR=-1.12
    be       n=  31  win=0.0%  pnl=-286.01  avgR=-0.11

  Stop-distance buckets (stop as % of entry):
    <0.3%     n=   3  win=0.0%  avgR=-0.57
    0.3-0.6%  n=  59  win=18.6%  avgR=-0.34
    0.6-1.0%  n=  43  win=18.6%  avgR=-0.09
    >=1.0%    n=  29  win=13.8%  avgR=-0.16

  MFE before full-SL death (of 80 SL losers):
    >=+1R:    1 (1%)  <- a TP at 1R converts these
    >=+1.5R:    0 (0%)  <- a TP at 1.5R converts these
    >=+2R:    0 (0%)  <- a TP at 2R converts these
    >=+2.5R:    0 (0%)  <- a TP at 2.5R converts these
