[DB] Connecting to: postgresql://postgres:****@127.0.0.1:5432/fable_mexc_bot
Fetching LINK_USDT Min15 for 60 days...
Fetched 5760 candles
  Config: EMA 9/21  RSI 35/65  ADX t/r 25/29  SL/TP 1.5/2.5xATR  trail 1.2xATR  lev 3x  fees 0.020%  slip 0.030%  (live parity; ML gate neutral)
  !! F9 WARNING: adxRangeThreshold (29) >= adxTrendThreshold (25)
     -> "neutral" regime is IMPOSSIBLE; the live bot never stands aside.
     -> Re-run with --adx-range 20 to quantify what the neutral zone restores.

══════════════════════════════════════════════════════
  BASE+TRAILONLY  [LINK_USDT Min15 60d]
══════════════════════════════════════════════════════
  Trades:            258
  Win rate:          36.0%
  Avg win:           65.77 USDT
  Avg loss:          49.67 USDT
  Expectancy:        -8.06 USDT/trade
  Avg R:             -0.151R
  Profit factor:     0.75
  Total PnL:         -2078.55 USDT (-20.8%)
  Total fees:        745.83 USDT
  Sharpe (per-trade):-0.137
  Max drawdown (MTM):29.0%

  Per-strategy:
    range    n=117   win=36.8%  pnl=-865.54  avgR=-0.13
    trend    n=141   win=35.5%  pnl=-1213.01  avgR=-0.17
  Per-exit-reason:
    tp       n=91    win=100.0%  pnl=6076.45
    sl       n=164   win=0.0%  pnl=-8186.03
    trail    n=3     win=66.7%  pnl=31.03
