[DB] Connecting to: postgresql://postgres:****@127.0.0.1:5432/fable_mexc_bot
Fetching HYPE_USDT Min15 for 60 days...
Fetched 5760 candles
  Config: EMA 9/21  RSI 35/65  ADX t/r 25/29  SL/TP 1.5/2.5xATR  trail 1.2xATR  lev 3x  fees 0.020%  slip 0.030%  (live parity; ML gate neutral)
  !! F9 WARNING: adxRangeThreshold (29) >= adxTrendThreshold (25)
     -> "neutral" regime is IMPOSSIBLE; the live bot never stands aside.
     -> Re-run with --adx-range 20 to quantify what the neutral zone restores.

══════════════════════════════════════════════════════
  BASE+TRAILONLY  [HYPE_USDT Min15 60d]
══════════════════════════════════════════════════════
  Trades:            251
  Win rate:          40.6%
  Avg win:           103.20 USDT
  Avg loss:          69.02 USDT
  Expectancy:        0.97 USDT/trade
  Avg R:             -0.016R
  Profit factor:     1.02
  Total PnL:         242.90 USDT (2.4%)
  Total fees:        768.34 USDT
  Sharpe (per-trade):0.011
  Max drawdown (MTM):9.7%

  Per-strategy:
    range    n=89    win=43.8%  pnl=890.18  avgR=0.09
    trend    n=162   win=38.9%  pnl=-647.28  avgR=-0.08
  Per-exit-reason:
    sl       n=148   win=0.0%  pnl=-10259.72
    trail    n=11    win=90.9%  pnl=711.24
    tp       n=92    win=100.0%  pnl=9791.38
