[DB] Connecting to: postgresql://postgres:****@127.0.0.1:5432/fable_mexc_bot
Fetching TAO_USDT Min15 for 60 days...
Fetched 5760 candles
  Config: EMA 9/21  RSI 35/65  ADX t/r 25/29  SL/TP 1.5/2.5xATR  trail 1.2xATR  lev 3x  fees 0.020%  slip 0.030%  (live parity; ML gate neutral)
  !! F9 WARNING: adxRangeThreshold (29) >= adxTrendThreshold (25)
     -> "neutral" regime is IMPOSSIBLE; the live bot never stands aside.
     -> Re-run with --adx-range 20 to quantify what the neutral zone restores.

══════════════════════════════════════════════════════
  BASE+TRAILONLY  [TAO_USDT Min15 60d]
══════════════════════════════════════════════════════
  Trades:            258
  Win rate:          36.0%
  Avg win:           85.39 USDT
  Avg loss:          58.73 USDT
  Expectancy:        -6.78 USDT/trade
  Avg R:             -0.123R
  Profit factor:     0.82
  Total PnL:         -1749.12 USDT (-17.5%)
  Total fees:        700.85 USDT
  Sharpe (per-trade):-0.091
  Max drawdown (MTM):27.5%

  Per-strategy:
    range    n=139   win=36.0%  pnl=-1158.46  avgR=-0.13
    trend    n=119   win=36.1%  pnl=-590.66  avgR=-0.12
  Per-exit-reason:
    sl       n=165   win=0.0%  pnl=-9690.28
    tp       n=90    win=100.0%  pnl=7665.84
    trail    n=3     win=100.0%  pnl=275.32
