[DB] Connecting to: postgres://PASTE_THE_FULL_URL_HERE
Fetching DOGE_USDT Min60 for 180 days...
Fetched 4320 candles
  Config: EMA 9/21  RSI 35/65  ADX t/r 25/29  SL/TP 1.5/2.5xATR  trail 1.2xATR  lev 3x  fees 0.020%  slip 0.030%  (live parity; ML gate neutral)
  !! F9 WARNING: adxRangeThreshold (29) >= adxTrendThreshold (25)
     -> "neutral" regime is IMPOSSIBLE; the live bot never stands aside.
     -> Re-run with --adx-range 20 to quantify what the neutral zone restores.

══════════════════════════════════════════════════════
  BASE+FIXED+RANGE+MK  [DOGE_USDT Min60 180d]
══════════════════════════════════════════════════════
  Trades:            155
  Win rate:          35.5%
  Avg win:           213.97 USDT
  Avg loss:          137.88 USDT
  Expectancy:        -13.03 USDT/trade
  Avg R:             -0.083R
  Profit factor:     0.85
  Total PnL:         -2020.28 USDT (-20.2%)
  Total fees:        326.94 USDT
  Sharpe (per-trade):-0.073
  Max drawdown (MTM):30.8%

  Per-strategy:
    range    n=155   win=35.5%  pnl=-2020.28  avgR=-0.08
  Per-exit-reason:
    sl       n=100   win=0.0%  pnl=-13788.40
    tp       n=55    win=100.0%  pnl=11768.12

Per-trade CSVs: r4_range_DOGE_USDT_o180_*.csv
