[DB] Connecting to: postgres://PASTE_THE_FULL_URL_HERE
Fetching NEAR_USDT Min60 for 180 days...
Fetched 4320 candles
  Config: EMA 9/21  RSI 35/65  ADX t/r 25/29  SL/TP 1.5/2.5xATR  trail 1.2xATR  lev 3x  fees 0.020%  slip 0.030%  (live parity; ML gate neutral)
  !! F9 WARNING: adxRangeThreshold (29) >= adxTrendThreshold (25)
     -> "neutral" regime is IMPOSSIBLE; the live bot never stands aside.
     -> Re-run with --adx-range 20 to quantify what the neutral zone restores.

══════════════════════════════════════════════════════
  BASE+FIXED+RANGE+MK  [NEAR_USDT Min60 180d]
══════════════════════════════════════════════════════
  Trades:            171
  Win rate:          31.6%
  Avg win:           169.58 USDT
  Avg loss:          120.37 USDT
  Expectancy:        -28.80 USDT/trade
  Avg R:             -0.184R
  Profit factor:     0.65
  Total PnL:         -4925.48 USDT (-49.3%)
  Total fees:        264.01 USDT
  Sharpe (per-trade):-0.199
  Max drawdown (MTM):52.6%

  Per-strategy:
    range    n=171   win=31.6%  pnl=-4925.48  avgR=-0.18
  Per-exit-reason:
    tp       n=54    win=100.0%  pnl=9157.40
    sl       n=117   win=0.0%  pnl=-14082.87

Per-trade CSVs: r4_range_NEAR_USDT_o0_*.csv
