[DB] Connecting to: postgres://PASTE_THE_FULL_URL_HERE
Fetching AVAX_USDT Min60 for 180 days...
Fetched 4320 candles
  Config: EMA 9/21  RSI 35/65  ADX t/r 25/29  SL/TP 1.5/2.5xATR  trail 1.2xATR  lev 3x  fees 0.020%  slip 0.030%  (live parity; ML gate neutral)
  !! F9 WARNING: adxRangeThreshold (29) >= adxTrendThreshold (25)
     -> "neutral" regime is IMPOSSIBLE; the live bot never stands aside.
     -> Re-run with --adx-range 20 to quantify what the neutral zone restores.

══════════════════════════════════════════════════════
  BASE+FIXED+RANGE+MK  [AVAX_USDT Min60 180d]
══════════════════════════════════════════════════════
  Trades:            167
  Win rate:          32.9%
  Avg win:           244.22 USDT
  Avg loss:          139.19 USDT
  Expectancy:        -12.92 USDT/trade
  Avg R:             -0.148R
  Profit factor:     0.86
  Total PnL:         -2156.82 USDT (-21.6%)
  Total fees:        336.07 USDT
  Sharpe (per-trade):-0.069
  Max drawdown (MTM):30.0%

  Per-strategy:
    range    n=167   win=32.9%  pnl=-2156.82  avgR=-0.15
  Per-exit-reason:
    sl       n=112   win=0.0%  pnl=-15588.82
    tp       n=55    win=100.0%  pnl=13432.00

Per-trade CSVs: r4_range_AVAX_USDT_o360_*.csv
