[DB] Connecting to: postgres://PASTE_THE_FULL_URL_HERE
Fetching HYPE_USDT Min60 for 180 days...
Fetched 4320 candles
  Config: EMA 9/21  RSI 35/65  ADX t/r 25/29  SL/TP 1.5/2.5xATR  trail 1.2xATR  lev 3x  fees 0.020%  slip 0.030%  (live parity; ML gate neutral)
  !! F9 WARNING: adxRangeThreshold (29) >= adxTrendThreshold (25)
     -> "neutral" regime is IMPOSSIBLE; the live bot never stands aside.
     -> Re-run with --adx-range 20 to quantify what the neutral zone restores.

══════════════════════════════════════════════════════
  BASE+FIXED+RANGE+MK  [HYPE_USDT Min60 180d]
══════════════════════════════════════════════════════
  Trades:            161
  Win rate:          36.0%
  Avg win:           292.65 USDT
  Avg loss:          174.73 USDT
  Expectancy:        -6.36 USDT/trade
  Avg R:             -0.061R
  Profit factor:     0.94
  Total PnL:         -1023.20 USDT (-10.2%)
  Total fees:        326.48 USDT
  Sharpe (per-trade):-0.027
  Max drawdown (MTM):32.6%

  Per-strategy:
    range    n=161   win=36.0%  pnl=-1023.20  avgR=-0.06
  Per-exit-reason:
    tp       n=58    win=100.0%  pnl=16973.53
    sl       n=103   win=0.0%  pnl=-17996.73

Per-trade CSVs: r4_range_HYPE_USDT_o180_*.csv
