[DB] Connecting to: postgres://PASTE_THE_FULL_URL_HERE
Fetching AVAX_USDT Min60 for 180 days...
Fetched 4320 candles
  Config: EMA 9/21  RSI 35/65  ADX t/r 25/29  SL/TP 1.5/2.5xATR  trail 1.2xATR  lev 3x  fees 0.020%  slip 0.030%  (live parity; ML gate neutral)
  !! F9 WARNING: adxRangeThreshold (29) >= adxTrendThreshold (25)
     -> "neutral" regime is IMPOSSIBLE; the live bot never stands aside.
     -> Re-run with --adx-range 20 to quantify what the neutral zone restores.

══════════════════════════════════════════════════════
  BASE+FIXED+RANGE+MK  [AVAX_USDT Min60 180d]
══════════════════════════════════════════════════════
  Trades:            180
  Win rate:          31.7%
  Avg win:           174.96 USDT
  Avg loss:          111.50 USDT
  Expectancy:        -20.79 USDT/trade
  Avg R:             -0.187R
  Profit factor:     0.73
  Total PnL:         -3741.66 USDT (-37.4%)
  Total fees:        316.92 USDT
  Sharpe (per-trade):-0.145
  Max drawdown (MTM):41.1%

  Per-strategy:
    range    n=180   win=31.7%  pnl=-3741.66  avgR=-0.19
  Per-exit-reason:
    tp       n=57    win=100.0%  pnl=9972.86
    sl       n=123   win=0.0%  pnl=-13714.52

Per-trade CSVs: r4_range_AVAX_USDT_o180_*.csv
