[DB] Connecting to: postgres://PASTE_THE_FULL_URL_HERE
Fetching HYPE_USDT Min60 for 180 days...
Fetched 4320 candles
  Config: EMA 9/21  RSI 35/65  ADX t/r 25/29  SL/TP 1.5/2.5xATR  trail 1.2xATR  lev 3x  fees 0.020%  slip 0.030%  (live parity; ML gate neutral)
  !! F9 WARNING: adxRangeThreshold (29) >= adxTrendThreshold (25)
     -> "neutral" regime is IMPOSSIBLE; the live bot never stands aside.
     -> Re-run with --adx-range 20 to quantify what the neutral zone restores.

══════════════════════════════════════════════════════
  BASE+FIXED+RANGE+MK  [HYPE_USDT Min60 180d]
══════════════════════════════════════════════════════
  Trades:            137
  Win rate:          34.3%
  Avg win:           279.32 USDT
  Avg loss:          177.95 USDT
  Expectancy:        -21.08 USDT/trade
  Avg R:             -0.105R
  Profit factor:     0.82
  Total PnL:         -2887.35 USDT (-28.9%)
  Total fees:        258.14 USDT
  Sharpe (per-trade):-0.093
  Max drawdown (MTM):32.2%

  Per-strategy:
    range    n=137   win=34.3%  pnl=-2887.35  avgR=-0.10
  Per-exit-reason:
    sl       n=90    win=0.0%  pnl=-16015.28
    tp       n=47    win=100.0%  pnl=13127.93

Per-trade CSVs: r4_range_HYPE_USDT_o360_*.csv
