[DB] Connecting to: postgres://PASTE_THE_FULL_URL_HERE
Fetching SUI_USDT Min60 for 180 days...
Fetched 4320 candles
  Config: EMA 9/21  RSI 35/65  ADX t/r 25/29  SL/TP 1.5/2.5xATR  trail 1.2xATR  lev 3x  fees 0.020%  slip 0.030%  (live parity; ML gate neutral)
  !! F9 WARNING: adxRangeThreshold (29) >= adxTrendThreshold (25)
     -> "neutral" regime is IMPOSSIBLE; the live bot never stands aside.
     -> Re-run with --adx-range 20 to quantify what the neutral zone restores.

══════════════════════════════════════════════════════
  BASE+FIXED+RANGE+MK  [SUI_USDT Min60 180d]
══════════════════════════════════════════════════════
  Trades:            156
  Win rate:          32.1%
  Avg win:           207.84 USDT
  Avg loss:          132.48 USDT
  Expectancy:        -23.41 USDT/trade
  Avg R:             -0.171R
  Profit factor:     0.74
  Total PnL:         -3651.34 USDT (-36.5%)
  Total fees:        280.35 USDT
  Sharpe (per-trade):-0.140
  Max drawdown (MTM):47.6%

  Per-strategy:
    range    n=156   win=32.1%  pnl=-3651.34  avgR=-0.17
  Per-exit-reason:
    sl       n=106   win=0.0%  pnl=-14043.27
    tp       n=50    win=100.0%  pnl=10391.93

Per-trade CSVs: r4_range_SUI_USDT_o180_*.csv
