[DB] Connecting to: postgres://PASTE_THE_FULL_URL_HERE
Fetching SUI_USDT Min60 for 180 days...
Fetched 4320 candles
  Config: EMA 9/21  RSI 35/65  ADX t/r 25/29  SL/TP 1.5/2.5xATR  trail 1.2xATR  lev 3x  fees 0.020%  slip 0.030%  (live parity; ML gate neutral)
  !! F9 WARNING: adxRangeThreshold (29) >= adxTrendThreshold (25)
     -> "neutral" regime is IMPOSSIBLE; the live bot never stands aside.
     -> Re-run with --adx-range 20 to quantify what the neutral zone restores.

══════════════════════════════════════════════════════
  BASE+FIXED+RANGE+MK  [SUI_USDT Min60 180d]
══════════════════════════════════════════════════════
  Trades:            174
  Win rate:          37.9%
  Avg win:           293.28 USDT
  Avg loss:          181.47 USDT
  Expectancy:        -1.39 USDT/trade
  Avg R:             -0.010R
  Profit factor:     0.99
  Total PnL:         -242.06 USDT (-2.4%)
  Total fees:        382.10 USDT
  Sharpe (per-trade):-0.006
  Max drawdown (MTM):20.3%

  Per-strategy:
    range    n=174   win=37.9%  pnl=-242.06  avgR=-0.01
  Per-exit-reason:
    sl       n=108   win=0.0%  pnl=-19598.27
    tp       n=66    win=100.0%  pnl=19356.22

Per-trade CSVs: r4_range_SUI_USDT_o360_*.csv
