[DB] Connecting to: postgres://PASTE_THE_FULL_URL_HERE
Fetching TAO_USDT Min60 for 180 days...
Fetched 4320 candles
  Config: EMA 9/21  RSI 35/65  ADX t/r 25/29  SL/TP 1.5/2.5xATR  trail 1.2xATR  lev 3x  fees 0.020%  slip 0.030%  (live parity; ML gate neutral)
  !! F9 WARNING: adxRangeThreshold (29) >= adxTrendThreshold (25)
     -> "neutral" regime is IMPOSSIBLE; the live bot never stands aside.
     -> Re-run with --adx-range 20 to quantify what the neutral zone restores.

══════════════════════════════════════════════════════
  BASE+FIXED+RANGE+MK  [TAO_USDT Min60 180d]
══════════════════════════════════════════════════════
  Trades:            176
  Win rate:          38.1%
  Avg win:           335.85 USDT
  Avg loss:          206.42 USDT
  Expectancy:        0.02 USDT/trade
  Avg R:             -0.007R
  Profit factor:     1.00
  Total PnL:         2.84 USDT (0.0%)
  Total fees:        427.26 USDT
  Sharpe (per-trade):0.000
  Max drawdown (MTM):30.0%

  Per-strategy:
    range    n=176   win=38.1%  pnl=2.84  avgR=-0.01
  Per-exit-reason:
    sl       n=109   win=0.0%  pnl=-22499.25
    tp       n=67    win=100.0%  pnl=22502.09

Per-trade CSVs: r4_range_TAO_USDT_o180_*.csv
