[DB] Connecting to: postgres://PASTE_THE_FULL_URL_HERE
Fetching TAO_USDT Min60 for 180 days...
Fetched 4320 candles
  Config: EMA 9/21  RSI 35/65  ADX t/r 25/29  SL/TP 1.5/2.5xATR  trail 1.2xATR  lev 3x  fees 0.020%  slip 0.030%  (live parity; ML gate neutral)
  !! F9 WARNING: adxRangeThreshold (29) >= adxTrendThreshold (25)
     -> "neutral" regime is IMPOSSIBLE; the live bot never stands aside.
     -> Re-run with --adx-range 20 to quantify what the neutral zone restores.

══════════════════════════════════════════════════════
  BASE+FIXED+RANGE+MK  [TAO_USDT Min60 180d]
══════════════════════════════════════════════════════
  Trades:            183
  Win rate:          37.7%
  Avg win:           199.46 USDT
  Avg loss:          144.11 USDT
  Expectancy:        -14.57 USDT/trade
  Avg R:             -0.019R
  Profit factor:     0.84
  Total PnL:         -2665.99 USDT (-26.7%)
  Total fees:        313.84 USDT
  Sharpe (per-trade):-0.080
  Max drawdown (MTM):49.5%

  Per-strategy:
    range    n=183   win=37.7%  pnl=-2665.99  avgR=-0.02
  Per-exit-reason:
    tp       n=69    win=100.0%  pnl=13762.66
    sl       n=114   win=0.0%  pnl=-16428.65

Per-trade CSVs: r4_range_TAO_USDT_o0_*.csv
