[DB] Connecting to: postgres://PASTE_THE_FULL_URL_HERE
Fetching LINK_USDT Min60 for 180 days...
Fetched 4320 candles
  Config: EMA 9/21  RSI 35/65  ADX t/r 25/29  SL/TP 1.5/2.5xATR  trail 1.2xATR  lev 3x  fees 0.020%  slip 0.030%  (live parity; ML gate neutral)
  !! F9 WARNING: adxRangeThreshold (29) >= adxTrendThreshold (25)
     -> "neutral" regime is IMPOSSIBLE; the live bot never stands aside.
     -> Re-run with --adx-range 20 to quantify what the neutral zone restores.

══════════════════════════════════════════════════════
  BASE+FIXED+RANGE+MK  [LINK_USDT Min60 180d]
══════════════════════════════════════════════════════
  Trades:            183
  Win rate:          39.3%
  Avg win:           187.31 USDT
  Avg loss:          122.93 USDT
  Expectancy:        -0.87 USDT/trade
  Avg R:             0.013R
  Profit factor:     0.99
  Total PnL:         -158.89 USDT (-1.6%)
  Total fees:        436.31 USDT
  Sharpe (per-trade):-0.005
  Max drawdown (MTM):17.5%

  Per-strategy:
    range    n=183   win=39.3%  pnl=-158.89  avgR=0.01
  Per-exit-reason:
    tp       n=72    win=100.0%  pnl=13486.52
    sl       n=111   win=0.0%  pnl=-13645.40

Per-trade CSVs: r4_range_LINK_USDT_o0_*.csv
