[DB] Connecting to: postgres://PASTE_THE_FULL_URL_HERE
Fetching HYPE_USDT Min60 for 180 days...
Fetched 4320 candles
  Config: EMA 9/21  RSI 35/65  ADX t/r 25/29  SL/TP 1.5/2.5xATR  trail 1.2xATR  lev 3x  fees 0.020%  slip 0.030%  (live parity; ML gate neutral)
  !! F9 WARNING: adxRangeThreshold (29) >= adxTrendThreshold (25)
     -> "neutral" regime is IMPOSSIBLE; the live bot never stands aside.
     -> Re-run with --adx-range 20 to quantify what the neutral zone restores.

══════════════════════════════════════════════════════
  BASE+FIXED+RANGE+MK  [HYPE_USDT Min60 180d]
══════════════════════════════════════════════════════
  Trades:            191
  Win rate:          33.0%
  Avg win:           186.86 USDT
  Avg loss:          119.34 USDT
  Expectancy:        -18.34 USDT/trade
  Avg R:             -0.149R
  Profit factor:     0.77
  Total PnL:         -3503.75 USDT (-35.0%)
  Total fees:        323.76 USDT
  Sharpe (per-trade):-0.119
  Max drawdown (MTM):42.4%

  Per-strategy:
    range    n=191   win=33.0%  pnl=-3503.75  avgR=-0.15
  Per-exit-reason:
    tp       n=63    win=100.0%  pnl=11771.89
    sl       n=128   win=0.0%  pnl=-15275.64

Per-trade CSVs: r4_range_HYPE_USDT_o0_*.csv
