[DB] Connecting to: postgres://PASTE_THE_FULL_URL_HERE
Fetching SUI_USDT Min60 for 180 days...
Fetched 4320 candles
  Config: EMA 9/21  RSI 35/65  ADX t/r 25/29  SL/TP 1.5/2.5xATR  trail 1.2xATR  lev 3x  fees 0.020%  slip 0.030%  (live parity; ML gate neutral)
  !! F9 WARNING: adxRangeThreshold (29) >= adxTrendThreshold (25)
     -> "neutral" regime is IMPOSSIBLE; the live bot never stands aside.
     -> Re-run with --adx-range 20 to quantify what the neutral zone restores.

══════════════════════════════════════════════════════
  BASE+FIXED+RANGE+MK  [SUI_USDT Min60 180d]
══════════════════════════════════════════════════════
  Trades:            174
  Win rate:          39.7%
  Avg win:           202.73 USDT
  Avg loss:          137.60 USDT
  Expectancy:        -2.64 USDT/trade
  Avg R:             0.028R
  Profit factor:     0.97
  Total PnL:         -459.80 USDT (-4.6%)
  Total fees:        371.03 USDT
  Sharpe (per-trade):-0.015
  Max drawdown (MTM):27.5%

  Per-strategy:
    range    n=174   win=39.7%  pnl=-459.80  avgR=0.03
  Per-exit-reason:
    tp       n=69    win=100.0%  pnl=13988.71
    sl       n=105   win=0.0%  pnl=-14448.50

Per-trade CSVs: r4_range_SUI_USDT_o0_*.csv
