[DB] Connecting to: postgres://PASTE_THE_FULL_URL_HERE
Fetching LINK_USDT Min60 for 180 days...
Fetched 4320 candles
  Config: EMA 9/21  RSI 35/65  ADX t/r 25/29  SL/TP 1.5/2.5xATR  trail 1.2xATR  lev 3x  fees 0.020%  slip 0.030%  (live parity; ML gate neutral)
  !! F9 WARNING: adxRangeThreshold (29) >= adxTrendThreshold (25)
     -> "neutral" regime is IMPOSSIBLE; the live bot never stands aside.
     -> Re-run with --adx-range 20 to quantify what the neutral zone restores.

══════════════════════════════════════════════════════
  BASE+FIXED+RANGE+MK  [LINK_USDT Min60 180d]
══════════════════════════════════════════════════════
  Trades:            166
  Win rate:          32.5%
  Avg win:           209.82 USDT
  Avg loss:          127.74 USDT
  Expectancy:        -17.93 USDT/trade
  Avg R:             -0.159R
  Profit factor:     0.79
  Total PnL:         -2976.66 USDT (-29.8%)
  Total fees:        301.43 USDT
  Sharpe (per-trade):-0.109
  Max drawdown (MTM):37.9%

  Per-strategy:
    range    n=166   win=32.5%  pnl=-2976.66  avgR=-0.16
  Per-exit-reason:
    sl       n=112   win=0.0%  pnl=-14307.05
    tp       n=54    win=100.0%  pnl=11330.39

Per-trade CSVs: r4_range_LINK_USDT_o360_*.csv
