[DB] Connecting to: postgres://PASTE_THE_FULL_URL_HERE
Fetching LINK_USDT Min60 for 180 days...
Fetched 4320 candles
  Config: EMA 9/21  RSI 35/65  ADX t/r 25/29  SL/TP 1.5/2.5xATR  trail 1.2xATR  lev 3x  fees 0.020%  slip 0.030%  (live parity; ML gate neutral)
  !! F9 WARNING: adxRangeThreshold (29) >= adxTrendThreshold (25)
     -> "neutral" regime is IMPOSSIBLE; the live bot never stands aside.
     -> Re-run with --adx-range 20 to quantify what the neutral zone restores.

══════════════════════════════════════════════════════
  BASE+FIXED+RANGE+MK  [LINK_USDT Min60 180d]
══════════════════════════════════════════════════════
  Trades:            147
  Win rate:          35.4%
  Avg win:           203.77 USDT
  Avg loss:          131.47 USDT
  Expectancy:        -12.88 USDT/trade
  Avg R:             -0.085R
  Profit factor:     0.85
  Total PnL:         -1893.31 USDT (-18.9%)
  Total fees:        281.91 USDT
  Sharpe (per-trade):-0.076
  Max drawdown (MTM):30.4%

  Per-strategy:
    range    n=147   win=35.4%  pnl=-1893.31  avgR=-0.08
  Per-exit-reason:
    tp       n=52    win=100.0%  pnl=10595.91
    sl       n=95    win=0.0%  pnl=-12489.22

Per-trade CSVs: r4_range_LINK_USDT_o180_*.csv
