[DB] Connecting to: postgres://PASTE_THE_FULL_URL_HERE
Fetching DOGE_USDT Min60 for 180 days...
Fetched 4320 candles
  Config: EMA 9/21  RSI 35/65  ADX t/r 25/29  SL/TP 1.5/2.5xATR  trail 1.2xATR  lev 3x  fees 0.020%  slip 0.030%  (live parity; ML gate neutral)
  !! F9 WARNING: adxRangeThreshold (29) >= adxTrendThreshold (25)
     -> "neutral" regime is IMPOSSIBLE; the live bot never stands aside.
     -> Re-run with --adx-range 20 to quantify what the neutral zone restores.

══════════════════════════════════════════════════════
  BASE+FIXED+RANGE+MK  [DOGE_USDT Min60 180d]
══════════════════════════════════════════════════════
  Trades:            193
  Win rate:          44.0%
  Avg win:           186.45 USDT
  Avg loss:          125.96 USDT
  Expectancy:        11.63 USDT/trade
  Avg R:             0.139R
  Profit factor:     1.17
  Total PnL:         2244.68 USDT (22.4%)
  Total fees:        473.45 USDT
  Sharpe (per-trade):0.070
  Max drawdown (MTM):20.2%

  Per-strategy:
    range    n=193   win=44.0%  pnl=2244.68  avgR=0.14
  Per-exit-reason:
    tp       n=85    win=100.0%  pnl=15848.12
    sl       n=108   win=0.0%  pnl=-13603.44

Per-trade CSVs: r4_range_DOGE_USDT_o0_*.csv
