[DB] Connecting to: postgres://PASTE_THE_FULL_URL_HERE
Fetching WLD_USDT Min60 for 180 days...
Fetched 4320 candles
  Config: EMA 9/21  RSI 35/65  ADX t/r 25/29  SL/TP 1.5/2.5xATR  trail 1.2xATR  lev 3x  fees 0.020%  slip 0.030%  (live parity; ML gate neutral)
  !! F9 WARNING: adxRangeThreshold (29) >= adxTrendThreshold (25)
     -> "neutral" regime is IMPOSSIBLE; the live bot never stands aside.
     -> Re-run with --adx-range 20 to quantify what the neutral zone restores.

══════════════════════════════════════════════════════
  BASE+FIXED+RANGE+MK  [WLD_USDT Min60 180d]
══════════════════════════════════════════════════════
  Trades:            151
  Win rate:          37.1%
  Avg win:           249.97 USDT
  Avg loss:          168.96 USDT
  Expectancy:        -13.60 USDT/trade
  Avg R:             -0.033R
  Profit factor:     0.87
  Total PnL:         -2053.23 USDT (-20.5%)
  Total fees:        290.87 USDT
  Sharpe (per-trade):-0.064
  Max drawdown (MTM):34.6%

  Per-strategy:
    range    n=151   win=37.1%  pnl=-2053.23  avgR=-0.03
  Per-exit-reason:
    sl       n=95    win=0.0%  pnl=-16051.59
    tp       n=56    win=100.0%  pnl=13998.35

Per-trade CSVs: r4_range_WLD_USDT_o180_*.csv
