[DB] Connecting to: postgres://PASTE_THE_FULL_URL_HERE
Fetching NEAR_USDT Min60 for 180 days...
Fetched 4320 candles
  Config: EMA 9/21  RSI 35/65  ADX t/r 25/29  SL/TP 1.5/2.5xATR  trail 1.2xATR  lev 3x  fees 0.020%  slip 0.030%  (live parity; ML gate neutral)
  !! F9 WARNING: adxRangeThreshold (29) >= adxTrendThreshold (25)
     -> "neutral" regime is IMPOSSIBLE; the live bot never stands aside.
     -> Re-run with --adx-range 20 to quantify what the neutral zone restores.

══════════════════════════════════════════════════════
  BASE+FIXED+RANGE+MK  [NEAR_USDT Min60 180d]
══════════════════════════════════════════════════════
  Trades:            164
  Win rate:          32.3%
  Avg win:           244.00 USDT
  Avg loss:          142.23 USDT
  Expectancy:        -17.41 USDT/trade
  Avg R:             -0.156R
  Profit factor:     0.82
  Total PnL:         -2855.98 USDT (-28.6%)
  Total fees:        310.00 USDT
  Sharpe (per-trade):-0.092
  Max drawdown (MTM):37.5%

  Per-strategy:
    range    n=164   win=32.3%  pnl=-2855.98  avgR=-0.16
  Per-exit-reason:
    sl       n=110   win=0.0%  pnl=-15786.56
    tp       n=53    win=100.0%  pnl=12932.08
    eod      n=1     win=0.0%  pnl=-1.50

Per-trade CSVs: r4_range_NEAR_USDT_o360_*.csv
