[DB] Connecting to: postgres://PASTE_THE_FULL_URL_HERE
Fetching DOGE_USDT Min60 for 180 days...
Fetched 4320 candles
  Config: EMA 9/21  RSI 35/65  ADX t/r 25/29  SL/TP 1.5/2.5xATR  trail 1.2xATR  lev 3x  fees 0.020%  slip 0.030%  (live parity; ML gate neutral)
  !! F9 WARNING: adxRangeThreshold (29) >= adxTrendThreshold (25)
     -> "neutral" regime is IMPOSSIBLE; the live bot never stands aside.
     -> Re-run with --adx-range 20 to quantify what the neutral zone restores.

══════════════════════════════════════════════════════
  BASE+FIXED+RANGE+MK  [DOGE_USDT Min60 180d]
══════════════════════════════════════════════════════
  Trades:            177
  Win rate:          31.1%
  Avg win:           239.67 USDT
  Avg loss:          137.26 USDT
  Expectancy:        -20.13 USDT/trade
  Avg R:             -0.197R
  Profit factor:     0.79
  Total PnL:         -3563.77 USDT (-35.6%)
  Total fees:        335.61 USDT
  Sharpe (per-trade):-0.110
  Max drawdown (MTM):41.1%

  Per-strategy:
    range    n=177   win=31.1%  pnl=-3563.77  avgR=-0.20
  Per-exit-reason:
    sl       n=122   win=0.0%  pnl=-16745.72
    tp       n=55    win=100.0%  pnl=13181.95

Per-trade CSVs: r4_range_DOGE_USDT_o360_*.csv
