[DB] Connecting to: postgres://PASTE_THE_FULL_URL_HERE
Fetching AVAX_USDT Min60 for 180 days...
Fetched 4320 candles
  Config: EMA 9/21  RSI 35/65  ADX t/r 25/29  SL/TP 1.5/2.5xATR  trail 1.2xATR  lev 3x  fees 0.020%  slip 0.030%  (live parity; ML gate neutral)
  !! F9 WARNING: adxRangeThreshold (29) >= adxTrendThreshold (25)
     -> "neutral" regime is IMPOSSIBLE; the live bot never stands aside.
     -> Re-run with --adx-range 20 to quantify what the neutral zone restores.

══════════════════════════════════════════════════════
  BASE+FIXED+RANGE+MK  [AVAX_USDT Min60 180d]
══════════════════════════════════════════════════════
  Trades:            172
  Win rate:          45.9%
  Avg win:           217.69 USDT
  Avg loss:          144.65 USDT
  Expectancy:        21.78 USDT/trade
  Avg R:             0.193R
  Profit factor:     1.28
  Total PnL:         3745.36 USDT (37.5%)
  Total fees:        445.52 USDT
  Sharpe (per-trade):0.114
  Max drawdown (MTM):17.2%

  Per-strategy:
    range    n=172   win=45.9%  pnl=3745.36  avgR=0.19
  Per-exit-reason:
    tp       n=79    win=100.0%  pnl=17197.83
    sl       n=93    win=0.0%  pnl=-13452.46

Per-trade CSVs: r4_range_AVAX_USDT_o0_*.csv
