[DB] Connecting to: postgres://PASTE_THE_FULL_URL_HERE
Fetching SOL_USDT Min60 for 180 days...
Fetched 4320 candles
  Config: EMA 9/21  RSI 35/65  ADX t/r 25/29  SL/TP 1.5/2.5xATR  trail 1.2xATR  lev 3x  fees 0.020%  slip 0.030%  (live parity; ML gate neutral)
  !! F9 WARNING: adxRangeThreshold (29) >= adxTrendThreshold (25)
     -> "neutral" regime is IMPOSSIBLE; the live bot never stands aside.
     -> Re-run with --adx-range 20 to quantify what the neutral zone restores.

══════════════════════════════════════════════════════
  BASE+FIXED+RANGE+MK  [SOL_USDT Min60 180d]
══════════════════════════════════════════════════════
  Trades:            176
  Win rate:          38.1%
  Avg win:           245.37 USDT
  Avg loss:          152.14 USDT
  Expectancy:        -0.81 USDT/trade
  Avg R:             -0.014R
  Profit factor:     0.99
  Total PnL:         -143.05 USDT (-1.4%)
  Total fees:        416.05 USDT
  Sharpe (per-trade):-0.004
  Max drawdown (MTM):26.6%

  Per-strategy:
    range    n=176   win=38.1%  pnl=-143.05  avgR=-0.01
  Per-exit-reason:
    tp       n=67    win=100.0%  pnl=16439.67
    sl       n=109   win=0.0%  pnl=-16582.72

Per-trade CSVs: r4_range_SOL_USDT_o180_*.csv
