[DB] Connecting to: postgres://PASTE_THE_FULL_URL_HERE
Fetching SOL_USDT Min60 for 180 days...
Fetched 4320 candles
  Config: EMA 9/21  RSI 35/65  ADX t/r 25/29  SL/TP 1.5/2.5xATR  trail 1.2xATR  lev 3x  fees 0.020%  slip 0.030%  (live parity; ML gate neutral)
  !! F9 WARNING: adxRangeThreshold (29) >= adxTrendThreshold (25)
     -> "neutral" regime is IMPOSSIBLE; the live bot never stands aside.
     -> Re-run with --adx-range 20 to quantify what the neutral zone restores.

══════════════════════════════════════════════════════
  BASE+FIXED+TREND  [SOL_USDT Min60 180d]
══════════════════════════════════════════════════════
  Trades:            231
  Win rate:          35.9%
  Avg win:           189.88 USDT
  Avg loss:          123.67 USDT
  Expectancy:        -11.01 USDT/trade
  Avg R:             -0.084R
  Profit factor:     0.86
  Total PnL:         -2543.44 USDT (-25.4%)
  Total fees:        601.93 USDT
  Sharpe (per-trade):-0.069
  Max drawdown (MTM):43.4%

  Per-strategy:
    trend    n=231   win=35.9%  pnl=-2543.44  avgR=-0.08
  Per-exit-reason:
    sl       n=148   win=0.0%  pnl=-18303.63
    tp       n=82    win=100.0%  pnl=15743.55
    eod      n=1     win=100.0%  pnl=16.64

Per-trade CSVs: r4_trend_SOL_USDT_o180_*.csv
