[DB] Connecting to: postgres://PASTE_THE_FULL_URL_HERE
Fetching SOL_USDT Min60 for 180 days...
Fetched 4320 candles
  Config: EMA 9/21  RSI 35/65  ADX t/r 25/29  SL/TP 1.5/2.5xATR  trail 1.2xATR  lev 3x  fees 0.020%  slip 0.030%  (live parity; ML gate neutral)
  !! F9 WARNING: adxRangeThreshold (29) >= adxTrendThreshold (25)
     -> "neutral" regime is IMPOSSIBLE; the live bot never stands aside.
     -> Re-run with --adx-range 20 to quantify what the neutral zone restores.

══════════════════════════════════════════════════════
  BASE+FIXED+TREND  [SOL_USDT Min60 180d]
══════════════════════════════════════════════════════
  Trades:            267
  Win rate:          37.1%
  Avg win:           166.04 USDT
  Avg loss:          109.82 USDT
  Expectancy:        -7.53 USDT/trade
  Avg R:             -0.048R
  Profit factor:     0.89
  Total PnL:         -2011.74 USDT (-20.1%)
  Total fees:        591.75 USDT
  Sharpe (per-trade):-0.053
  Max drawdown (MTM):38.7%

  Per-strategy:
    trend    n=267   win=37.1%  pnl=-2011.74  avgR=-0.05
  Per-exit-reason:
    sl       n=168   win=0.0%  pnl=-18449.71
    tp       n=98    win=100.0%  pnl=16312.69
    eod      n=1     win=100.0%  pnl=125.28

Per-trade CSVs: r4_trend_SOL_USDT_o360_*.csv
