[DB] Connecting to: postgres://PASTE_THE_FULL_URL_HERE
Fetching AVAX_USDT Min60 for 180 days...
Fetched 4320 candles
  Config: EMA 9/21  RSI 35/65  ADX t/r 25/29  SL/TP 1.5/2.5xATR  trail 1.2xATR  lev 3x  fees 0.020%  slip 0.030%  (live parity; ML gate neutral)
  !! F9 WARNING: adxRangeThreshold (29) >= adxTrendThreshold (25)
     -> "neutral" regime is IMPOSSIBLE; the live bot never stands aside.
     -> Re-run with --adx-range 20 to quantify what the neutral zone restores.

══════════════════════════════════════════════════════
  BASE+FIXED+TREND  [AVAX_USDT Min60 180d]
══════════════════════════════════════════════════════
  Trades:            266
  Win rate:          32.3%
  Avg win:           166.48 USDT
  Avg loss:          99.63 USDT
  Expectancy:        -13.59 USDT/trade
  Avg R:             -0.182R
  Profit factor:     0.80
  Total PnL:         -3615.33 USDT (-36.2%)
  Total fees:        675.30 USDT
  Sharpe (per-trade):-0.101
  Max drawdown (MTM):42.4%

  Per-strategy:
    trend    n=266   win=32.3%  pnl=-3615.33  avgR=-0.18
  Per-exit-reason:
    tp       n=86    win=100.0%  pnl=14317.21
    sl       n=180   win=0.0%  pnl=-17932.54

Per-trade CSVs: r4_trend_AVAX_USDT_o0_*.csv
