[DB] Connecting to: postgres://PASTE_THE_FULL_URL_HERE
Fetching HYPE_USDT Min60 for 180 days...
Fetched 4320 candles
  Config: EMA 9/21  RSI 35/65  ADX t/r 25/29  SL/TP 1.5/2.5xATR  trail 1.2xATR  lev 3x  fees 0.020%  slip 0.030%  (live parity; ML gate neutral)
  !! F9 WARNING: adxRangeThreshold (29) >= adxTrendThreshold (25)
     -> "neutral" regime is IMPOSSIBLE; the live bot never stands aside.
     -> Re-run with --adx-range 20 to quantify what the neutral zone restores.

══════════════════════════════════════════════════════
  BASE+FIXED+TREND  [HYPE_USDT Min60 180d]
══════════════════════════════════════════════════════
  Trades:            277
  Win rate:          38.6%
  Avg win:           345.09 USDT
  Avg loss:          221.34 USDT
  Expectancy:        -2.54 USDT/trade
  Avg R:             0.008R
  Profit factor:     0.98
  Total PnL:         -702.95 USDT (-7.0%)
  Total fees:        816.48 USDT
  Sharpe (per-trade):-0.009
  Max drawdown (MTM):44.0%

  Per-strategy:
    trend    n=277   win=38.6%  pnl=-702.95  avgR=0.01
  Per-exit-reason:
    sl       n=170   win=0.0%  pnl=-37627.97
    tp       n=107   win=100.0%  pnl=36925.02

Per-trade CSVs: r4_trend_HYPE_USDT_o360_*.csv
