[DB] Connecting to: postgres://PASTE_THE_FULL_URL_HERE
Fetching SUI_USDT Min60 for 180 days...
Fetched 4320 candles
  Config: EMA 9/21  RSI 35/65  ADX t/r 25/29  SL/TP 1.5/2.5xATR  trail 1.2xATR  lev 3x  fees 0.020%  slip 0.030%  (live parity; ML gate neutral)
  !! F9 WARNING: adxRangeThreshold (29) >= adxTrendThreshold (25)
     -> "neutral" regime is IMPOSSIBLE; the live bot never stands aside.
     -> Re-run with --adx-range 20 to quantify what the neutral zone restores.

══════════════════════════════════════════════════════
  BASE+FIXED+TREND  [SUI_USDT Min60 180d]
══════════════════════════════════════════════════════
  Trades:            213
  Win rate:          36.6%
  Avg win:           264.11 USDT
  Avg loss:          164.64 USDT
  Expectancy:        -7.63 USDT/trade
  Avg R:             -0.053R
  Profit factor:     0.93
  Total PnL:         -1625.20 USDT (-16.3%)
  Total fees:        629.70 USDT
  Sharpe (per-trade):-0.035
  Max drawdown (MTM):41.2%

  Per-strategy:
    trend    n=213   win=36.6%  pnl=-1625.20  avgR=-0.05
  Per-exit-reason:
    tp       n=78    win=100.0%  pnl=20600.64
    sl       n=135   win=0.0%  pnl=-22225.84

Per-trade CSVs: r4_trend_SUI_USDT_o180_*.csv
