[DB] Connecting to: postgres://PASTE_THE_FULL_URL_HERE
Fetching NEAR_USDT Min60 for 180 days...
Fetched 4320 candles
  Config: EMA 9/21  RSI 35/65  ADX t/r 25/29  SL/TP 1.5/2.5xATR  trail 1.2xATR  lev 3x  fees 0.020%  slip 0.030%  (live parity; ML gate neutral)
  !! F9 WARNING: adxRangeThreshold (29) >= adxTrendThreshold (25)
     -> "neutral" regime is IMPOSSIBLE; the live bot never stands aside.
     -> Re-run with --adx-range 20 to quantify what the neutral zone restores.

══════════════════════════════════════════════════════
  BASE+FIXED+TREND  [NEAR_USDT Min60 180d]
══════════════════════════════════════════════════════
  Trades:            256
  Win rate:          37.9%
  Avg win:           199.98 USDT
  Avg loss:          141.10 USDT
  Expectancy:        -11.87 USDT/trade
  Avg R:             -0.018R
  Profit factor:     0.86
  Total PnL:         -3037.84 USDT (-30.4%)
  Total fees:        610.65 USDT
  Sharpe (per-trade):-0.067
  Max drawdown (MTM):48.6%

  Per-strategy:
    trend    n=256   win=37.9%  pnl=-3037.84  avgR=-0.02
  Per-exit-reason:
    tp       n=97    win=100.0%  pnl=19397.84
    sl       n=159   win=0.0%  pnl=-22435.67

Per-trade CSVs: r4_trend_NEAR_USDT_o180_*.csv
