[DB] Connecting to: postgres://PASTE_THE_FULL_URL_HERE
Fetching LINK_USDT Min60 for 180 days...
Fetched 4320 candles
  Config: EMA 9/21  RSI 35/65  ADX t/r 25/29  SL/TP 1.5/2.5xATR  trail 1.2xATR  lev 3x  fees 0.020%  slip 0.030%  (live parity; ML gate neutral)
  !! F9 WARNING: adxRangeThreshold (29) >= adxTrendThreshold (25)
     -> "neutral" regime is IMPOSSIBLE; the live bot never stands aside.
     -> Re-run with --adx-range 20 to quantify what the neutral zone restores.

══════════════════════════════════════════════════════
  BASE+FIXED+TREND  [LINK_USDT Min60 180d]
══════════════════════════════════════════════════════
  Trades:            255
  Win rate:          36.1%
  Avg win:           226.87 USDT
  Avg loss:          149.55 USDT
  Expectancy:        -13.74 USDT/trade
  Avg R:             -0.066R
  Profit factor:     0.86
  Total PnL:         -3504.13 USDT (-35.0%)
  Total fees:        685.31 USDT
  Sharpe (per-trade):-0.071
  Max drawdown (MTM):42.5%

  Per-strategy:
    trend    n=255   win=36.1%  pnl=-3504.13  avgR=-0.07
  Per-exit-reason:
    tp       n=92    win=100.0%  pnl=20871.81
    sl       n=162   win=0.0%  pnl=-24330.63
    eod      n=1     win=0.0%  pnl=-45.31

Per-trade CSVs: r4_trend_LINK_USDT_o360_*.csv
