[DB] Connecting to: postgres://PASTE_THE_FULL_URL_HERE
Fetching TAO_USDT Min60 for 180 days...
Fetched 4320 candles
  Config: EMA 9/21  RSI 35/65  ADX t/r 25/29  SL/TP 1.5/2.5xATR  trail 1.2xATR  lev 3x  fees 0.020%  slip 0.030%  (live parity; ML gate neutral)
  !! F9 WARNING: adxRangeThreshold (29) >= adxTrendThreshold (25)
     -> "neutral" regime is IMPOSSIBLE; the live bot never stands aside.
     -> Re-run with --adx-range 20 to quantify what the neutral zone restores.

══════════════════════════════════════════════════════
  BASE+FIXED+TREND  [TAO_USDT Min60 180d]
══════════════════════════════════════════════════════
  Trades:            263
  Win rate:          39.5%
  Avg win:           263.22 USDT
  Avg loss:          175.50 USDT
  Expectancy:        -2.02 USDT/trade
  Avg R:             0.034R
  Profit factor:     0.98
  Total PnL:         -530.46 USDT (-5.3%)
  Total fees:        696.16 USDT
  Sharpe (per-trade):-0.009
  Max drawdown (MTM):37.0%

  Per-strategy:
    trend    n=263   win=39.5%  pnl=-530.46  avgR=0.03
  Per-exit-reason:
    sl       n=158   win=0.0%  pnl=-27895.69
    tp       n=104   win=100.0%  pnl=27374.46
    eod      n=1     win=0.0%  pnl=-9.22

Per-trade CSVs: r4_trend_TAO_USDT_o360_*.csv
