[DB] Connecting to: postgres://PASTE_THE_FULL_URL_HERE
Fetching LINK_USDT Min60 for 180 days...
Fetched 4320 candles
  Config: EMA 9/21  RSI 35/65  ADX t/r 25/29  SL/TP 1.5/2.5xATR  trail 1.2xATR  lev 3x  fees 0.020%  slip 0.030%  (live parity; ML gate neutral)
  !! F9 WARNING: adxRangeThreshold (29) >= adxTrendThreshold (25)
     -> "neutral" regime is IMPOSSIBLE; the live bot never stands aside.
     -> Re-run with --adx-range 20 to quantify what the neutral zone restores.

══════════════════════════════════════════════════════
  BASE+FIXED+TREND  [LINK_USDT Min60 180d]
══════════════════════════════════════════════════════
  Trades:            267
  Win rate:          28.5%
  Avg win:           148.31 USDT
  Avg loss:          94.50 USDT
  Expectancy:        -25.39 USDT/trade
  Avg R:             -0.277R
  Profit factor:     0.62
  Total PnL:         -6778.35 USDT (-67.8%)
  Total fees:        516.41 USDT
  Sharpe (per-trade):-0.209
  Max drawdown (MTM):68.8%

  Per-strategy:
    trend    n=267   win=28.5%  pnl=-6778.35  avgR=-0.28
  Per-exit-reason:
    tp       n=76    win=100.0%  pnl=11271.49
    sl       n=191   win=0.0%  pnl=-18049.84

Per-trade CSVs: r4_trend_LINK_USDT_o180_*.csv
