[DB] Connecting to: postgres://PASTE_THE_FULL_URL_HERE
Fetching SOL_USDT Min60 for 180 days...
Fetched 4320 candles
  Config: EMA 9/21  RSI 35/65  ADX t/r 25/29  SL/TP 1.5/2.5xATR  trail 1.2xATR  lev 3x  fees 0.020%  slip 0.030%  (live parity; ML gate neutral)
  !! F9 WARNING: adxRangeThreshold (29) >= adxTrendThreshold (25)
     -> "neutral" regime is IMPOSSIBLE; the live bot never stands aside.
     -> Re-run with --adx-range 20 to quantify what the neutral zone restores.

══════════════════════════════════════════════════════
  BASE+FIXED+TREND  [SOL_USDT Min60 180d]
══════════════════════════════════════════════════════
  Trades:            269
  Win rate:          38.3%
  Avg win:           183.17 USDT
  Avg loss:          108.46 USDT
  Expectancy:        3.20 USDT/trade
  Avg R:             -0.026R
  Profit factor:     1.05
  Total PnL:         861.76 USDT (8.6%)
  Total fees:        827.12 USDT
  Sharpe (per-trade):0.021
  Max drawdown (MTM):17.1%

  Per-strategy:
    trend    n=269   win=38.3%  pnl=861.76  avgR=-0.03
  Per-exit-reason:
    tp       n=103   win=100.0%  pnl=18866.35
    sl       n=165   win=0.0%  pnl=-17954.02
    eod      n=1     win=0.0%  pnl=-50.57

Per-trade CSVs: r4_trend_SOL_USDT_o0_*.csv
