[DB] Connecting to: postgres://PASTE_THE_FULL_URL_HERE
Fetching SUI_USDT Min60 for 180 days...
Fetched 4320 candles
  Config: EMA 9/21  RSI 35/65  ADX t/r 25/29  SL/TP 1.5/2.5xATR  trail 1.2xATR  lev 3x  fees 0.020%  slip 0.030%  (live parity; ML gate neutral)
  !! F9 WARNING: adxRangeThreshold (29) >= adxTrendThreshold (25)
     -> "neutral" regime is IMPOSSIBLE; the live bot never stands aside.
     -> Re-run with --adx-range 20 to quantify what the neutral zone restores.

══════════════════════════════════════════════════════
  BASE+FIXED+TREND  [SUI_USDT Min60 180d]
══════════════════════════════════════════════════════
  Trades:            249
  Win rate:          39.0%
  Avg win:           253.23 USDT
  Avg loss:          164.66 USDT
  Expectancy:        -1.86 USDT/trade
  Avg R:             0.007R
  Profit factor:     0.98
  Total PnL:         -464.36 USDT (-4.6%)
  Total fees:        640.41 USDT
  Sharpe (per-trade):-0.009
  Max drawdown (MTM):35.2%

  Per-strategy:
    trend    n=249   win=39.0%  pnl=-464.36  avgR=0.01
  Per-exit-reason:
    sl       n=152   win=0.0%  pnl=-25027.98
    tp       n=96    win=100.0%  pnl=24533.13
    eod      n=1     win=100.0%  pnl=30.49

Per-trade CSVs: r4_trend_SUI_USDT_o360_*.csv
