[DB] Connecting to: postgres://PASTE_THE_FULL_URL_HERE
Fetching WLD_USDT Min60 for 180 days...
Fetched 4320 candles
  Config: EMA 9/21  RSI 35/65  ADX t/r 25/29  SL/TP 1.5/2.5xATR  trail 1.2xATR  lev 3x  fees 0.020%  slip 0.030%  (live parity; ML gate neutral)
  !! F9 WARNING: adxRangeThreshold (29) >= adxTrendThreshold (25)
     -> "neutral" regime is IMPOSSIBLE; the live bot never stands aside.
     -> Re-run with --adx-range 20 to quantify what the neutral zone restores.

══════════════════════════════════════════════════════
  BASE+FIXED+TREND  [WLD_USDT Min60 180d]
══════════════════════════════════════════════════════
  Trades:            270
  Win rate:          39.3%
  Avg win:           315.64 USDT
  Avg loss:          201.62 USDT
  Expectancy:        1.45 USDT/trade
  Avg R:             0.023R
  Profit factor:     1.01
  Total PnL:         392.60 USDT (3.9%)
  Total fees:        798.63 USDT
  Sharpe (per-trade):0.005
  Max drawdown (MTM):29.2%

  Per-strategy:
    trend    n=270   win=39.3%  pnl=392.60  avgR=0.02
  Per-exit-reason:
    tp       n=106   win=100.0%  pnl=33458.03
    sl       n=163   win=0.0%  pnl=-32812.93
    eod      n=1     win=0.0%  pnl=-252.50

Per-trade CSVs: r4_trend_WLD_USDT_o0_*.csv
