[DB] Connecting to: postgres://PASTE_THE_FULL_URL_HERE
Fetching HYPE_USDT Min60 for 180 days...
Fetched 4320 candles
  Config: EMA 9/21  RSI 35/65  ADX t/r 25/29  SL/TP 1.5/2.5xATR  trail 1.2xATR  lev 3x  fees 0.020%  slip 0.030%  (live parity; ML gate neutral)
  !! F9 WARNING: adxRangeThreshold (29) >= adxTrendThreshold (25)
     -> "neutral" regime is IMPOSSIBLE; the live bot never stands aside.
     -> Re-run with --adx-range 20 to quantify what the neutral zone restores.

══════════════════════════════════════════════════════
  BASE+FIXED+TREND  [HYPE_USDT Min60 180d]
══════════════════════════════════════════════════════
  Trades:            258
  Win rate:          34.9%
  Avg win:           292.02 USDT
  Avg loss:          181.97 USDT
  Expectancy:        -16.63 USDT/trade
  Avg R:             -0.095R
  Profit factor:     0.86
  Total PnL:         -4289.46 USDT (-42.9%)
  Total fees:        685.22 USDT
  Sharpe (per-trade):-0.069
  Max drawdown (MTM):51.3%

  Per-strategy:
    trend    n=258   win=34.9%  pnl=-4289.46  avgR=-0.09
  Per-exit-reason:
    sl       n=168   win=0.0%  pnl=-30571.12
    tp       n=90    win=100.0%  pnl=26281.66

Per-trade CSVs: r4_trend_HYPE_USDT_o180_*.csv
