[DB] Connecting to: postgres://PASTE_THE_FULL_URL_HERE
Fetching DOGE_USDT Min60 for 180 days...
Fetched 4320 candles
  Config: EMA 9/21  RSI 35/65  ADX t/r 25/29  SL/TP 1.5/2.5xATR  trail 1.2xATR  lev 3x  fees 0.020%  slip 0.030%  (live parity; ML gate neutral)
  !! F9 WARNING: adxRangeThreshold (29) >= adxTrendThreshold (25)
     -> "neutral" regime is IMPOSSIBLE; the live bot never stands aside.
     -> Re-run with --adx-range 20 to quantify what the neutral zone restores.

══════════════════════════════════════════════════════
  BASE+FIXED+TREND  [DOGE_USDT Min60 180d]
══════════════════════════════════════════════════════
  Trades:            233
  Win rate:          43.8%
  Avg win:           303.20 USDT
  Avg loss:          195.22 USDT
  Expectancy:        22.97 USDT/trade
  Avg R:             0.133R
  Profit factor:     1.21
  Total PnL:         5351.89 USDT (53.5%)
  Total fees:        787.12 USDT
  Sharpe (per-trade):0.088
  Max drawdown (MTM):20.9%

  Per-strategy:
    trend    n=233   win=43.8%  pnl=5351.89  avgR=0.13
  Per-exit-reason:
    tp       n=101   win=100.0%  pnl=30881.41
    sl       n=131   win=0.0%  pnl=-25574.06
    eod      n=1     win=100.0%  pnl=44.54

Per-trade CSVs: r4_trend_DOGE_USDT_o360_*.csv
