[DB] Connecting to: postgres://PASTE_THE_FULL_URL_HERE
Fetching AVAX_USDT Min60 for 180 days...
Fetched 4320 candles
  Config: EMA 9/21  RSI 35/65  ADX t/r 25/29  SL/TP 1.5/2.5xATR  trail 1.2xATR  lev 3x  fees 0.020%  slip 0.030%  (live parity; ML gate neutral)
  !! F9 WARNING: adxRangeThreshold (29) >= adxTrendThreshold (25)
     -> "neutral" regime is IMPOSSIBLE; the live bot never stands aside.
     -> Re-run with --adx-range 20 to quantify what the neutral zone restores.

══════════════════════════════════════════════════════
  BASE+FIXED+TREND  [AVAX_USDT Min60 180d]
══════════════════════════════════════════════════════
  Trades:            265
  Win rate:          38.9%
  Avg win:           244.95 USDT
  Avg loss:          159.44 USDT
  Expectancy:        -2.26 USDT/trade
  Avg R:             0.007R
  Profit factor:     0.98
  Total PnL:         -599.85 USDT (-6.0%)
  Total fees:        750.65 USDT
  Sharpe (per-trade):-0.011
  Max drawdown (MTM):29.0%

  Per-strategy:
    trend    n=265   win=38.9%  pnl=-599.85  avgR=0.01
  Per-exit-reason:
    sl       n=162   win=0.0%  pnl=-25829.81
    tp       n=103   win=100.0%  pnl=25229.95

Per-trade CSVs: r4_trend_AVAX_USDT_o360_*.csv
