[DB] Connecting to: postgres://PASTE_THE_FULL_URL_HERE
Fetching TAO_USDT Min60 for 180 days...
Fetched 4320 candles
  Config: EMA 9/21  RSI 35/65  ADX t/r 25/29  SL/TP 1.5/2.5xATR  trail 1.2xATR  lev 3x  fees 0.020%  slip 0.030%  (live parity; ML gate neutral)
  !! F9 WARNING: adxRangeThreshold (29) >= adxTrendThreshold (25)
     -> "neutral" regime is IMPOSSIBLE; the live bot never stands aside.
     -> Re-run with --adx-range 20 to quantify what the neutral zone restores.

══════════════════════════════════════════════════════
  BASE+FIXED+TREND  [TAO_USDT Min60 180d]
══════════════════════════════════════════════════════
  Trades:            269
  Win rate:          34.6%
  Avg win:           235.47 USDT
  Avg loss:          143.48 USDT
  Expectancy:        -12.47 USDT/trade
  Avg R:             -0.114R
  Profit factor:     0.87
  Total PnL:         -3353.24 USDT (-33.5%)
  Total fees:        675.30 USDT
  Sharpe (per-trade):-0.063
  Max drawdown (MTM):38.8%

  Per-strategy:
    trend    n=269   win=34.6%  pnl=-3353.24  avgR=-0.11
  Per-exit-reason:
    sl       n=176   win=0.0%  pnl=-25252.42
    tp       n=92    win=100.0%  pnl=21863.97
    eod      n=1     win=100.0%  pnl=35.20

Per-trade CSVs: r4_trend_TAO_USDT_o0_*.csv
