[DB] Connecting to: postgres://PASTE_THE_FULL_URL_HERE
Fetching TAO_USDT Min60 for 180 days...
Fetched 4320 candles
  Config: EMA 9/21  RSI 35/65  ADX t/r 25/29  SL/TP 1.5/2.5xATR  trail 1.2xATR  lev 3x  fees 0.020%  slip 0.030%  (live parity; ML gate neutral)
  !! F9 WARNING: adxRangeThreshold (29) >= adxTrendThreshold (25)
     -> "neutral" regime is IMPOSSIBLE; the live bot never stands aside.
     -> Re-run with --adx-range 20 to quantify what the neutral zone restores.

══════════════════════════════════════════════════════
  BASE+FIXED+TREND  [TAO_USDT Min60 180d]
══════════════════════════════════════════════════════
  Trades:            257
  Win rate:          36.6%
  Avg win:           264.02 USDT
  Avg loss:          172.95 USDT
  Expectancy:        -13.12 USDT/trade
  Avg R:             -0.051R
  Profit factor:     0.88
  Total PnL:         -3372.49 USDT (-33.7%)
  Total fees:        682.03 USDT
  Sharpe (per-trade):-0.058
  Max drawdown (MTM):50.8%

  Per-strategy:
    trend    n=257   win=36.6%  pnl=-3372.49  avgR=-0.05
  Per-exit-reason:
    tp       n=94    win=100.0%  pnl=24817.73
    sl       n=163   win=0.0%  pnl=-28190.22

Per-trade CSVs: r4_trend_TAO_USDT_o180_*.csv
