[DB] Connecting to: postgres://PASTE_THE_FULL_URL_HERE
Fetching DOGE_USDT Min60 for 180 days...
Fetched 4320 candles
  Config: EMA 9/21  RSI 35/65  ADX t/r 25/29  SL/TP 1.5/2.5xATR  trail 1.2xATR  lev 3x  fees 0.020%  slip 0.030%  (live parity; ML gate neutral)
  !! F9 WARNING: adxRangeThreshold (29) >= adxTrendThreshold (25)
     -> "neutral" regime is IMPOSSIBLE; the live bot never stands aside.
     -> Re-run with --adx-range 20 to quantify what the neutral zone restores.

══════════════════════════════════════════════════════
  BASE+FIXED+TREND  [DOGE_USDT Min60 180d]
══════════════════════════════════════════════════════
  Trades:            257
  Win rate:          32.7%
  Avg win:           159.88 USDT
  Avg loss:          91.10 USDT
  Expectancy:        -9.06 USDT/trade
  Avg R:             -0.178R
  Profit factor:     0.85
  Total PnL:         -2329.49 USDT (-23.3%)
  Total fees:        678.99 USDT
  Sharpe (per-trade):-0.072
  Max drawdown (MTM):26.0%

  Per-strategy:
    trend    n=257   win=32.7%  pnl=-2329.49  avgR=-0.18
  Per-exit-reason:
    sl       n=172   win=0.0%  pnl=-15701.74
    tp       n=84    win=100.0%  pnl=13430.29
    eod      n=1     win=0.0%  pnl=-58.04

Per-trade CSVs: r4_trend_DOGE_USDT_o0_*.csv
