[DB] Connecting to: postgres://PASTE_THE_FULL_URL_HERE
Fetching SUI_USDT Min60 for 180 days...
Fetched 4320 candles
  Config: EMA 9/21  RSI 35/65  ADX t/r 25/29  SL/TP 1.5/2.5xATR  trail 1.2xATR  lev 3x  fees 0.020%  slip 0.030%  (live parity; ML gate neutral)
  !! F9 WARNING: adxRangeThreshold (29) >= adxTrendThreshold (25)
     -> "neutral" regime is IMPOSSIBLE; the live bot never stands aside.
     -> Re-run with --adx-range 20 to quantify what the neutral zone restores.

══════════════════════════════════════════════════════
  BASE+FIXED+TREND  [SUI_USDT Min60 180d]
══════════════════════════════════════════════════════
  Trades:            263
  Win rate:          35.0%
  Avg win:           209.28 USDT
  Avg loss:          124.16 USDT
  Expectancy:        -7.52 USDT/trade
  Avg R:             -0.105R
  Profit factor:     0.91
  Total PnL:         -1977.90 USDT (-19.8%)
  Total fees:        734.36 USDT
  Sharpe (per-trade):-0.044
  Max drawdown (MTM):36.8%

  Per-strategy:
    trend    n=263   win=35.0%  pnl=-1977.90  avgR=-0.11
  Per-exit-reason:
    tp       n=92    win=100.0%  pnl=19253.55
    sl       n=170   win=0.0%  pnl=-21118.53
    eod      n=1     win=0.0%  pnl=-112.93

Per-trade CSVs: r4_trend_SUI_USDT_o0_*.csv
