[DB] Connecting to: postgres://PASTE_THE_FULL_URL_HERE
Fetching NEAR_USDT Min60 for 180 days...
Fetched 4320 candles
  Config: EMA 9/21  RSI 35/65  ADX t/r 25/29  SL/TP 1.5/2.5xATR  trail 1.2xATR  lev 3x  fees 0.020%  slip 0.030%  (live parity; ML gate neutral)
  !! F9 WARNING: adxRangeThreshold (29) >= adxTrendThreshold (25)
     -> "neutral" regime is IMPOSSIBLE; the live bot never stands aside.
     -> Re-run with --adx-range 20 to quantify what the neutral zone restores.

══════════════════════════════════════════════════════
  BASE+FIXED+TREND  [NEAR_USDT Min60 180d]
══════════════════════════════════════════════════════
  Trades:            256
  Win rate:          40.6%
  Avg win:           250.42 USDT
  Avg loss:          170.25 USDT
  Expectancy:        0.65 USDT/trade
  Avg R:             0.051R
  Profit factor:     1.01
  Total PnL:         165.21 USDT (1.7%)
  Total fees:        714.07 USDT
  Sharpe (per-trade):0.003
  Max drawdown (MTM):30.4%

  Per-strategy:
    trend    n=256   win=40.6%  pnl=165.21  avgR=0.05
  Per-exit-reason:
    tp       n=103   win=100.0%  pnl=26024.44
    sl       n=152   win=0.0%  pnl=-25878.72
    eod      n=1     win=100.0%  pnl=19.49

Per-trade CSVs: r4_trend_NEAR_USDT_o360_*.csv
